Archive member included to satisfy reference by file (symbol)

c:/ac6/systemworkbench/plugins/fr.ac6.mcu.externaltools.arm-none.win32_1.17.0.201812190825/tools/compiler/bin/../lib/gcc/arm-none-eabi/7.3.1/thumb/v7e-m/fpv4-sp/hard\libgcc.a(_arm_addsubdf3.o)
                              src/tm_stm32f4_fatfs.o (__aeabi_ui2d)
c:/ac6/systemworkbench/plugins/fr.ac6.mcu.externaltools.arm-none.win32_1.17.0.201812190825/tools/compiler/bin/../lib/gcc/arm-none-eabi/7.3.1/thumb/v7e-m/fpv4-sp/hard\libgcc.a(_arm_muldivdf3.o)
                              src/tm_stm32f4_fatfs.o (__aeabi_dmul)
c:/ac6/systemworkbench/plugins/fr.ac6.mcu.externaltools.arm-none.win32_1.17.0.201812190825/tools/compiler/bin/../lib/gcc/arm-none-eabi/7.3.1/thumb/v7e-m/fpv4-sp/hard\libgcc.a(_arm_fixunsdfsi.o)
                              src/tm_stm32f4_fatfs.o (__aeabi_d2uiz)
c:/ac6/systemworkbench/plugins/fr.ac6.mcu.externaltools.arm-none.win32_1.17.0.201812190825/tools/compiler/bin/../lib/gcc/arm-none-eabi/7.3.1/../../../../arm-none-eabi/lib/thumb/v7e-m/fpv4-sp/hard\libc.a(lib_a-errno.o)
                              src/syscalls.o (__errno)
c:/ac6/systemworkbench/plugins/fr.ac6.mcu.externaltools.arm-none.win32_1.17.0.201812190825/tools/compiler/bin/../lib/gcc/arm-none-eabi/7.3.1/../../../../arm-none-eabi/lib/thumb/v7e-m/fpv4-sp/hard\libc.a(lib_a-exit.o)
                              c:/ac6/systemworkbench/plugins/fr.ac6.mcu.externaltools.arm-none.win32_1.17.0.201812190825/tools/compiler/bin/../lib/gcc/arm-none-eabi/7.3.1/../../../../arm-none-eabi/lib/thumb/v7e-m/fpv4-sp/hard/crt0.o (exit)
c:/ac6/systemworkbench/plugins/fr.ac6.mcu.externaltools.arm-none.win32_1.17.0.201812190825/tools/compiler/bin/../lib/gcc/arm-none-eabi/7.3.1/../../../../arm-none-eabi/lib/thumb/v7e-m/fpv4-sp/hard\libc.a(lib_a-impure.o)
                              c:/ac6/systemworkbench/plugins/fr.ac6.mcu.externaltools.arm-none.win32_1.17.0.201812190825/tools/compiler/bin/../lib/gcc/arm-none-eabi/7.3.1/../../../../arm-none-eabi/lib/thumb/v7e-m/fpv4-sp/hard\libc.a(lib_a-exit.o) (_global_impure_ptr)
c:/ac6/systemworkbench/plugins/fr.ac6.mcu.externaltools.arm-none.win32_1.17.0.201812190825/tools/compiler/bin/../lib/gcc/arm-none-eabi/7.3.1/../../../../arm-none-eabi/lib/thumb/v7e-m/fpv4-sp/hard\libc.a(lib_a-init.o)
                              c:/ac6/systemworkbench/plugins/fr.ac6.mcu.externaltools.arm-none.win32_1.17.0.201812190825/tools/compiler/bin/../lib/gcc/arm-none-eabi/7.3.1/../../../../arm-none-eabi/lib/thumb/v7e-m/fpv4-sp/hard/crt0.o (__libc_init_array)
c:/ac6/systemworkbench/plugins/fr.ac6.mcu.externaltools.arm-none.win32_1.17.0.201812190825/tools/compiler/bin/../lib/gcc/arm-none-eabi/7.3.1/../../../../arm-none-eabi/lib/thumb/v7e-m/fpv4-sp/hard\libc.a(lib_a-malloc.o)
                              src/tm_stm32f4_fatfs.o (malloc)
c:/ac6/systemworkbench/plugins/fr.ac6.mcu.externaltools.arm-none.win32_1.17.0.201812190825/tools/compiler/bin/../lib/gcc/arm-none-eabi/7.3.1/../../../../arm-none-eabi/lib/thumb/v7e-m/fpv4-sp/hard\libc.a(lib_a-mallocr.o)
                              c:/ac6/systemworkbench/plugins/fr.ac6.mcu.externaltools.arm-none.win32_1.17.0.201812190825/tools/compiler/bin/../lib/gcc/arm-none-eabi/7.3.1/../../../../arm-none-eabi/lib/thumb/v7e-m/fpv4-sp/hard\libc.a(lib_a-malloc.o) (_malloc_r)
c:/ac6/systemworkbench/plugins/fr.ac6.mcu.externaltools.arm-none.win32_1.17.0.201812190825/tools/compiler/bin/../lib/gcc/arm-none-eabi/7.3.1/../../../../arm-none-eabi/lib/thumb/v7e-m/fpv4-sp/hard\libc.a(lib_a-memcpy.o)
                              src/fatfs_sd_sdio.o (memcpy)
c:/ac6/systemworkbench/plugins/fr.ac6.mcu.externaltools.arm-none.win32_1.17.0.201812190825/tools/compiler/bin/../lib/gcc/arm-none-eabi/7.3.1/../../../../arm-none-eabi/lib/thumb/v7e-m/fpv4-sp/hard\libc.a(lib_a-memset.o)
                              c:/ac6/systemworkbench/plugins/fr.ac6.mcu.externaltools.arm-none.win32_1.17.0.201812190825/tools/compiler/bin/../lib/gcc/arm-none-eabi/7.3.1/../../../../arm-none-eabi/lib/thumb/v7e-m/fpv4-sp/hard/crt0.o (memset)
c:/ac6/systemworkbench/plugins/fr.ac6.mcu.externaltools.arm-none.win32_1.17.0.201812190825/tools/compiler/bin/../lib/gcc/arm-none-eabi/7.3.1/../../../../arm-none-eabi/lib/thumb/v7e-m/fpv4-sp/hard\libc.a(lib_a-mlock.o)
                              c:/ac6/systemworkbench/plugins/fr.ac6.mcu.externaltools.arm-none.win32_1.17.0.201812190825/tools/compiler/bin/../lib/gcc/arm-none-eabi/7.3.1/../../../../arm-none-eabi/lib/thumb/v7e-m/fpv4-sp/hard\libc.a(lib_a-mallocr.o) (__malloc_lock)
c:/ac6/systemworkbench/plugins/fr.ac6.mcu.externaltools.arm-none.win32_1.17.0.201812190825/tools/compiler/bin/../lib/gcc/arm-none-eabi/7.3.1/../../../../arm-none-eabi/lib/thumb/v7e-m/fpv4-sp/hard\libc.a(lib_a-sbrkr.o)
                              c:/ac6/systemworkbench/plugins/fr.ac6.mcu.externaltools.arm-none.win32_1.17.0.201812190825/tools/compiler/bin/../lib/gcc/arm-none-eabi/7.3.1/../../../../arm-none-eabi/lib/thumb/v7e-m/fpv4-sp/hard\libc.a(lib_a-mallocr.o) (_sbrk_r)
[...]
Memory Configuration

Name             Origin             Length             Attributes
RAM              0x20000000         0x00020000         xrw
ROM              0x08000000         0x00100000         xr
*default*        0x00000000         0xffffffff

Linker script and memory map

LOAD c:/ac6/systemworkbench/plugins/fr.ac6.mcu.externaltools.arm-none.win32_1.17.0.201812190825/tools/compiler/bin/../lib/gcc/arm-none-eabi/7.3.1/thumb/v7e-m/fpv4-sp/hard/crti.o
LOAD c:/ac6/systemworkbench/plugins/fr.ac6.mcu.externaltools.arm-none.win32_1.17.0.201812190825/tools/compiler/bin/../lib/gcc/arm-none-eabi/7.3.1/thumb/v7e-m/fpv4-sp/hard/crtbegin.o
LOAD c:/ac6/systemworkbench/plugins/fr.ac6.mcu.externaltools.arm-none.win32_1.17.0.201812190825/tools/compiler/bin/../lib/gcc/arm-none-eabi/7.3.1/../../../../arm-none-eabi/lib/thumb/v7e-m/fpv4-sp/hard/crt0.o
LOAD StdPeriph_Driver/src/misc.o
LOAD StdPeriph_Driver/src/stm32f4xx_adc.o
LOAD StdPeriph_Driver/src/stm32f4xx_can.o
LOAD StdPeriph_Driver/src/stm32f4xx_cec.o
LOAD StdPeriph_Driver/src/stm32f4xx_crc.o
LOAD StdPeriph_Driver/src/stm32f4xx_cryp.o
LOAD StdPeriph_Driver/src/stm32f4xx_cryp_aes.o
LOAD StdPeriph_Driver/src/stm32f4xx_cryp_des.o
LOAD StdPeriph_Driver/src/stm32f4xx_cryp_tdes.o
LOAD StdPeriph_Driver/src/stm32f4xx_dac.o
LOAD StdPeriph_Driver/src/stm32f4xx_dbgmcu.o
LOAD StdPeriph_Driver/src/stm32f4xx_dcmi.o
LOAD StdPeriph_Driver/src/stm32f4xx_dfsdm.o
LOAD StdPeriph_Driver/src/stm32f4xx_dma.o
LOAD StdPeriph_Driver/src/stm32f4xx_dma2d.o
LOAD StdPeriph_Driver/src/stm32f4xx_dsi.o
LOAD StdPeriph_Driver/src/stm32f4xx_exti.o
LOAD StdPeriph_Driver/src/stm32f4xx_flash.o
LOAD StdPeriph_Driver/src/stm32f4xx_flash_ramfunc.o
LOAD StdPeriph_Driver/src/stm32f4xx_fmc.o
LOAD StdPeriph_Driver/src/stm32f4xx_fmip2c.o
LOAD StdPeriph_Driver/src/stm32f4xx_fsmc.o
LOAD StdPeriph_Driver/src/stm32f4xx_gpio.o
LOAD StdPeriph_Driver/src/stm32f4xx_hash.o
LOAD StdPeriph_Driver/src/stm32f4xx_hash_md5.o
LOAD StdPeriph_Driver/src/stm32f4xx_hash_sha1.o
LOAD StdPeriph_Driver/src/stm32f4xx_i2c.o
LOAD StdPeriph_Driver/src/stm32f4xx_iwdg.o
LOAD StdPeriph_Driver/src/stm32f4xx_lptim.o
LOAD StdPeriph_Driver/src/stm32f4xx_ltdc.o
LOAD StdPeriph_Driver/src/stm32f4xx_pwr.o
LOAD StdPeriph_Driver/src/stm32f4xx_qspi.o
LOAD StdPeriph_Driver/src/stm32f4xx_rcc.o
LOAD StdPeriph_Driver/src/stm32f4xx_rng.o
LOAD StdPeriph_Driver/src/stm32f4xx_rtc.o
LOAD StdPeriph_Driver/src/stm32f4xx_sai.o
LOAD StdPeriph_Driver/src/stm32f4xx_sdio.o
LOAD StdPeriph_Driver/src/stm32f4xx_spdifrx.o
LOAD StdPeriph_Driver/src/stm32f4xx_spi.o
LOAD StdPeriph_Driver/src/stm32f4xx_syscfg.o
LOAD StdPeriph_Driver/src/stm32f4xx_tim.o
LOAD StdPeriph_Driver/src/stm32f4xx_usart.o
LOAD StdPeriph_Driver/src/stm32f4xx_wwdg.o
LOAD src/diskio.o
LOAD src/fatfs.o
LOAD src/fatfs_sd_sdio.o
LOAD src/ff.o
LOAD src/ff_gen_drv.o
LOAD src/main.o
LOAD src/sd_diskio.o
LOAD src/syscall.o
LOAD src/syscalls.o
LOAD src/system_stm32f4xx.o
LOAD src/tm_stm32f4_fatfs.o
LOAD src/tm_stm32f4_gpio.o
LOAD src/unicode.o
LOAD startup/startup_stm32.o
LOAD c:/ac6/systemworkbench/plugins/fr.ac6.mcu.externaltools.arm-none.win32_1.17.0.201812190825/tools/compiler/bin/../lib/gcc/arm-none-eabi/7.3.1/../../../../arm-none-eabi/lib/thumb/v7e-m/fpv4-sp/hard\libm.a
START GROUP
LOAD c:/ac6/systemworkbench/plugins/fr.ac6.mcu.externaltools.arm-none.win32_1.17.0.201812190825/tools/compiler/bin/../lib/gcc/arm-none-eabi/7.3.1/thumb/v7e-m/fpv4-sp/hard\libgcc.a
LOAD c:/ac6/systemworkbench/plugins/fr.ac6.mcu.externaltools.arm-none.win32_1.17.0.201812190825/tools/compiler/bin/../lib/gcc/arm-none-eabi/7.3.1/../../../../arm-none-eabi/lib/thumb/v7e-m/fpv4-sp/hard\libc.a
END GROUP
LOAD c:/ac6/systemworkbench/plugins/fr.ac6.mcu.externaltools.arm-none.win32_1.17.0.201812190825/tools/compiler/bin/../lib/gcc/arm-none-eabi/7.3.1/thumb/v7e-m/fpv4-sp/hard/crtend.o
LOAD c:/ac6/systemworkbench/plugins/fr.ac6.mcu.externaltools.arm-none.win32_1.17.0.201812190825/tools/compiler/bin/../lib/gcc/arm-none-eabi/7.3.1/thumb/v7e-m/fpv4-sp/hard/crtn.o
                0x20020000                _estack = 0x20020000
                0x00000000                _Min_Heap_Size = 0x0
                0x00000400                _Min_Stack_Size = 0x400

.isr_vector     0x08000000      0x1a8
                0x08000000                . = ALIGN (0x4)
 *(.isr_vector)
 .isr_vector    0x08000000      0x1a8 startup/startup_stm32.o
                0x08000000                g_pfnVectors
                0x080001a8                . = ALIGN (0x4)

.text           0x080001c0     0xa788
                0x080001c0                . = ALIGN (0x4)
 *(.text)
 .text          0x080001c0       0x40 c:/ac6/systemworkbench/plugins/fr.ac6.mcu.externaltools.arm-none.win32_1.17.0.201812190825/tools/compiler/bin/../lib/gcc/arm-none-eabi/7.3.1/thumb/v7e-m/fpv4-sp/hard/crtbegin.o
 .text          0x08000200      0x378 c:/ac6/systemworkbench/plugins/fr.ac6.mcu.externaltools.arm-none.win32_1.17.0.201812190825/tools/compiler/bin/../lib/gcc/arm-none-eabi/7.3.1/thumb/v7e-m/fpv4-sp/hard\libgcc.a(_arm_addsubdf3.o)
                0x08000200                __aeabi_drsub
                0x08000208                __aeabi_dsub
                0x08000208                __subdf3
                0x0800020c                __aeabi_dadd
                0x0800020c                __adddf3
                0x08000484                __floatunsidf
                0x08000484                __aeabi_ui2d
                0x080004a4                __floatsidf
                0x080004a4                __aeabi_i2d
                0x080004c8                __aeabi_f2d
                0x080004c8                __extendsfdf2
                0x0800050c                __floatundidf
                0x0800050c                __aeabi_ul2d
                0x0800051c                __floatdidf
                0x0800051c                __aeabi_l2d
 .text          0x08000578      0x424 c:/ac6/systemworkbench/plugins/fr.ac6.mcu.externaltools.arm-none.win32_1.17.0.201812190825/tools/compiler/bin/../lib/gcc/arm-none-eabi/7.3.1/thumb/v7e-m/fpv4-sp/hard\libgcc.a(_arm_muldivdf3.o)
                0x08000578                __aeabi_dmul
                0x08000578                __muldf3
                0x080007cc                __divdf3
                0x080007cc                __aeabi_ddiv
 .text          0x0800099c      0x134 c:/ac6/systemworkbench/plugins/fr.ac6.mcu.externaltools.arm-none.win32_1.17.0.201812190825/tools/compiler/bin/../lib/gcc/arm-none-eabi/7.3.1/../../../../arm-none-eabi/lib/thumb/v7e-m/fpv4-sp/hard\libc.a(lib_a-memcpy.o)
                0x0800099c                memcpy
 *fill*         0x08000ad0       0x30 
 .text          0x08000b00       0xdc c:/ac6/systemworkbench/plugins/fr.ac6.mcu.externaltools.arm-none.win32_1.17.0.201812190825/tools/compiler/bin/../lib/gcc/arm-none-eabi/7.3.1/../../../../arm-none-eabi/lib/thumb/v7e-m/fpv4-sp/hard\libc.a(lib_a-strlen.o)
                0x08000b00                strlen
 *fill*         0x08000bdc        0x4 
 .text          0x08000be0       0xa0 c:/ac6/systemworkbench/plugins/fr.ac6.mcu.externaltools.arm-none.win32_1.17.0.201812190825/tools/compiler/bin/../lib/gcc/arm-none-eabi/7.3.1/../../../../arm-none-eabi/lib/thumb/v7e-m/fpv4-sp/hard\libc.a(lib_a-memchr.o)
                0x08000be0                memchr
 .text          0x08000c80      0x110 c:/ac6/systemworkbench/plugins/fr.ac6.mcu.externaltools.arm-none.win32_1.17.0.201812190825/tools/compiler/bin/../lib/gcc/arm-none-eabi/7.3.1/thumb/v7e-m/fpv4-sp/hard\libgcc.a(_arm_cmpdf2.o)
                0x08000c80                __gtdf2
                0x08000c80                __gedf2
                0x08000c88                __ltdf2
                0x08000c88                __ledf2
                0x08000c90                __nedf2
                0x08000c90                __eqdf2
                0x08000c90                __cmpdf2
                0x08000d0c                __aeabi_cdrcmple
                0x08000d1c                __aeabi_cdcmpeq
                0x08000d1c                __aeabi_cdcmple
                0x08000d2c                __aeabi_dcmpeq
                0x08000d40                __aeabi_dcmplt
                0x08000d54                __aeabi_dcmple
                0x08000d68                __aeabi_dcmpge
                0x08000d7c                __aeabi_dcmpgt
 .text          0x08000d90       0x2c c:/ac6/systemworkbench/plugins/fr.ac6.mcu.externaltools.arm-none.win32_1.17.0.201812190825/tools/compiler/bin/../lib/gcc/arm-none-eabi/7.3.1/thumb/v7e-m/fpv4-sp/hard\libgcc.a(_arm_unorddf2.o)
                0x08000d90                __unorddf2
                0x08000d90                __aeabi_dcmpun
 .text          0x08000dbc       0x50 c:/ac6/systemworkbench/plugins/fr.ac6.mcu.externaltools.arm-none.win32_1.17.0.201812190825/tools/compiler/bin/../lib/gcc/arm-none-eabi/7.3.1/thumb/v7e-m/fpv4-sp/hard\libgcc.a(_arm_fixdfsi.o)
                0x08000dbc                __aeabi_d2iz
                0x08000dbc                __fixdfsi
 .text          0x08000e0c       0x30 c:/ac6/systemworkbench/plugins/fr.ac6.mcu.externaltools.arm-none.win32_1.17.0.201812190825/tools/compiler/bin/../lib/gcc/arm-none-eabi/7.3.1/thumb/v7e-m/fpv4-sp/hard\libgcc.a(_aeabi_uldivmod.o)
                0x08000e0c                __aeabi_uldivmod
 .text          0x08000e3c      0x2cc c:/ac6/systemworkbench/plugins/fr.ac6.mcu.externaltools.arm-none.win32_1.17.0.201812190825/tools/compiler/bin/../lib/gcc/arm-none-eabi/7.3.1/thumb/v7e-m/fpv4-sp/hard\libgcc.a(_udivmoddi4.o)
                0x08000e3c                __udivmoddi4
 .text          0x08001108        0x4 c:/ac6/systemworkbench/plugins/fr.ac6.mcu.externaltools.arm-none.win32_1.17.0.201812190825/tools/compiler/bin/../lib/gcc/arm-none-eabi/7.3.1/thumb/v7e-m/fpv4-sp/hard\libgcc.a(_dvmd_tls.o)
                0x08001108                __aeabi_idiv0
                0x08001108                __aeabi_ldiv0
 *(.text*)
 .text.DMA_ClearFlag
                0x0800110c       0x5c StdPeriph_Driver/src/stm32f4xx_dma.o
                0x0800110c                DMA_ClearFlag
 .text.GPIO_Init
                0x08001168      0x11c StdPeriph_Driver/src/stm32f4xx_gpio.o
                0x08001168                GPIO_Init
 .text.GPIO_SetBits
                0x08001284       0x1e StdPeriph_Driver/src/stm32f4xx_gpio.o
                0x08001284                GPIO_SetBits
 .text.GPIO_ResetBits
                0x080012a2       0x1e StdPeriph_Driver/src/stm32f4xx_gpio.o
                0x080012a2                GPIO_ResetBits
 .text.RCC_AHB1PeriphClockCmd
                0x080012c0       0x40 StdPeriph_Driver/src/stm32f4xx_rcc.o
                0x080012c0                RCC_AHB1PeriphClockCmd
 .text.RCC_APB1PeriphClockCmd
                0x08001300       0x40 StdPeriph_Driver/src/stm32f4xx_rcc.o
                0x08001300                RCC_APB1PeriphClockCmd
 .text.RCC_APB2PeriphResetCmd
                0x08001340       0x40 StdPeriph_Driver/src/stm32f4xx_rcc.o
                0x08001340                RCC_APB2PeriphResetCmd
 .text.SDIO_DeInit
                0x08001380       0x1c StdPeriph_Driver/src/stm32f4xx_sdio.o
                0x08001380                SDIO_DeInit
 .text.SDIO_Init
                0x0800139c       0x60 StdPeriph_Driver/src/stm32f4xx_sdio.o
                0x0800139c                SDIO_Init
 .text.SDIO_ClockCmd
                0x080013fc       0x20 StdPeriph_Driver/src/stm32f4xx_sdio.o
                0x080013fc                SDIO_ClockCmd
 .text.SDIO_SetPowerState
                0x0800141c       0x20 StdPeriph_Driver/src/stm32f4xx_sdio.o
                0x0800141c                SDIO_SetPowerState
 .text.SDIO_GetPowerState
                0x0800143c       0x1c StdPeriph_Driver/src/stm32f4xx_sdio.o
                0x0800143c                SDIO_GetPowerState
 .text.SDIO_SendCommand
                0x08001458       0x58 StdPeriph_Driver/src/stm32f4xx_sdio.o
                0x08001458                SDIO_SendCommand
 .text.SDIO_GetCommandResponse
                0x080014b0       0x18 StdPeriph_Driver/src/stm32f4xx_sdio.o
                0x080014b0                SDIO_GetCommandResponse
 .text.SDIO_GetResponse
                0x080014c8       0x28 StdPeriph_Driver/src/stm32f4xx_sdio.o
                0x080014c8                SDIO_GetResponse
 .text.SDIO_DataConfig
                0x080014f0       0x5c StdPeriph_Driver/src/stm32f4xx_sdio.o
                0x080014f0                SDIO_DataConfig
 .text.SDIO_ReadData
                0x0800154c       0x18 StdPeriph_Driver/src/stm32f4xx_sdio.o
                0x0800154c                SDIO_ReadData
 .text.SDIO_GetFlagStatus
                0x08001564       0x34 StdPeriph_Driver/src/stm32f4xx_sdio.o
                0x08001564                SDIO_GetFlagStatus
 .text.SDIO_GetITStatus
                0x08001598       0x34 StdPeriph_Driver/src/stm32f4xx_sdio.o
                0x08001598                SDIO_GetITStatus
 .text.SDIO_ClearITPendingBit
                0x080015cc       0x20 StdPeriph_Driver/src/stm32f4xx_sdio.o
                0x080015cc                SDIO_ClearITPendingBit
 .text.TIM_TimeBaseInit
                0x080015ec       0xd8 StdPeriph_Driver/src/stm32f4xx_tim.o
                0x080015ec                TIM_TimeBaseInit
 .text.TIM_TimeBaseStructInit
                0x080016c4       0x34 StdPeriph_Driver/src/stm32f4xx_tim.o
                0x080016c4                TIM_TimeBaseStructInit
 .text.TIM_SetCounter
                0x080016f8       0x1c StdPeriph_Driver/src/stm32f4xx_tim.o
                0x080016f8                TIM_SetCounter
 .text.TIM_GetCounter
                0x08001714       0x18 StdPeriph_Driver/src/stm32f4xx_tim.o
                0x08001714                TIM_GetCounter
 .text.TIM_Cmd  0x0800172c       0x40 StdPeriph_Driver/src/stm32f4xx_tim.o
                0x0800172c                TIM_Cmd
 .text.disk_status
                0x0800176c       0x34 src/diskio.o
                0x0800176c                disk_status
 .text.disk_initialize
                0x080017a0       0x4c src/diskio.o
                0x080017a0                disk_initialize
 .text.disk_read
                0x080017ec       0x40 src/diskio.o
                0x080017ec                disk_read
 .text.disk_write
                0x0800182c       0x40 src/diskio.o
                0x0800182c                disk_write
 .text.disk_ioctl
                0x0800186c       0x3c src/diskio.o
                0x0800186c                disk_ioctl
 .text.get_fattime
                0x080018a8       0x10 src/diskio.o
                0x080018a8                get_fattime
 .text.MX_FATFS_Init
                0x080018b8       0x24 src/fatfs.o
                0x080018b8                MX_FATFS_Init
 .text.SD_ReadBlock_Polling
                0x080018dc      0x284 src/fatfs_sd_sdio.o
                0x080018dc                SD_ReadBlock_Polling
 .text.SD_SDIO_ReadBlocks
                0x08001b60       0x32 src/fatfs_sd_sdio.o
                0x08001b60                SD_SDIO_ReadBlocks
 *fill*         0x08001b92        0x2 
 .text.SD_WriteBlock_Polling
                0x08001b94      0x3a8 src/fatfs_sd_sdio.o
                0x08001b94                SD_WriteBlock_Polling
 .text.SD_SDIO_WriteBlocks
                0x08001f3c       0x32 src/fatfs_sd_sdio.o
                0x08001f3c                SD_SDIO_WriteBlocks
 .text.SDIO_IRQHandler
                0x08001f6e        0xc src/fatfs_sd_sdio.o
                0x08001f6e                SDIO_IRQHandler
 .text.DMA2_Stream3_IRQHandler
                0x08001f7a        0xc src/fatfs_sd_sdio.o
                0x08001f7a                DMA2_Stream3_IRQHandler
 *fill*         0x08001f86        0x2 
 .text.SD_Init  0x08001f88       0x98 src/fatfs_sd_sdio.o
                0x08001f88                SD_Init
 .text.SD_GetStatus
                0x08002020       0x30 src/fatfs_sd_sdio.o
                0x08002020                SD_GetStatus
 .text.SD_GetState
                0x08002050       0x3e src/fatfs_sd_sdio.o
                0x08002050                SD_GetState
 .text.SD_Detect
                0x0800208e       0x24 src/fatfs_sd_sdio.o
                0x0800208e                SD_Detect
 *fill*         0x080020b2        0x2 
 .text.SD_PowerON
                0x080020b4      0x234 src/fatfs_sd_sdio.o
                0x080020b4                SD_PowerON
 .text.SD_InitializeCards
                0x080022e8      0x188 src/fatfs_sd_sdio.o
                0x080022e8                SD_InitializeCards
 .text.SD_GetCardInfo
                0x08002470      0x588 src/fatfs_sd_sdio.o
                0x08002470                SD_GetCardInfo
 .text.SD_EnableWideBusOperation
                0x080029f8       0xd8 src/fatfs_sd_sdio.o
                0x080029f8                SD_EnableWideBusOperation
 .text.SD_SelectDeselect
                0x08002ad0       0x4c src/fatfs_sd_sdio.o
                0x08002ad0                SD_SelectDeselect
 .text.SD_StopTransfer
                0x08002b1c       0x48 src/fatfs_sd_sdio.o
                0x08002b1c                SD_StopTransfer
 .text.SD_SendStatus
                0x08002b64       0x78 src/fatfs_sd_sdio.o
                0x08002b64                SD_SendStatus
 .text.SD_ProcessIRQSrc
                0x08002bdc       0xd4 src/fatfs_sd_sdio.o
                0x08002bdc                SD_ProcessIRQSrc
 .text.SD_ProcessDMAIRQ
                0x08002cb0       0x30 src/fatfs_sd_sdio.o
                0x08002cb0                SD_ProcessDMAIRQ
 .text.CmdError
                0x08002ce0       0x50 src/fatfs_sd_sdio.o
 .text.CmdResp7Error
                0x08002d30       0x7c src/fatfs_sd_sdio.o
 .text.CmdResp1Error
                0x08002dac      0x1a4 src/fatfs_sd_sdio.o
 .text.CmdResp3Error
                0x08002f50       0x54 src/fatfs_sd_sdio.o
 .text.CmdResp2Error
                0x08002fa4       0x6c src/fatfs_sd_sdio.o
 .text.CmdResp6Error
                0x08003010       0xd0 src/fatfs_sd_sdio.o
 .text.SDEnWideBus
                0x080030e0      0x180 src/fatfs_sd_sdio.o
 .text.IsCardProgramming
                0x08003260      0x1ec src/fatfs_sd_sdio.o
 .text.FindSCR  0x0800344c      0x204 src/fatfs_sd_sdio.o
 .text.SD_LowLevel_Init
                0x08003650       0x50 src/fatfs_sd_sdio.o
                0x08003650                SD_LowLevel_Init
 .text.mem_cpy  0x080036a0       0x3c src/ff.o
 .text.mem_set  0x080036dc       0x34 src/ff.o
 .text.mem_cmp  0x08003710       0x4e src/ff.o
 .text.chk_chr  0x0800375e       0x36 src/ff.o
 .text.chk_lock
                0x08003794       0xd4 src/ff.o
 .text.enq_lock
                0x08003868       0x48 src/ff.o
 .text.inc_lock
                0x080038b0      0x164 src/ff.o
 .text.dec_lock
                0x08003a14       0x88 src/ff.o
 .text.clear_lock
                0x08003a9c       0x54 src/ff.o
 .text.sync_window
                0x08003af0       0x88 src/ff.o
 .text.move_window
                0x08003b78       0x5a src/ff.o
 .text.sync_fs  0x08003bd2      0x144 src/ff.o
 .text.clust2sect
                0x08003d16       0x3e src/ff.o
                0x08003d16                clust2sect
 .text.get_fat  0x08003d54      0x16e src/ff.o
                0x08003d54                get_fat
 .text.put_fat  0x08003ec2      0x20a src/ff.o
                0x08003ec2                put_fat
 .text.remove_chain
                0x080040cc       0xa6 src/ff.o
 .text.create_chain
                0x08004172      0x126 src/ff.o
 .text.dir_sdi  0x08004298       0xfe src/ff.o
 .text.dir_next
                0x08004396      0x1a6 src/ff.o
 .text.dir_alloc
                0x0800453c       0x8c src/ff.o
 .text.ld_clust
                0x080045c8       0x5a src/ff.o
 .text.st_clust
                0x08004622       0x4e src/ff.o
 .text.dir_find
                0x08004670       0x96 src/ff.o
 .text.dir_register
                0x08004706       0x64 src/ff.o
 .text.get_fileinfo
                0x0800476a       0xde src/ff.o
 .text.create_name
                0x08004848      0x180 src/ff.o
 .text.follow_path
                0x080049c8       0xd0 src/ff.o
 .text.get_ldnumber
                0x08004a98       0x88 src/ff.o
 .text.check_fs
                0x08004b20       0xd0 src/ff.o
 .text.find_volume
                0x08004bf0      0x568 src/ff.o
 .text.validate
                0x08005158       0x5a src/ff.o
 *fill*         0x080051b2        0x2 
 .text.f_mount  0x080051b4       0x8c src/ff.o
                0x080051b4                f_mount
 .text.f_open   0x08005240      0x2e6 src/ff.o
                0x08005240                f_open
 .text.f_write  0x08005526      0x2d6 src/ff.o
                0x08005526                f_write
 .text.f_sync   0x080057fc      0x150 src/ff.o
                0x080057fc                f_sync
 .text.f_close  0x0800594c       0x4c src/ff.o
                0x0800594c                f_close
 .text.f_stat   0x08005998       0x74 src/ff.o
                0x08005998                f_stat
 .text.FATFS_LinkDriverEx
                0x08005a0c       0x98 src/ff_gen_drv.o
                0x08005a0c                FATFS_LinkDriverEx
 .text.FATFS_LinkDriver
                0x08005aa4       0x1e src/ff_gen_drv.o
                0x08005aa4                FATFS_LinkDriver
 *fill*         0x08005ac2        0x2 
 .text.ms_debugging
                0x08005ac4       0x34 src/main.o
                0x08005ac4                ms_debugging
 .text.main     0x08005af8       0x1a src/main.o
                0x08005af8                main
 *fill*         0x08005b12        0x2 
 .text.mass_storage_init
                0x08005b14       0x68 src/main.o
                0x08005b14                mass_storage_init
 .text.scheduling_service_init
                0x08005b7c       0xd0 src/main.o
                0x08005b7c                scheduling_service_init
 .text.scheduling_service_save_schedules
                0x08005c4c      0x3b4 src/main.o
                0x08005c4c                scheduling_service_save_schedules
 .text.cnv32_8  0x08006000       0x38 src/main.o
                0x08006000                cnv32_8
 .text.cnv16_8  0x08006038       0x2a src/main.o
                0x08006038                cnv16_8
 *fill*         0x08006062        0x2 
 .text.mass_storage_storeFile
                0x08006064       0xc8 src/main.o
                0x08006064                mass_storage_storeFile
 .text.mass_storage_dirCheck
                0x0800612c       0x3c src/main.o
                0x0800612c                mass_storage_dirCheck
 .text.HAL_obc_SD_ON
                0x08006168       0x7c src/main.o
                0x08006168                HAL_obc_SD_ON
 .text.GPIO_Inits
                0x080061e4       0x44 src/main.o
                0x080061e4                GPIO_Inits
 .text.TIMEOUT_T3_USEC_Init
                0x08006228       0x40 src/main.o
                0x08006228                TIMEOUT_T3_USEC_Init
 .text.TIMEOUT_T3_USEC_Start
                0x08006268       0x1c src/main.o
                0x08006268                TIMEOUT_T3_USEC_Start
 .text.TIMEOUT_T3_USEC_Get_Timer_State
                0x08006284       0x30 src/main.o
                0x08006284                TIMEOUT_T3_USEC_Get_Timer_State
 .text.SD_initialize
                0x080062b4       0x5c src/sd_diskio.o
                0x080062b4                SD_initialize
 .text.SD_status
                0x08006310       0x3c src/sd_diskio.o
                0x08006310                SD_status
 .text.SD_read  0x0800634c       0x44 src/sd_diskio.o
                0x0800634c                SD_read
 .text.SD_write
                0x08006390       0x44 src/sd_diskio.o
                0x08006390                SD_write
 .text.SD_ioctl
                0x080063d4       0xa8 src/sd_diskio.o
                0x080063d4                SD_ioctl
 .text._sbrk    0x0800647c       0x58 src/syscalls.o
                0x0800647c                _sbrk
 .text.SystemInit
                0x080064d4       0x6c src/system_stm32f4xx.o
                0x080064d4                SystemInit
 .text.SetSysClock
                0x08006540       0xf8 src/system_stm32f4xx.o
 .text.TM_FATFS_CheckCardDetectPin
                0x08006638       0x18 src/tm_stm32f4_fatfs.o
                0x08006638                TM_FATFS_CheckCardDetectPin
 .text.TM_GPIO_InitAlternate
                0x08006650       0xa8 src/tm_stm32f4_gpio.o
                0x08006650                TM_GPIO_InitAlternate
 .text.TM_GPIO_GetPortSource
                0x080066f8       0x22 src/tm_stm32f4_gpio.o
                0x080066f8                TM_GPIO_GetPortSource
 *fill*         0x0800671a        0x2 
 .text.TM_GPIO_INT_EnableClock
                0x0800671c       0x30 src/tm_stm32f4_gpio.o
                0x0800671c                TM_GPIO_INT_EnableClock
 .text.TM_GPIO_INT_Init
                0x0800674c      0x10c src/tm_stm32f4_gpio.o
                0x0800674c                TM_GPIO_INT_Init
 .text.Reset_Handler
                0x08006858       0x50 startup/startup_stm32.o
                0x08006858                Reset_Handler
 .text.Default_Handler
                0x080068a8        0x2 startup/startup_stm32.o
                0x080068a8                RTC_Alarm_IRQHandler
                0x080068a8                HASH_RNG_IRQHandler
                0x080068a8                EXTI2_IRQHandler
                0x080068a8                TIM8_CC_IRQHandler
                0x080068a8                DebugMon_Handler
                0x080068a8                TIM1_CC_IRQHandler
                0x080068a8                DMA2_Stream5_IRQHandler
                0x080068a8                HardFault_Handler
                0x080068a8                DMA1_Stream5_IRQHandler
                0x080068a8                SysTick_Handler
                0x080068a8                PVD_IRQHandler
                0x080068a8                TAMP_STAMP_IRQHandler
                0x080068a8                PendSV_Handler
                0x080068a8                NMI_Handler
                0x080068a8                CAN2_RX1_IRQHandler
                0x080068a8                EXTI3_IRQHandler
                0x080068a8                TIM8_TRG_COM_TIM14_IRQHandler
                0x080068a8                TIM1_UP_TIM10_IRQHandler
                0x080068a8                TIM8_UP_TIM13_IRQHandler
                0x080068a8                I2C3_ER_IRQHandler
                0x080068a8                LCD_TFT_IRQHandler
                0x080068a8                EXTI0_IRQHandler
                0x080068a8                I2C2_EV_IRQHandler
                0x080068a8                DMA1_Stream2_IRQHandler
                0x080068a8                CAN1_RX0_IRQHandler
                0x080068a8                FPU_IRQHandler
                0x080068a8                OTG_HS_WKUP_IRQHandler
                0x080068a8                UsageFault_Handler
                0x080068a8                CAN2_SCE_IRQHandler
                0x080068a8                DMA2_Stream2_IRQHandler
                0x080068a8                SPI1_IRQHandler
                0x080068a8                TIM6_DAC_IRQHandler
                0x080068a8                TIM1_BRK_TIM9_IRQHandler
                0x080068a8                DCMI_IRQHandler
                0x080068a8                CAN2_RX0_IRQHandler
                0x080068a8                USART6_IRQHandler
                0x080068a8                USART3_IRQHandler
                0x080068a8                CRYP_IRQHandler
                0x080068a8                CAN1_RX1_IRQHandler
                0x080068a8                UART5_IRQHandler
                0x080068a8                DMA2_Stream0_IRQHandler
                0x080068a8                TIM4_IRQHandler
                0x080068a8                I2C1_EV_IRQHandler
                0x080068a8                DMA1_Stream6_IRQHandler
                0x080068a8                DMA1_Stream1_IRQHandler
                0x080068a8                UART4_IRQHandler
                0x080068a8                LCD_TFT_1_IRQHandler
                0x080068a8                TIM3_IRQHandler
                0x080068a8                RCC_IRQHandler
                0x080068a8                TIM8_BRK_TIM12_IRQHandler
                0x080068a8                Default_Handler
                0x080068a8                EXTI15_10_IRQHandler
                0x080068a8                ADC_IRQHandler
                0x080068a8                DMA1_Stream7_IRQHandler
                0x080068a8                TIM7_IRQHandler
                0x080068a8                CAN2_TX_IRQHandler
                0x080068a8                TIM5_IRQHandler
                0x080068a8                DMA2_Stream7_IRQHandler
                0x080068a8                I2C3_EV_IRQHandler
                0x080068a8                EXTI9_5_IRQHandler
                0x080068a8                RTC_WKUP_IRQHandler
                0x080068a8                ETH_WKUP_IRQHandler
                0x080068a8                SPI2_IRQHandler
                0x080068a8                OTG_HS_EP1_IN_IRQHandler
                0x080068a8                MemManage_Handler
                0x080068a8                DMA1_Stream0_IRQHandler
                0x080068a8                CAN1_TX_IRQHandler
                0x080068a8                SVC_Handler
                0x080068a8                EXTI4_IRQHandler
                0x080068a8                FSMC_IRQHandler
                0x080068a8                ETH_IRQHandler
                0x080068a8                OTG_HS_EP1_OUT_IRQHandler
                0x080068a8                WWDG_IRQHandler
                0x080068a8                TIM2_IRQHandler
                0x080068a8                OTG_FS_WKUP_IRQHandler
                0x080068a8                TIM1_TRG_COM_TIM11_IRQHandler
                0x080068a8                OTG_HS_IRQHandler
                0x080068a8                EXTI1_IRQHandler
                0x080068a8                USART2_IRQHandler
                0x080068a8                I2C2_ER_IRQHandler
                0x080068a8                DMA2_Stream1_IRQHandler
                0x080068a8                CAN1_SCE_IRQHandler
                0x080068a8                DMA2_Stream4_IRQHandler
                0x080068a8                BusFault_Handler
                0x080068a8                USART1_IRQHandler
                0x080068a8                OTG_FS_IRQHandler
                0x080068a8                SPI3_IRQHandler
                0x080068a8                DMA1_Stream4_IRQHandler
                0x080068a8                I2C1_ER_IRQHandler
                0x080068a8                DMA2_Stream6_IRQHandler
                0x080068a8                DMA1_Stream3_IRQHandler
 *fill*         0x080068aa        0x2 
 .text.__errno  0x080068ac        0xc c:/ac6/systemworkbench/plugins/fr.ac6.mcu.externaltools.arm-none.win32_1.17.0.201812190825/tools/compiler/bin/../lib/gcc/arm-none-eabi/7.3.1/../../../../arm-none-eabi/lib/thumb/v7e-m/fpv4-sp/hard\libc.a(lib_a-errno.o)
                0x080068ac                __errno
 .text.__libc_init_array
                0x080068b8       0x48 c:/ac6/systemworkbench/plugins/fr.ac6.mcu.externaltools.arm-none.win32_1.17.0.201812190825/tools/compiler/bin/../lib/gcc/arm-none-eabi/7.3.1/../../../../arm-none-eabi/lib/thumb/v7e-m/fpv4-sp/hard\libc.a(lib_a-init.o)
                0x080068b8                __libc_init_array
 .text.malloc   0x08006900       0x10 c:/ac6/systemworkbench/plugins/fr.ac6.mcu.externaltools.arm-none.win32_1.17.0.201812190825/tools/compiler/bin/../lib/gcc/arm-none-eabi/7.3.1/../../../../arm-none-eabi/lib/thumb/v7e-m/fpv4-sp/hard\libc.a(lib_a-malloc.o)
                0x08006900                malloc
 .text._malloc_r
                0x08006910      0x548 c:/ac6/systemworkbench/plugins/fr.ac6.mcu.externaltools.arm-none.win32_1.17.0.201812190825/tools/compiler/bin/../lib/gcc/arm-none-eabi/7.3.1/../../../../arm-none-eabi/lib/thumb/v7e-m/fpv4-sp/hard\libc.a(lib_a-mallocr.o)
                0x08006910                _malloc_r
 .text.memset   0x08006e58       0x94 c:/ac6/systemworkbench/plugins/fr.ac6.mcu.externaltools.arm-none.win32_1.17.0.201812190825/tools/compiler/bin/../lib/gcc/arm-none-eabi/7.3.1/../../../../arm-none-eabi/lib/thumb/v7e-m/fpv4-sp/hard\libc.a(lib_a-memset.o)
                0x08006e58                memset
 .text.__malloc_lock
                0x08006eec        0xc c:/ac6/systemworkbench/plugins/fr.ac6.mcu.externaltools.arm-none.win32_1.17.0.201812190825/tools/compiler/bin/../lib/gcc/arm-none-eabi/7.3.1/../../../../arm-none-eabi/lib/thumb/v7e-m/fpv4-sp/hard\libc.a(lib_a-mlock.o)
                0x08006eec                __malloc_lock
 .text.__malloc_unlock
                0x08006ef8        0xc c:/ac6/systemworkbench/plugins/fr.ac6.mcu.externaltools.arm-none.win32_1.17.0.201812190825/tools/compiler/bin/../lib/gcc/arm-none-eabi/7.3.1/../../../../arm-none-eabi/lib/thumb/v7e-m/fpv4-sp/hard\libc.a(lib_a-mlock.o)
                0x08006ef8                __malloc_unlock
 .text._sbrk_r  0x08006f04       0x24 c:/ac6/systemworkbench/plugins/fr.ac6.mcu.externaltools.arm-none.win32_1.17.0.201812190825/tools/compiler/bin/../lib/gcc/arm-none-eabi/7.3.1/../../../../arm-none-eabi/lib/thumb/v7e-m/fpv4-sp/hard\libc.a(lib_a-sbrkr.o)
                0x08006f04                _sbrk_r
 .text.snprintf
                0x08006f28       0x90 c:/ac6/systemworkbench/plugins/fr.ac6.mcu.externaltools.arm-none.win32_1.17.0.201812190825/tools/compiler/bin/../lib/gcc/arm-none-eabi/7.3.1/../../../../arm-none-eabi/lib/thumb/v7e-m/fpv4-sp/hard\libc.a(lib_a-snprintf.o)
                0x08006f28                snprintf
 .text._svfprintf_r
                0x08006fb8     0x19cc c:/ac6/systemworkbench/plugins/fr.ac6.mcu.externaltools.arm-none.win32_1.17.0.201812190825/tools/compiler/bin/../lib/gcc/arm-none-eabi/7.3.1/../../../../arm-none-eabi/lib/thumb/v7e-m/fpv4-sp/hard\libc.a(lib_a-svfprintf.o)
                0x08006fb8                _svfprintf_r
 .text.startup.register_fini
                0x08008984       0x14 c:/ac6/systemworkbench/plugins/fr.ac6.mcu.externaltools.arm-none.win32_1.17.0.201812190825/tools/compiler/bin/../lib/gcc/arm-none-eabi/7.3.1/../../../../arm-none-eabi/lib/thumb/v7e-m/fpv4-sp/hard\libc.a(lib_a-__call_atexit.o)
 .text.atexit   0x08008998        0xc c:/ac6/systemworkbench/plugins/fr.ac6.mcu.externaltools.arm-none.win32_1.17.0.201812190825/tools/compiler/bin/../lib/gcc/arm-none-eabi/7.3.1/../../../../arm-none-eabi/lib/thumb/v7e-m/fpv4-sp/hard\libc.a(lib_a-atexit.o)
                0x08008998                atexit
 .text.quorem   0x080089a4      0x124 c:/ac6/systemworkbench/plugins/fr.ac6.mcu.externaltools.arm-none.win32_1.17.0.201812190825/tools/compiler/bin/../lib/gcc/arm-none-eabi/7.3.1/../../../../arm-none-eabi/lib/thumb/v7e-m/fpv4-sp/hard\libc.a(lib_a-dtoa.o)
 .text._dtoa_r  0x08008ac8      0xe20 c:/ac6/systemworkbench/plugins/fr.ac6.mcu.externaltools.arm-none.win32_1.17.0.201812190825/tools/compiler/bin/../lib/gcc/arm-none-eabi/7.3.1/../../../../arm-none-eabi/lib/thumb/v7e-m/fpv4-sp/hard\libc.a(lib_a-dtoa.o)
                0x08008ac8                _dtoa_r
 .text.__libc_fini_array
                0x080098e8       0x34 c:/ac6/systemworkbench/plugins/fr.ac6.mcu.externaltools.arm-none.win32_1.17.0.201812190825/tools/compiler/bin/../lib/gcc/arm-none-eabi/7.3.1/../../../../arm-none-eabi/lib/thumb/v7e-m/fpv4-sp/hard\libc.a(lib_a-fini.o)
                0x080098e8                __libc_fini_array
 .text._malloc_trim_r
                0x0800991c       0xa0 c:/ac6/systemworkbench/plugins/fr.ac6.mcu.externaltools.arm-none.win32_1.17.0.201812190825/tools/compiler/bin/../lib/gcc/arm-none-eabi/7.3.1/../../../../arm-none-eabi/lib/thumb/v7e-m/fpv4-sp/hard\libc.a(lib_a-freer.o)
                0x0800991c                _malloc_trim_r
 .text._free_r  0x080099bc      0x1e8 c:/ac6/systemworkbench/plugins/fr.ac6.mcu.externaltools.arm-none.win32_1.17.0.201812190825/tools/compiler/bin/../lib/gcc/arm-none-eabi/7.3.1/../../../../arm-none-eabi/lib/thumb/v7e-m/fpv4-sp/hard\libc.a(lib_a-freer.o)
                0x080099bc                _free_r
 .text._localeconv_r
                0x08009ba4       0x1c c:/ac6/systemworkbench/plugins/fr.ac6.mcu.externaltools.arm-none.win32_1.17.0.201812190825/tools/compiler/bin/../lib/gcc/arm-none-eabi/7.3.1/../../../../arm-none-eabi/lib/thumb/v7e-m/fpv4-sp/hard\libc.a(lib_a-localeconv.o)
                0x08009ba4                _localeconv_r
 .text.__retarget_lock_acquire_recursive
                0x08009bc0        0x4 c:/ac6/systemworkbench/plugins/fr.ac6.mcu.externaltools.arm-none.win32_1.17.0.201812190825/tools/compiler/bin/../lib/gcc/arm-none-eabi/7.3.1/../../../../arm-none-eabi/lib/thumb/v7e-m/fpv4-sp/hard\libc.a(lib_a-lock.o)
                0x08009bc0                __retarget_lock_acquire_recursive
 .text.__retarget_lock_release_recursive
                0x08009bc4        0x4 c:/ac6/systemworkbench/plugins/fr.ac6.mcu.externaltools.arm-none.win32_1.17.0.201812190825/tools/compiler/bin/../lib/gcc/arm-none-eabi/7.3.1/../../../../arm-none-eabi/lib/thumb/v7e-m/fpv4-sp/hard\libc.a(lib_a-lock.o)
                0x08009bc4                __retarget_lock_release_recursive
 .text._Balloc  0x08009bc8       0x4c c:/ac6/systemworkbench/plugins/fr.ac6.mcu.externaltools.arm-none.win32_1.17.0.201812190825/tools/compiler/bin/../lib/gcc/arm-none-eabi/7.3.1/../../../../arm-none-eabi/lib/thumb/v7e-m/fpv4-sp/hard\libc.a(lib_a-mprec.o)
                0x08009bc8                _Balloc
 .text._Bfree   0x08009c14       0x14 c:/ac6/systemworkbench/plugins/fr.ac6.mcu.externaltools.arm-none.win32_1.17.0.201812190825/tools/compiler/bin/../lib/gcc/arm-none-eabi/7.3.1/../../../../arm-none-eabi/lib/thumb/v7e-m/fpv4-sp/hard\libc.a(lib_a-mprec.o)
                0x08009c14                _Bfree
 .text.__multadd
                0x08009c28       0x80 c:/ac6/systemworkbench/plugins/fr.ac6.mcu.externaltools.arm-none.win32_1.17.0.201812190825/tools/compiler/bin/../lib/gcc/arm-none-eabi/7.3.1/../../../../arm-none-eabi/lib/thumb/v7e-m/fpv4-sp/hard\libc.a(lib_a-mprec.o)
                0x08009c28                __multadd
 .text.__hi0bits
                0x08009ca8       0x40 c:/ac6/systemworkbench/plugins/fr.ac6.mcu.externaltools.arm-none.win32_1.17.0.201812190825/tools/compiler/bin/../lib/gcc/arm-none-eabi/7.3.1/../../../../arm-none-eabi/lib/thumb/v7e-m/fpv4-sp/hard\libc.a(lib_a-mprec.o)
                0x08009ca8                __hi0bits
 .text.__lo0bits
                0x08009ce8       0x60 c:/ac6/systemworkbench/plugins/fr.ac6.mcu.externaltools.arm-none.win32_1.17.0.201812190825/tools/compiler/bin/../lib/gcc/arm-none-eabi/7.3.1/../../../../arm-none-eabi/lib/thumb/v7e-m/fpv4-sp/hard\libc.a(lib_a-mprec.o)
                0x08009ce8                __lo0bits
 .text.__i2b    0x08009d48       0x14 c:/ac6/systemworkbench/plugins/fr.ac6.mcu.externaltools.arm-none.win32_1.17.0.201812190825/tools/compiler/bin/../lib/gcc/arm-none-eabi/7.3.1/../../../../arm-none-eabi/lib/thumb/v7e-m/fpv4-sp/hard\libc.a(lib_a-mprec.o)
                0x08009d48                __i2b
 .text.__multiply
                0x08009d5c      0x14c c:/ac6/systemworkbench/plugins/fr.ac6.mcu.externaltools.arm-none.win32_1.17.0.201812190825/tools/compiler/bin/../lib/gcc/arm-none-eabi/7.3.1/../../../../arm-none-eabi/lib/thumb/v7e-m/fpv4-sp/hard\libc.a(lib_a-mprec.o)
                0x08009d5c                __multiply
 .text.__pow5mult
                0x08009ea8       0xa0 c:/ac6/systemworkbench/plugins/fr.ac6.mcu.externaltools.arm-none.win32_1.17.0.201812190825/tools/compiler/bin/../lib/gcc/arm-none-eabi/7.3.1/../../../../arm-none-eabi/lib/thumb/v7e-m/fpv4-sp/hard\libc.a(lib_a-mprec.o)
                0x08009ea8                __pow5mult
 .text.__lshift
                0x08009f48       0xac c:/ac6/systemworkbench/plugins/fr.ac6.mcu.externaltools.arm-none.win32_1.17.0.201812190825/tools/compiler/bin/../lib/gcc/arm-none-eabi/7.3.1/../../../../arm-none-eabi/lib/thumb/v7e-m/fpv4-sp/hard\libc.a(lib_a-mprec.o)
                0x08009f48                __lshift
 .text.__mcmp   0x08009ff4       0x38 c:/ac6/systemworkbench/plugins/fr.ac6.mcu.externaltools.arm-none.win32_1.17.0.201812190825/tools/compiler/bin/../lib/gcc/arm-none-eabi/7.3.1/../../../../arm-none-eabi/lib/thumb/v7e-m/fpv4-sp/hard\libc.a(lib_a-mprec.o)
                0x08009ff4                __mcmp
 .text.__mdiff  0x0800a02c       0xec c:/ac6/systemworkbench/plugins/fr.ac6.mcu.externaltools.arm-none.win32_1.17.0.201812190825/tools/compiler/bin/../lib/gcc/arm-none-eabi/7.3.1/../../../../arm-none-eabi/lib/thumb/v7e-m/fpv4-sp/hard\libc.a(lib_a-mprec.o)
                0x0800a02c                __mdiff
 .text.__d2b    0x0800a118       0xc4 c:/ac6/systemworkbench/plugins/fr.ac6.mcu.externaltools.arm-none.win32_1.17.0.201812190825/tools/compiler/bin/../lib/gcc/arm-none-eabi/7.3.1/../../../../arm-none-eabi/lib/thumb/v7e-m/fpv4-sp/hard\libc.a(lib_a-mprec.o)
                0x0800a118                __d2b
 .text.frexp    0x0800a1dc       0x68 c:/ac6/systemworkbench/plugins/fr.ac6.mcu.externaltools.arm-none.win32_1.17.0.201812190825/tools/compiler/bin/../lib/gcc/arm-none-eabi/7.3.1/../../../../arm-none-eabi/lib/thumb/v7e-m/fpv4-sp/hard\libc.a(lib_a-s_frexp.o)
                0x0800a1dc                frexp
 .text.strncpy  0x0800a244       0x64 c:/ac6/systemworkbench/plugins/fr.ac6.mcu.externaltools.arm-none.win32_1.17.0.201812190825/tools/compiler/bin/../lib/gcc/arm-none-eabi/7.3.1/../../../../arm-none-eabi/lib/thumb/v7e-m/fpv4-sp/hard\libc.a(lib_a-strncpy.o)
                0x0800a244                strncpy
 .text.__ssprint_r
                0x0800a2a8       0xf4 c:/ac6/systemworkbench/plugins/fr.ac6.mcu.externaltools.arm-none.win32_1.17.0.201812190825/tools/compiler/bin/../lib/gcc/arm-none-eabi/7.3.1/../../../../arm-none-eabi/lib/thumb/v7e-m/fpv4-sp/hard\libc.a(lib_a-svfiprintf.o)
                0x0800a2a8                __ssprint_r
 .text.__register_exitproc
                0x0800a39c       0xc0 c:/ac6/systemworkbench/plugins/fr.ac6.mcu.externaltools.arm-none.win32_1.17.0.201812190825/tools/compiler/bin/../lib/gcc/arm-none-eabi/7.3.1/../../../../arm-none-eabi/lib/thumb/v7e-m/fpv4-sp/hard\libc.a(lib_a-__atexit.o)
                0x0800a39c                __register_exitproc
 .text._calloc_r
                0x0800a45c       0x68 c:/ac6/systemworkbench/plugins/fr.ac6.mcu.externaltools.arm-none.win32_1.17.0.201812190825/tools/compiler/bin/../lib/gcc/arm-none-eabi/7.3.1/../../../../arm-none-eabi/lib/thumb/v7e-m/fpv4-sp/hard\libc.a(lib_a-callocr.o)
                0x0800a45c                _calloc_r
 .text.__ascii_mbtowc
                0x0800a4c4       0x2c c:/ac6/systemworkbench/plugins/fr.ac6.mcu.externaltools.arm-none.win32_1.17.0.201812190825/tools/compiler/bin/../lib/gcc/arm-none-eabi/7.3.1/../../../../arm-none-eabi/lib/thumb/v7e-m/fpv4-sp/hard\libc.a(lib_a-mbtowc_r.o)
                0x0800a4c4                __ascii_mbtowc
 .text.memmove  0x0800a4f0       0xc8 c:/ac6/systemworkbench/plugins/fr.ac6.mcu.externaltools.arm-none.win32_1.17.0.201812190825/tools/compiler/bin/../lib/gcc/arm-none-eabi/7.3.1/../../../../arm-none-eabi/lib/thumb/v7e-m/fpv4-sp/hard\libc.a(lib_a-memmove.o)
                0x0800a4f0                memmove
 .text._realloc_r
                0x0800a5b8      0x35c c:/ac6/systemworkbench/plugins/fr.ac6.mcu.externaltools.arm-none.win32_1.17.0.201812190825/tools/compiler/bin/../lib/gcc/arm-none-eabi/7.3.1/../../../../arm-none-eabi/lib/thumb/v7e-m/fpv4-sp/hard\libc.a(lib_a-reallocr.o)
                0x0800a5b8                _realloc_r
 .text.__ascii_wctomb
                0x0800a914       0x1c c:/ac6/systemworkbench/plugins/fr.ac6.mcu.externaltools.arm-none.win32_1.17.0.201812190825/tools/compiler/bin/../lib/gcc/arm-none-eabi/7.3.1/../../../../arm-none-eabi/lib/thumb/v7e-m/fpv4-sp/hard\libc.a(lib_a-wctomb_r.o)
                0x0800a914                __ascii_wctomb
 *(.glue_7)
 .glue_7        0x0800a930        0x0 linker stubs
 *(.glue_7t)
 .glue_7t       0x0800a930        0x0 linker stubs
 *(.eh_frame)
 .eh_frame      0x0800a930        0x0 c:/ac6/systemworkbench/plugins/fr.ac6.mcu.externaltools.arm-none.win32_1.17.0.201812190825/tools/compiler/bin/../lib/gcc/arm-none-eabi/7.3.1/thumb/v7e-m/fpv4-sp/hard/crtbegin.o
 *(.init)
 .init          0x0800a930        0x4 c:/ac6/systemworkbench/plugins/fr.ac6.mcu.externaltools.arm-none.win32_1.17.0.201812190825/tools/compiler/bin/../lib/gcc/arm-none-eabi/7.3.1/thumb/v7e-m/fpv4-sp/hard/crti.o
                0x0800a930                _init
 .init          0x0800a934        0x8 c:/ac6/systemworkbench/plugins/fr.ac6.mcu.externaltools.arm-none.win32_1.17.0.201812190825/tools/compiler/bin/../lib/gcc/arm-none-eabi/7.3.1/thumb/v7e-m/fpv4-sp/hard/crtn.o
 *(.fini)
 .fini          0x0800a93c        0x4 c:/ac6/systemworkbench/plugins/fr.ac6.mcu.externaltools.arm-none.win32_1.17.0.201812190825/tools/compiler/bin/../lib/gcc/arm-none-eabi/7.3.1/thumb/v7e-m/fpv4-sp/hard/crti.o
                0x0800a93c                _fini
 .fini          0x0800a940        0x8 c:/ac6/systemworkbench/plugins/fr.ac6.mcu.externaltools.arm-none.win32_1.17.0.201812190825/tools/compiler/bin/../lib/gcc/arm-none-eabi/7.3.1/thumb/v7e-m/fpv4-sp/hard/crtn.o
                0x0800a948                . = ALIGN (0x4)
                0x0800a948                _etext = .

.vfp11_veneer   0x0800a948        0x0
 .vfp11_veneer  0x0800a948        0x0 linker stubs

.v4_bx          0x0800a948        0x0
 .v4_bx         0x0800a948        0x0 linker stubs

.iplt           0x0800a948        0x0
 .iplt          0x0800a948        0x0 c:/ac6/systemworkbench/plugins/fr.ac6.mcu.externaltools.arm-none.win32_1.17.0.201812190825/tools/compiler/bin/../lib/gcc/arm-none-eabi/7.3.1/thumb/v7e-m/fpv4-sp/hard/crtbegin.o

.rodata         0x0800a948      0x3a8
                0x0800a948                . = ALIGN (0x4)
 *(.rodata)
 .rodata        0x0800a948       0xf2 src/ff.o
 *fill*         0x0800aa3a        0x2 
 .rodata        0x0800aa3c       0x13 src/main.o
 *fill*         0x0800aa4f        0x1 
 .rodata        0x0800aa50       0x14 src/sd_diskio.o
                0x0800aa50                SD_Driver
 *(.rodata*)
 .rodata._global_impure_ptr
                0x0800aa64        0x4 c:/ac6/systemworkbench/plugins/fr.ac6.mcu.externaltools.arm-none.win32_1.17.0.201812190825/tools/compiler/bin/../lib/gcc/arm-none-eabi/7.3.1/../../../../arm-none-eabi/lib/thumb/v7e-m/fpv4-sp/hard\libc.a(lib_a-impure.o)
                0x0800aa64                _global_impure_ptr
 .rodata._svfprintf_r.str1.4
                0x0800aa68       0x42 c:/ac6/systemworkbench/plugins/fr.ac6.mcu.externaltools.arm-none.win32_1.17.0.201812190825/tools/compiler/bin/../lib/gcc/arm-none-eabi/7.3.1/../../../../arm-none-eabi/lib/thumb/v7e-m/fpv4-sp/hard\libc.a(lib_a-svfprintf.o)
 *fill*         0x0800aaaa        0x2 
 .rodata.blanks.8590
                0x0800aaac       0x10 c:/ac6/systemworkbench/plugins/fr.ac6.mcu.externaltools.arm-none.win32_1.17.0.201812190825/tools/compiler/bin/../lib/gcc/arm-none-eabi/7.3.1/../../../../arm-none-eabi/lib/thumb/v7e-m/fpv4-sp/hard\libc.a(lib_a-svfprintf.o)
 .rodata.zeroes.8591
                0x0800aabc       0x10 c:/ac6/systemworkbench/plugins/fr.ac6.mcu.externaltools.arm-none.win32_1.17.0.201812190825/tools/compiler/bin/../lib/gcc/arm-none-eabi/7.3.1/../../../../arm-none-eabi/lib/thumb/v7e-m/fpv4-sp/hard\libc.a(lib_a-svfprintf.o)
 .rodata._dtoa_r.str1.4
                0x0800aacc       0x10 c:/ac6/systemworkbench/plugins/fr.ac6.mcu.externaltools.arm-none.win32_1.17.0.201812190825/tools/compiler/bin/../lib/gcc/arm-none-eabi/7.3.1/../../../../arm-none-eabi/lib/thumb/v7e-m/fpv4-sp/hard\libc.a(lib_a-dtoa.o)
                                 0x12 (size before relaxing)
 *fill*         0x0800aadc        0x4 
 .rodata.__mprec_bigtens
                0x0800aae0       0x28 c:/ac6/systemworkbench/plugins/fr.ac6.mcu.externaltools.arm-none.win32_1.17.0.201812190825/tools/compiler/bin/../lib/gcc/arm-none-eabi/7.3.1/../../../../arm-none-eabi/lib/thumb/v7e-m/fpv4-sp/hard\libc.a(lib_a-mprec.o)
                0x0800aae0                __mprec_bigtens
 .rodata.__mprec_tens
                0x0800ab08       0xc8 c:/ac6/systemworkbench/plugins/fr.ac6.mcu.externaltools.arm-none.win32_1.17.0.201812190825/tools/compiler/bin/../lib/gcc/arm-none-eabi/7.3.1/../../../../arm-none-eabi/lib/thumb/v7e-m/fpv4-sp/hard\libc.a(lib_a-mprec.o)
                0x0800ab08                __mprec_tens
 .rodata.p05.7367
                0x0800abd0        0xc c:/ac6/systemworkbench/plugins/fr.ac6.mcu.externaltools.arm-none.win32_1.17.0.201812190825/tools/compiler/bin/../lib/gcc/arm-none-eabi/7.3.1/../../../../arm-none-eabi/lib/thumb/v7e-m/fpv4-sp/hard\libc.a(lib_a-mprec.o)
 .rodata._setlocale_r.str1.4
                0x0800abdc        0xa c:/ac6/systemworkbench/plugins/fr.ac6.mcu.externaltools.arm-none.win32_1.17.0.201812190825/tools/compiler/bin/../lib/gcc/arm-none-eabi/7.3.1/../../../../arm-none-eabi/lib/thumb/v7e-m/fpv4-sp/hard\libc.a(lib_a-locale.o)
                                  0xd (size before relaxing)
 *fill*         0x0800abe6        0x2 
 .rodata.str1.4
                0x0800abe8        0x4 c:/ac6/systemworkbench/plugins/fr.ac6.mcu.externaltools.arm-none.win32_1.17.0.201812190825/tools/compiler/bin/../lib/gcc/arm-none-eabi/7.3.1/../../../../arm-none-eabi/lib/thumb/v7e-m/fpv4-sp/hard\libc.a(lib_a-locale.o)
                                  0x2 (size before relaxing)
 .rodata._ctype_
                0x0800abec      0x101 c:/ac6/systemworkbench/plugins/fr.ac6.mcu.externaltools.arm-none.win32_1.17.0.201812190825/tools/compiler/bin/../lib/gcc/arm-none-eabi/7.3.1/../../../../arm-none-eabi/lib/thumb/v7e-m/fpv4-sp/hard\libc.a(lib_a-ctype_.o)
                0x0800abec                _ctype_
                0x0800acf0                . = ALIGN (0x4)
 *fill*         0x0800aced        0x3 

.ARM.extab      0x0800acf0        0x0
                0x0800acf0                . = ALIGN (0x4)
 *(.ARM.extab* .gnu.linkonce.armextab.*)
                0x0800acf0                . = ALIGN (0x4)

.ARM            0x0800acf0        0x8
                0x0800acf0                . = ALIGN (0x4)
                0x0800acf0                __exidx_start = .
 *(.ARM.exidx*)
 .ARM.exidx     0x0800acf0        0x8 c:/ac6/systemworkbench/plugins/fr.ac6.mcu.externaltools.arm-none.win32_1.17.0.201812190825/tools/compiler/bin/../lib/gcc/arm-none-eabi/7.3.1/thumb/v7e-m/fpv4-sp/hard\libgcc.a(_udivmoddi4.o)
                0x0800acf8                __exidx_end = .
                0x0800acf8                . = ALIGN (0x4)

.rel.dyn        0x0800acf8        0x0
 .rel.iplt      0x0800acf8        0x0 c:/ac6/systemworkbench/plugins/fr.ac6.mcu.externaltools.arm-none.win32_1.17.0.201812190825/tools/compiler/bin/../lib/gcc/arm-none-eabi/7.3.1/thumb/v7e-m/fpv4-sp/hard/crtbegin.o

.preinit_array  0x0800acf8        0x0
                0x0800acf8                . = ALIGN (0x4)
                0x0800acf8                PROVIDE (__preinit_array_start = .)
 *(.preinit_array*)
                0x0800acf8                PROVIDE (__preinit_array_end = .)
                0x0800acf8                . = ALIGN (0x4)

.init_array     0x0800acf8        0x8
                0x0800acf8                . = ALIGN (0x4)
                0x0800acf8                PROVIDE (__init_array_start = .)
 *(SORT_BY_NAME(.init_array.*))
 .init_array.00000
                0x0800acf8        0x4 c:/ac6/systemworkbench/plugins/fr.ac6.mcu.externaltools.arm-none.win32_1.17.0.201812190825/tools/compiler/bin/../lib/gcc/arm-none-eabi/7.3.1/../../../../arm-none-eabi/lib/thumb/v7e-m/fpv4-sp/hard\libc.a(lib_a-__call_atexit.o)
 *(.init_array*)
 .init_array    0x0800acfc        0x4 c:/ac6/systemworkbench/plugins/fr.ac6.mcu.externaltools.arm-none.win32_1.17.0.201812190825/tools/compiler/bin/../lib/gcc/arm-none-eabi/7.3.1/thumb/v7e-m/fpv4-sp/hard/crtbegin.o
                0x0800ad00                PROVIDE (__init_array_end = .)
                0x0800ad00                . = ALIGN (0x4)

.fini_array     0x0800ad00        0x4
                0x0800ad00                . = ALIGN (0x4)
                0x0800ad00                PROVIDE (__fini_array_start = .)
 *(SORT_BY_NAME(.fini_array.*))
 *(.fini_array*)
 .fini_array    0x0800ad00        0x4 c:/ac6/systemworkbench/plugins/fr.ac6.mcu.externaltools.arm-none.win32_1.17.0.201812190825/tools/compiler/bin/../lib/gcc/arm-none-eabi/7.3.1/thumb/v7e-m/fpv4-sp/hard/crtbegin.o
                0x0800ad04                PROVIDE (__fini_array_end = .)
                0x0800ad04                . = ALIGN (0x4)
                0x0800ad04                _sidata = LOADADDR (.data)

.data           0x20000000      0xbe8 load address 0x0800ad04
                0x20000000                . = ALIGN (0x4)
                0x20000000                _sdata = .
 *(.data)
 .data          0x20000000      0x238 src/main.o
 .data          0x20000238        0x1 src/sd_diskio.o
 *(.data*)
 *fill*         0x20000239        0x3 
 .data._impure_ptr
                0x2000023c        0x4 c:/ac6/systemworkbench/plugins/fr.ac6.mcu.externaltools.arm-none.win32_1.17.0.201812190825/tools/compiler/bin/../lib/gcc/arm-none-eabi/7.3.1/../../../../arm-none-eabi/lib/thumb/v7e-m/fpv4-sp/hard\libc.a(lib_a-impure.o)
                0x2000023c                _impure_ptr
 .data.impure_data
                0x20000240      0x428 c:/ac6/systemworkbench/plugins/fr.ac6.mcu.externaltools.arm-none.win32_1.17.0.201812190825/tools/compiler/bin/../lib/gcc/arm-none-eabi/7.3.1/../../../../arm-none-eabi/lib/thumb/v7e-m/fpv4-sp/hard\libc.a(lib_a-impure.o)
 .data.__malloc_av_
                0x20000668      0x408 c:/ac6/systemworkbench/plugins/fr.ac6.mcu.externaltools.arm-none.win32_1.17.0.201812190825/tools/compiler/bin/../lib/gcc/arm-none-eabi/7.3.1/../../../../arm-none-eabi/lib/thumb/v7e-m/fpv4-sp/hard\libc.a(lib_a-mallocr.o)
                0x20000668                __malloc_av_
 .data.__malloc_sbrk_base
                0x20000a70        0x4 c:/ac6/systemworkbench/plugins/fr.ac6.mcu.externaltools.arm-none.win32_1.17.0.201812190825/tools/compiler/bin/../lib/gcc/arm-none-eabi/7.3.1/../../../../arm-none-eabi/lib/thumb/v7e-m/fpv4-sp/hard\libc.a(lib_a-mallocr.o)
                0x20000a70                __malloc_sbrk_base
 .data.__malloc_trim_threshold
                0x20000a74        0x4 c:/ac6/systemworkbench/plugins/fr.ac6.mcu.externaltools.arm-none.win32_1.17.0.201812190825/tools/compiler/bin/../lib/gcc/arm-none-eabi/7.3.1/../../../../arm-none-eabi/lib/thumb/v7e-m/fpv4-sp/hard\libc.a(lib_a-mallocr.o)
                0x20000a74                __malloc_trim_threshold
 .data.__atexit_recursive_mutex
                0x20000a78        0x4 c:/ac6/systemworkbench/plugins/fr.ac6.mcu.externaltools.arm-none.win32_1.17.0.201812190825/tools/compiler/bin/../lib/gcc/arm-none-eabi/7.3.1/../../../../arm-none-eabi/lib/thumb/v7e-m/fpv4-sp/hard\libc.a(lib_a-__call_atexit.o)
                0x20000a78                __atexit_recursive_mutex
 .data.__global_locale
                0x20000a7c      0x16c c:/ac6/systemworkbench/plugins/fr.ac6.mcu.externaltools.arm-none.win32_1.17.0.201812190825/tools/compiler/bin/../lib/gcc/arm-none-eabi/7.3.1/../../../../arm-none-eabi/lib/thumb/v7e-m/fpv4-sp/hard\libc.a(lib_a-locale.o)
                0x20000a7c                __global_locale
                0x20000be8                . = ALIGN (0x4)
                0x20000be8                _edata = .

.igot.plt       0x20000be8        0x0 load address 0x0800b8ec
 .igot.plt      0x20000be8        0x0 c:/ac6/systemworkbench/plugins/fr.ac6.mcu.externaltools.arm-none.win32_1.17.0.201812190825/tools/compiler/bin/../lib/gcc/arm-none-eabi/7.3.1/thumb/v7e-m/fpv4-sp/hard/crtbegin.o
                0x20000be8                . = ALIGN (0x4)

.bss            0x20000be8     0x117c load address 0x0800b8ec
                0x20000be8                _sbss = .
                0x20000be8                __bss_start__ = _sbss
 *(.bss)
 .bss           0x20000be8       0x1c c:/ac6/systemworkbench/plugins/fr.ac6.mcu.externaltools.arm-none.win32_1.17.0.201812190825/tools/compiler/bin/../lib/gcc/arm-none-eabi/7.3.1/thumb/v7e-m/fpv4-sp/hard/crtbegin.o
 .bss           0x20000c04       0x48 src/fatfs_sd_sdio.o
                0x20000c3c                StopCondition
                0x20000c40                TransferError
                0x20000c44                TransferEnd
                0x20000c48                DMAEndOfTransfer
 .bss           0x20000c4c       0x14 src/ff.o
 .bss           0x20000c60        0xc src/ff_gen_drv.o
                0x20000c60                disk
 .bss           0x20000c6c        0x8 src/syscalls.o
                0x20000c6c                __env
 .bss           0x20000c74       0x16 src/tm_stm32f4_gpio.o
 *(.bss*)
 *fill*         0x20000c8a        0x2 
 .bss.__malloc_current_mallinfo
                0x20000c8c       0x28 c:/ac6/systemworkbench/plugins/fr.ac6.mcu.externaltools.arm-none.win32_1.17.0.201812190825/tools/compiler/bin/../lib/gcc/arm-none-eabi/7.3.1/../../../../arm-none-eabi/lib/thumb/v7e-m/fpv4-sp/hard\libc.a(lib_a-mallocr.o)
                0x20000c8c                __malloc_current_mallinfo
 .bss.__malloc_max_sbrked_mem
                0x20000cb4        0x4 c:/ac6/systemworkbench/plugins/fr.ac6.mcu.externaltools.arm-none.win32_1.17.0.201812190825/tools/compiler/bin/../lib/gcc/arm-none-eabi/7.3.1/../../../../arm-none-eabi/lib/thumb/v7e-m/fpv4-sp/hard\libc.a(lib_a-mallocr.o)
                0x20000cb4                __malloc_max_sbrked_mem
 .bss.__malloc_max_total_mem
                0x20000cb8        0x4 c:/ac6/systemworkbench/plugins/fr.ac6.mcu.externaltools.arm-none.win32_1.17.0.201812190825/tools/compiler/bin/../lib/gcc/arm-none-eabi/7.3.1/../../../../arm-none-eabi/lib/thumb/v7e-m/fpv4-sp/hard\libc.a(lib_a-mallocr.o)
                0x20000cb8                __malloc_max_total_mem
 .bss.__malloc_top_pad
                0x20000cbc        0x4 c:/ac6/systemworkbench/plugins/fr.ac6.mcu.externaltools.arm-none.win32_1.17.0.201812190825/tools/compiler/bin/../lib/gcc/arm-none-eabi/7.3.1/../../../../arm-none-eabi/lib/thumb/v7e-m/fpv4-sp/hard\libc.a(lib_a-mallocr.o)
                0x20000cbc                __malloc_top_pad
 *(COMMON)
 COMMON         0x20000cc0        0x8 src/fatfs.o
                0x20000cc0                retSD
                0x20000cc4                SD_Path
 COMMON         0x20000cc8       0xa0 src/fatfs_sd_sdio.o
                0x20000cc8                SDIO_CmdInitStructure
                0x20000ce0                SDCardInfo
                0x20000d38                SDIO_InitStructure
                0x20000d50                SDIO_DataInitStructure
 COMMON         0x20000d68      0xfd4 src/main.o
                0x20000d68                sc_s_state
                0x20000d74                sche_tc_buffer
                0x20000e58                sch_mem_pool
 COMMON         0x20001d3c       0x21 c:/ac6/systemworkbench/plugins/fr.ac6.mcu.externaltools.arm-none.win32_1.17.0.201812190825/tools/compiler/bin/../lib/gcc/arm-none-eabi/7.3.1/../../../../arm-none-eabi/lib/thumb/v7e-m/fpv4-sp/hard\libc.a(lib_a-lock.o)
                0x20001d3c                __lock___atexit_recursive_mutex
                0x20001d40                __lock___arc4random_mutex
                0x20001d44                __lock___env_recursive_mutex
                0x20001d48                __lock___sinit_recursive_mutex
                0x20001d4c                __lock___malloc_recursive_mutex
                0x20001d50                __lock___at_quick_exit_mutex
                0x20001d54                __lock___dd_hash_mutex
                0x20001d58                __lock___tz_mutex
                0x20001d5c                __lock___sfp_recursive_mutex
 *fill*         0x20001d5d        0x3 
 COMMON         0x20001d60        0x4 c:/ac6/systemworkbench/plugins/fr.ac6.mcu.externaltools.arm-none.win32_1.17.0.201812190825/tools/compiler/bin/../lib/gcc/arm-none-eabi/7.3.1/../../../../arm-none-eabi/lib/thumb/v7e-m/fpv4-sp/hard\libc.a(lib_a-reent.o)
                0x20001d60                errno
                0x20001d64                . = ALIGN (0x4)
                0x20001d64                _ebss = .
                0x20001d64                __bss_end__ = _ebss

._user_heap_stack
                0x20001d64      0x404 load address 0x0800b8ec
                0x20001d68                . = ALIGN (0x8)
 *fill*         0x20001d64        0x4 
                0x20001d68                PROVIDE (end = .)
                [!provide]                PROVIDE (_end = .)
                0x20001d68                . = (. + _Min_Heap_Size)
                0x20002168                . = (. + _Min_Stack_Size)
 *fill*         0x20001d68      0x400 
                0x20002168                . = ALIGN (0x8)

/DISCARD/
 libc.a(*)
 libm.a(*)
 libgcc.a(*)

.ARM.attributes
                0x00000000       0x30
 *(.ARM.attributes)
 .ARM.attributes
                0x00000000       0x22 c:/ac6/systemworkbench/plugins/fr.ac6.mcu.externaltools.arm-none.win32_1.17.0.201812190825/tools/compiler/bin/../lib/gcc/arm-none-eabi/7.3.1/thumb/v7e-m/fpv4-sp/hard/crti.o
 .ARM.attributes
                0x00000022       0x34 c:/ac6/systemworkbench/plugins/fr.ac6.mcu.externaltools.arm-none.win32_1.17.0.201812190825/tools/compiler/bin/../lib/gcc/arm-none-eabi/7.3.1/thumb/v7e-m/fpv4-sp/hard/crtbegin.o
 .ARM.attributes
                0x00000056       0x39 StdPeriph_Driver/src/stm32f4xx_dma.o
 .ARM.attributes
                0x0000008f       0x39 StdPeriph_Driver/src/stm32f4xx_gpio.o
 .ARM.attributes
                0x000000c8       0x39 StdPeriph_Driver/src/stm32f4xx_rcc.o
 .ARM.attributes
                0x00000101       0x39 StdPeriph_Driver/src/stm32f4xx_sdio.o
 .ARM.attributes
                0x0000013a       0x39 StdPeriph_Driver/src/stm32f4xx_tim.o
 .ARM.attributes
                0x00000173       0x39 src/diskio.o
 .ARM.attributes
                0x000001ac       0x39 src/fatfs.o
 .ARM.attributes
                0x000001e5       0x39 src/fatfs_sd_sdio.o
 .ARM.attributes
                0x0000021e       0x39 src/ff.o
 .ARM.attributes
                0x00000257       0x39 src/ff_gen_drv.o
 .ARM.attributes
                0x00000290       0x39 src/main.o
 .ARM.attributes
                0x000002c9       0x39 src/sd_diskio.o
 .ARM.attributes
                0x00000302       0x39 src/syscalls.o
 .ARM.attributes
                0x0000033b       0x39 src/system_stm32f4xx.o
 .ARM.attributes
                0x00000374       0x39 src/tm_stm32f4_fatfs.o
 .ARM.attributes
                0x000003ad       0x39 src/tm_stm32f4_gpio.o
 .ARM.attributes
                0x000003e6       0x21 startup/startup_stm32.o
 .ARM.attributes
                0x00000407       0x22 c:/ac6/systemworkbench/plugins/fr.ac6.mcu.externaltools.arm-none.win32_1.17.0.201812190825/tools/compiler/bin/../lib/gcc/arm-none-eabi/7.3.1/thumb/v7e-m/fpv4-sp/hard\libgcc.a(_arm_addsubdf3.o)
 .ARM.attributes
                0x00000429       0x22 c:/ac6/systemworkbench/plugins/fr.ac6.mcu.externaltools.arm-none.win32_1.17.0.201812190825/tools/compiler/bin/../lib/gcc/arm-none-eabi/7.3.1/thumb/v7e-m/fpv4-sp/hard\libgcc.a(_arm_muldivdf3.o)
 .ARM.attributes
                0x0000044b       0x34 c:/ac6/systemworkbench/plugins/fr.ac6.mcu.externaltools.arm-none.win32_1.17.0.201812190825/tools/compiler/bin/../lib/gcc/arm-none-eabi/7.3.1/../../../../arm-none-eabi/lib/thumb/v7e-m/fpv4-sp/hard\libc.a(lib_a-errno.o)
 .ARM.attributes
                0x0000047f       0x34 c:/ac6/systemworkbench/plugins/fr.ac6.mcu.externaltools.arm-none.win32_1.17.0.201812190825/tools/compiler/bin/../lib/gcc/arm-none-eabi/7.3.1/../../../../arm-none-eabi/lib/thumb/v7e-m/fpv4-sp/hard\libc.a(lib_a-impure.o)
 .ARM.attributes
                0x000004b3       0x34 c:/ac6/systemworkbench/plugins/fr.ac6.mcu.externaltools.arm-none.win32_1.17.0.201812190825/tools/compiler/bin/../lib/gcc/arm-none-eabi/7.3.1/../../../../arm-none-eabi/lib/thumb/v7e-m/fpv4-sp/hard\libc.a(lib_a-init.o)
 .ARM.attributes
                0x000004e7       0x34 c:/ac6/systemworkbench/plugins/fr.ac6.mcu.externaltools.arm-none.win32_1.17.0.201812190825/tools/compiler/bin/../lib/gcc/arm-none-eabi/7.3.1/../../../../arm-none-eabi/lib/thumb/v7e-m/fpv4-sp/hard\libc.a(lib_a-malloc.o)
 .ARM.attributes
                0x0000051b       0x34 c:/ac6/systemworkbench/plugins/fr.ac6.mcu.externaltools.arm-none.win32_1.17.0.201812190825/tools/compiler/bin/../lib/gcc/arm-none-eabi/7.3.1/../../../../arm-none-eabi/lib/thumb/v7e-m/fpv4-sp/hard\libc.a(lib_a-mallocr.o)
 .ARM.attributes
                0x0000054f       0x20 c:/ac6/systemworkbench/plugins/fr.ac6.mcu.externaltools.arm-none.win32_1.17.0.201812190825/tools/compiler/bin/../lib/gcc/arm-none-eabi/7.3.1/../../../../arm-none-eabi/lib/thumb/v7e-m/fpv4-sp/hard\libc.a(lib_a-memcpy.o)
 .ARM.attributes
                0x0000056f       0x34 c:/ac6/systemworkbench/plugins/fr.ac6.mcu.externaltools.arm-none.win32_1.17.0.201812190825/tools/compiler/bin/../lib/gcc/arm-none-eabi/7.3.1/../../../../arm-none-eabi/lib/thumb/v7e-m/fpv4-sp/hard\libc.a(lib_a-memset.o)
 .ARM.attributes
                0x000005a3       0x34 c:/ac6/systemworkbench/plugins/fr.ac6.mcu.externaltools.arm-none.win32_1.17.0.201812190825/tools/compiler/bin/../lib/gcc/arm-none-eabi/7.3.1/../../../../arm-none-eabi/lib/thumb/v7e-m/fpv4-sp/hard\libc.a(lib_a-mlock.o)
 .ARM.attributes
                0x000005d7       0x34 c:/ac6/systemworkbench/plugins/fr.ac6.mcu.externaltools.arm-none.win32_1.17.0.201812190825/tools/compiler/bin/../lib/gcc/arm-none-eabi/7.3.1/../../../../arm-none-eabi/lib/thumb/v7e-m/fpv4-sp/hard\libc.a(lib_a-sbrkr.o)
 .ARM.attributes
                0x0000060b       0x34 c:/ac6/systemworkbench/plugins/fr.ac6.mcu.externaltools.arm-none.win32_1.17.0.201812190825/tools/compiler/bin/../lib/gcc/arm-none-eabi/7.3.1/../../../../arm-none-eabi/lib/thumb/v7e-m/fpv4-sp/hard\libc.a(lib_a-snprintf.o)
 .ARM.attributes
                0x0000063f       0x20 c:/ac6/systemworkbench/plugins/fr.ac6.mcu.externaltools.arm-none.win32_1.17.0.201812190825/tools/compiler/bin/../lib/gcc/arm-none-eabi/7.3.1/../../../../arm-none-eabi/lib/thumb/v7e-m/fpv4-sp/hard\libc.a(lib_a-strlen.o)
 .ARM.attributes
                0x0000065f       0x34 c:/ac6/systemworkbench/plugins/fr.ac6.mcu.externaltools.arm-none.win32_1.17.0.201812190825/tools/compiler/bin/../lib/gcc/arm-none-eabi/7.3.1/../../../../arm-none-eabi/lib/thumb/v7e-m/fpv4-sp/hard\libc.a(lib_a-svfprintf.o)
 .ARM.attributes
                0x00000693       0x34 c:/ac6/systemworkbench/plugins/fr.ac6.mcu.externaltools.arm-none.win32_1.17.0.201812190825/tools/compiler/bin/../lib/gcc/arm-none-eabi/7.3.1/../../../../arm-none-eabi/lib/thumb/v7e-m/fpv4-sp/hard\libc.a(lib_a-__call_atexit.o)
 .ARM.attributes
                0x000006c7       0x34 c:/ac6/systemworkbench/plugins/fr.ac6.mcu.externaltools.arm-none.win32_1.17.0.201812190825/tools/compiler/bin/../lib/gcc/arm-none-eabi/7.3.1/../../../../arm-none-eabi/lib/thumb/v7e-m/fpv4-sp/hard\libc.a(lib_a-atexit.o)
 .ARM.attributes
                0x000006fb       0x34 c:/ac6/systemworkbench/plugins/fr.ac6.mcu.externaltools.arm-none.win32_1.17.0.201812190825/tools/compiler/bin/../lib/gcc/arm-none-eabi/7.3.1/../../../../arm-none-eabi/lib/thumb/v7e-m/fpv4-sp/hard\libc.a(lib_a-dtoa.o)
 .ARM.attributes
                0x0000072f       0x34 c:/ac6/systemworkbench/plugins/fr.ac6.mcu.externaltools.arm-none.win32_1.17.0.201812190825/tools/compiler/bin/../lib/gcc/arm-none-eabi/7.3.1/../../../../arm-none-eabi/lib/thumb/v7e-m/fpv4-sp/hard\libc.a(lib_a-fini.o)
 .ARM.attributes
                0x00000763       0x34 c:/ac6/systemworkbench/plugins/fr.ac6.mcu.externaltools.arm-none.win32_1.17.0.201812190825/tools/compiler/bin/../lib/gcc/arm-none-eabi/7.3.1/../../../../arm-none-eabi/lib/thumb/v7e-m/fpv4-sp/hard\libc.a(lib_a-freer.o)
 .ARM.attributes
                0x00000797       0x34 c:/ac6/systemworkbench/plugins/fr.ac6.mcu.externaltools.arm-none.win32_1.17.0.201812190825/tools/compiler/bin/../lib/gcc/arm-none-eabi/7.3.1/../../../../arm-none-eabi/lib/thumb/v7e-m/fpv4-sp/hard\libc.a(lib_a-localeconv.o)
 .ARM.attributes
                0x000007cb       0x34 c:/ac6/systemworkbench/plugins/fr.ac6.mcu.externaltools.arm-none.win32_1.17.0.201812190825/tools/compiler/bin/../lib/gcc/arm-none-eabi/7.3.1/../../../../arm-none-eabi/lib/thumb/v7e-m/fpv4-sp/hard\libc.a(lib_a-lock.o)
 .ARM.attributes
                0x000007ff       0x20 c:/ac6/systemworkbench/plugins/fr.ac6.mcu.externaltools.arm-none.win32_1.17.0.201812190825/tools/compiler/bin/../lib/gcc/arm-none-eabi/7.3.1/../../../../arm-none-eabi/lib/thumb/v7e-m/fpv4-sp/hard\libc.a(lib_a-memchr.o)
 .ARM.attributes
                0x0000081f       0x34 c:/ac6/systemworkbench/plugins/fr.ac6.mcu.externaltools.arm-none.win32_1.17.0.201812190825/tools/compiler/bin/../lib/gcc/arm-none-eabi/7.3.1/../../../../arm-none-eabi/lib/thumb/v7e-m/fpv4-sp/hard\libc.a(lib_a-mprec.o)
 .ARM.attributes
                0x00000853       0x34 c:/ac6/systemworkbench/plugins/fr.ac6.mcu.externaltools.arm-none.win32_1.17.0.201812190825/tools/compiler/bin/../lib/gcc/arm-none-eabi/7.3.1/../../../../arm-none-eabi/lib/thumb/v7e-m/fpv4-sp/hard\libc.a(lib_a-reent.o)
 .ARM.attributes
                0x00000887       0x34 c:/ac6/systemworkbench/plugins/fr.ac6.mcu.externaltools.arm-none.win32_1.17.0.201812190825/tools/compiler/bin/../lib/gcc/arm-none-eabi/7.3.1/../../../../arm-none-eabi/lib/thumb/v7e-m/fpv4-sp/hard\libc.a(lib_a-s_frexp.o)
 .ARM.attributes
                0x000008bb       0x34 c:/ac6/systemworkbench/plugins/fr.ac6.mcu.externaltools.arm-none.win32_1.17.0.201812190825/tools/compiler/bin/../lib/gcc/arm-none-eabi/7.3.1/../../../../arm-none-eabi/lib/thumb/v7e-m/fpv4-sp/hard\libc.a(lib_a-strncpy.o)
 .ARM.attributes
                0x000008ef       0x34 c:/ac6/systemworkbench/plugins/fr.ac6.mcu.externaltools.arm-none.win32_1.17.0.201812190825/tools/compiler/bin/../lib/gcc/arm-none-eabi/7.3.1/../../../../arm-none-eabi/lib/thumb/v7e-m/fpv4-sp/hard\libc.a(lib_a-svfiprintf.o)
 .ARM.attributes
                0x00000923       0x34 c:/ac6/systemworkbench/plugins/fr.ac6.mcu.externaltools.arm-none.win32_1.17.0.201812190825/tools/compiler/bin/../lib/gcc/arm-none-eabi/7.3.1/../../../../arm-none-eabi/lib/thumb/v7e-m/fpv4-sp/hard\libc.a(lib_a-__atexit.o)
 .ARM.attributes
                0x00000957       0x34 c:/ac6/systemworkbench/plugins/fr.ac6.mcu.externaltools.arm-none.win32_1.17.0.201812190825/tools/compiler/bin/../lib/gcc/arm-none-eabi/7.3.1/../../../../arm-none-eabi/lib/thumb/v7e-m/fpv4-sp/hard\libc.a(lib_a-callocr.o)
 .ARM.attributes
                0x0000098b       0x34 c:/ac6/systemworkbench/plugins/fr.ac6.mcu.externaltools.arm-none.win32_1.17.0.201812190825/tools/compiler/bin/../lib/gcc/arm-none-eabi/7.3.1/../../../../arm-none-eabi/lib/thumb/v7e-m/fpv4-sp/hard\libc.a(lib_a-locale.o)
 .ARM.attributes
                0x000009bf       0x34 c:/ac6/systemworkbench/plugins/fr.ac6.mcu.externaltools.arm-none.win32_1.17.0.201812190825/tools/compiler/bin/../lib/gcc/arm-none-eabi/7.3.1/../../../../arm-none-eabi/lib/thumb/v7e-m/fpv4-sp/hard\libc.a(lib_a-mbtowc_r.o)
 .ARM.attributes
                0x000009f3       0x34 c:/ac6/systemworkbench/plugins/fr.ac6.mcu.externaltools.arm-none.win32_1.17.0.201812190825/tools/compiler/bin/../lib/gcc/arm-none-eabi/7.3.1/../../../../arm-none-eabi/lib/thumb/v7e-m/fpv4-sp/hard\libc.a(lib_a-memmove.o)
 .ARM.attributes
                0x00000a27       0x34 c:/ac6/systemworkbench/plugins/fr.ac6.mcu.externaltools.arm-none.win32_1.17.0.201812190825/tools/compiler/bin/../lib/gcc/arm-none-eabi/7.3.1/../../../../arm-none-eabi/lib/thumb/v7e-m/fpv4-sp/hard\libc.a(lib_a-reallocr.o)
 .ARM.attributes
                0x00000a5b       0x34 c:/ac6/systemworkbench/plugins/fr.ac6.mcu.externaltools.arm-none.win32_1.17.0.201812190825/tools/compiler/bin/../lib/gcc/arm-none-eabi/7.3.1/../../../../arm-none-eabi/lib/thumb/v7e-m/fpv4-sp/hard\libc.a(lib_a-wctomb_r.o)
 .ARM.attributes
                0x00000a8f       0x34 c:/ac6/systemworkbench/plugins/fr.ac6.mcu.externaltools.arm-none.win32_1.17.0.201812190825/tools/compiler/bin/../lib/gcc/arm-none-eabi/7.3.1/../../../../arm-none-eabi/lib/thumb/v7e-m/fpv4-sp/hard\libc.a(lib_a-ctype_.o)
 .ARM.attributes
                0x00000ac3       0x22 c:/ac6/systemworkbench/plugins/fr.ac6.mcu.externaltools.arm-none.win32_1.17.0.201812190825/tools/compiler/bin/../lib/gcc/arm-none-eabi/7.3.1/thumb/v7e-m/fpv4-sp/hard\libgcc.a(_arm_cmpdf2.o)
 .ARM.attributes
                0x00000ae5       0x22 c:/ac6/systemworkbench/plugins/fr.ac6.mcu.externaltools.arm-none.win32_1.17.0.201812190825/tools/compiler/bin/../lib/gcc/arm-none-eabi/7.3.1/thumb/v7e-m/fpv4-sp/hard\libgcc.a(_arm_unorddf2.o)
 .ARM.attributes
                0x00000b07       0x22 c:/ac6/systemworkbench/plugins/fr.ac6.mcu.externaltools.arm-none.win32_1.17.0.201812190825/tools/compiler/bin/../lib/gcc/arm-none-eabi/7.3.1/thumb/v7e-m/fpv4-sp/hard\libgcc.a(_arm_fixdfsi.o)
 .ARM.attributes
                0x00000b29       0x22 c:/ac6/systemworkbench/plugins/fr.ac6.mcu.externaltools.arm-none.win32_1.17.0.201812190825/tools/compiler/bin/../lib/gcc/arm-none-eabi/7.3.1/thumb/v7e-m/fpv4-sp/hard\libgcc.a(_aeabi_uldivmod.o)
 .ARM.attributes
                0x00000b4b       0x34 c:/ac6/systemworkbench/plugins/fr.ac6.mcu.externaltools.arm-none.win32_1.17.0.201812190825/tools/compiler/bin/../lib/gcc/arm-none-eabi/7.3.1/thumb/v7e-m/fpv4-sp/hard\libgcc.a(_udivmoddi4.o)
 .ARM.attributes
                0x00000b7f       0x22 c:/ac6/systemworkbench/plugins/fr.ac6.mcu.externaltools.arm-none.win32_1.17.0.201812190825/tools/compiler/bin/../lib/gcc/arm-none-eabi/7.3.1/thumb/v7e-m/fpv4-sp/hard\libgcc.a(_dvmd_tls.o)
 .ARM.attributes
                0x00000ba1       0x22 c:/ac6/systemworkbench/plugins/fr.ac6.mcu.externaltools.arm-none.win32_1.17.0.201812190825/tools/compiler/bin/../lib/gcc/arm-none-eabi/7.3.1/thumb/v7e-m/fpv4-sp/hard/crtn.o
OUTPUT(405_fatfs_load.elf elf32-littlearm)

.debug_info     0x00000000     0xf6bc
 .debug_info    0x00000000      0x74b StdPeriph_Driver/src/stm32f4xx_dma.o
 .debug_info    0x0000074b      0x62b StdPeriph_Driver/src/stm32f4xx_gpio.o
 .debug_info    0x00000d76      0xe67 StdPeriph_Driver/src/stm32f4xx_rcc.o
 .debug_info    0x00001bdd      0x80b StdPeriph_Driver/src/stm32f4xx_sdio.o
 .debug_info    0x000023e8     0x1c73 StdPeriph_Driver/src/stm32f4xx_tim.o
 .debug_info    0x0000405b     0x1313 src/diskio.o
 .debug_info    0x0000536e      0x273 src/fatfs.o
 .debug_info    0x000055e1     0x25aa src/fatfs_sd_sdio.o
 .debug_info    0x00007b8b     0x1eec src/ff.o
 .debug_info    0x00009a77      0x3be src/ff_gen_drv.o
 .debug_info    0x00009e35     0x1a4f src/main.o
 .debug_info    0x0000b884     0x1006 src/sd_diskio.o
 .debug_info    0x0000c88a      0xf2e src/syscalls.o
 .debug_info    0x0000d7b8      0x612 src/system_stm32f4xx.o
 .debug_info    0x0000ddca     0x1053 src/tm_stm32f4_fatfs.o
 .debug_info    0x0000ee1d      0x87d src/tm_stm32f4_gpio.o
 .debug_info    0x0000f69a       0x22 startup/startup_stm32.o

.debug_abbrev   0x00000000     0x208c
 .debug_abbrev  0x00000000      0x16d StdPeriph_Driver/src/stm32f4xx_dma.o
 .debug_abbrev  0x0000016d      0x1bf StdPeriph_Driver/src/stm32f4xx_gpio.o
 .debug_abbrev  0x0000032c      0x1d4 StdPeriph_Driver/src/stm32f4xx_rcc.o
 .debug_abbrev  0x00000500      0x191 StdPeriph_Driver/src/stm32f4xx_sdio.o
 .debug_abbrev  0x00000691      0x19f StdPeriph_Driver/src/stm32f4xx_tim.o
 .debug_abbrev  0x00000830      0x2ad src/diskio.o
 .debug_abbrev  0x00000add       0xf9 src/fatfs.o
 .debug_abbrev  0x00000bd6      0x32d src/fatfs_sd_sdio.o
 .debug_abbrev  0x00000f03      0x24d src/ff.o
 .debug_abbrev  0x00001150      0x19c src/ff_gen_drv.o
 .debug_abbrev  0x000012ec      0x36c src/main.o
 .debug_abbrev  0x00001658      0x236 src/sd_diskio.o
 .debug_abbrev  0x0000188e      0x2aa src/syscalls.o
 .debug_abbrev  0x00001b38      0x15d src/system_stm32f4xx.o
 .debug_abbrev  0x00001c95      0x264 src/tm_stm32f4_fatfs.o
 .debug_abbrev  0x00001ef9      0x181 src/tm_stm32f4_gpio.o
 .debug_abbrev  0x0000207a       0x12 startup/startup_stm32.o

.debug_aranges  0x00000000      0xee8
 .debug_aranges
                0x00000000       0xb0 StdPeriph_Driver/src/stm32f4xx_dma.o
 .debug_aranges
                0x000000b0       0x88 StdPeriph_Driver/src/stm32f4xx_gpio.o
 .debug_aranges
                0x00000138      0x1c0 StdPeriph_Driver/src/stm32f4xx_rcc.o
 .debug_aranges
                0x000002f8      0x108 StdPeriph_Driver/src/stm32f4xx_sdio.o
 .debug_aranges
                0x00000400      0x2f8 StdPeriph_Driver/src/stm32f4xx_tim.o
 .debug_aranges
                0x000006f8      0x128 src/diskio.o
 .debug_aranges
                0x00000820       0x20 src/fatfs.o
 .debug_aranges
                0x00000840      0x1c8 src/fatfs_sd_sdio.o
 .debug_aranges
                0x00000a08      0x1e0 src/ff.o
 .debug_aranges
                0x00000be8       0x40 src/ff_gen_drv.o
 .debug_aranges
                0x00000c28       0x88 src/main.o
 .debug_aranges
                0x00000cb0       0x40 src/sd_diskio.o
 .debug_aranges
                0x00000cf0       0xb0 src/syscalls.o
 .debug_aranges
                0x00000da0       0x30 src/system_stm32f4xx.o
 .debug_aranges
                0x00000dd0       0x58 src/tm_stm32f4_fatfs.o
 .debug_aranges
                0x00000e28       0x98 src/tm_stm32f4_gpio.o
 .debug_aranges
                0x00000ec0       0x28 startup/startup_stm32.o

.debug_ranges   0x00000000      0xde0
 .debug_ranges  0x00000000       0xa0 StdPeriph_Driver/src/stm32f4xx_dma.o
 .debug_ranges  0x000000a0       0x78 StdPeriph_Driver/src/stm32f4xx_gpio.o
 .debug_ranges  0x00000118      0x1b0 StdPeriph_Driver/src/stm32f4xx_rcc.o
 .debug_ranges  0x000002c8       0xf8 StdPeriph_Driver/src/stm32f4xx_sdio.o
 .debug_ranges  0x000003c0      0x2e8 StdPeriph_Driver/src/stm32f4xx_tim.o
 .debug_ranges  0x000006a8      0x118 src/diskio.o
 .debug_ranges  0x000007c0       0x10 src/fatfs.o
 .debug_ranges  0x000007d0      0x1b8 src/fatfs_sd_sdio.o
 .debug_ranges  0x00000988      0x1d0 src/ff.o
 .debug_ranges  0x00000b58       0x30 src/ff_gen_drv.o
 .debug_ranges  0x00000b88       0x78 src/main.o
 .debug_ranges  0x00000c00       0x30 src/sd_diskio.o
 .debug_ranges  0x00000c30       0xa0 src/syscalls.o
 .debug_ranges  0x00000cd0       0x20 src/system_stm32f4xx.o
 .debug_ranges  0x00000cf0       0x48 src/tm_stm32f4_fatfs.o
 .debug_ranges  0x00000d38       0x88 src/tm_stm32f4_gpio.o
 .debug_ranges  0x00000dc0       0x20 startup/startup_stm32.o

.debug_macro    0x00000000     0x5d4b
 .debug_macro   0x00000000      0x210 StdPeriph_Driver/src/stm32f4xx_dma.o
 .debug_macro   0x00000210      0x471 StdPeriph_Driver/src/stm32f4xx_dma.o
 .debug_macro   0x00000681      0x1bc StdPeriph_Driver/src/stm32f4xx_gpio.o
 .debug_macro   0x0000083d      0x2f5 StdPeriph_Driver/src/stm32f4xx_gpio.o
 .debug_macro   0x00000b32      0x28b StdPeriph_Driver/src/stm32f4xx_rcc.o
 .debug_macro   0x00000dbd      0x289 StdPeriph_Driver/src/stm32f4xx_sdio.o
 .debug_macro   0x00001046      0x33c StdPeriph_Driver/src/stm32f4xx_sdio.o
 .debug_macro   0x00001382      0x1e6 StdPeriph_Driver/src/stm32f4xx_tim.o
 .debug_macro   0x00001568      0x735 StdPeriph_Driver/src/stm32f4xx_tim.o
 .debug_macro   0x00001c9d      0x420 src/diskio.o
 .debug_macro   0x000020bd       0x16 src/diskio.o
 .debug_macro   0x000020d3       0x16 src/diskio.o
 .debug_macro   0x000020e9       0xa0 src/diskio.o
 .debug_macro   0x00002189       0xd7 src/diskio.o
 .debug_macro   0x00002260       0xf5 src/diskio.o
 .debug_macro   0x00002355       0x5e src/diskio.o
 .debug_macro   0x000023b3       0x18 src/diskio.o
 .debug_macro   0x000023cb       0x35 src/diskio.o
 .debug_macro   0x00002400       0x34 src/diskio.o
 .debug_macro   0x00002434      0x174 src/diskio.o
 .debug_macro   0x000025a8       0x58 src/diskio.o
 .debug_macro   0x00002600       0x1f src/diskio.o
 .debug_macro   0x0000261f       0x43 src/diskio.o
 .debug_macro   0x00002662       0x20 src/diskio.o
 .debug_macro   0x00002682      0x18e src/diskio.o
 .debug_macro   0x00002810      0x330 src/diskio.o
 .debug_macro   0x00002b40       0x10 src/diskio.o
 .debug_macro   0x00002b50       0x35 src/diskio.o
 .debug_macro   0x00002b85       0x16 src/diskio.o
 .debug_macro   0x00002b9b       0x16 src/diskio.o
 .debug_macro   0x00002bb1       0x29 src/diskio.o
 .debug_macro   0x00002bda       0x1c src/diskio.o
 .debug_macro   0x00002bf6       0x10 src/diskio.o
 .debug_macro   0x00002c06       0x10 src/diskio.o
 .debug_macro   0x00002c16       0x1c src/diskio.o
 .debug_macro   0x00002c32       0x52 src/diskio.o
 .debug_macro   0x00002c84       0x40 src/diskio.o
 .debug_macro   0x00002cc4       0x10 src/diskio.o
 .debug_macro   0x00002cd4       0x40 src/diskio.o
 .debug_macro   0x00002d14       0xd7 src/diskio.o
 .debug_macro   0x00002deb       0x1c src/diskio.o
 .debug_macro   0x00002e07       0x3d src/diskio.o
 .debug_macro   0x00002e44       0x16 src/diskio.o
 .debug_macro   0x00002e5a      0x16f src/diskio.o
 .debug_macro   0x00002fc9       0x19 src/diskio.o
 .debug_macro   0x00002fe2       0xaf src/diskio.o
 .debug_macro   0x00003091      0x406 src/diskio.o
 .debug_macro   0x00003497      0x20a src/fatfs.o
 .debug_macro   0x000036a1      0x3e4 src/fatfs_sd_sdio.o
 .debug_macro   0x00003a85       0xdd src/fatfs_sd_sdio.o
 .debug_macro   0x00003b62      0x43e src/ff.o
 .debug_macro   0x00003fa0       0x58 src/ff.o
 .debug_macro   0x00003ff8      0x1f6 src/ff_gen_drv.o
 .debug_macro   0x000041ee      0x5db src/main.o
 .debug_macro   0x000047c9      0x3e1 src/sd_diskio.o
 .debug_macro   0x00004baa       0x58 src/sd_diskio.o
 .debug_macro   0x00004c02       0x94 src/sd_diskio.o
 .debug_macro   0x00004c96       0x57 src/sd_diskio.o
 .debug_macro   0x00004ced       0x10 src/sd_diskio.o
 .debug_macro   0x00004cfd      0x243 src/syscalls.o
 .debug_macro   0x00004f40       0x10 src/syscalls.o
 .debug_macro   0x00004f50       0x10 src/syscalls.o
 .debug_macro   0x00004f60       0x10 src/syscalls.o
 .debug_macro   0x00004f70       0x35 src/syscalls.o
 .debug_macro   0x00004fa5      0x122 src/syscalls.o
 .debug_macro   0x000050c7       0x10 src/syscalls.o
 .debug_macro   0x000050d7      0x241 src/syscalls.o
 .debug_macro   0x00005318       0x10 src/syscalls.o
 .debug_macro   0x00005328      0x189 src/syscalls.o
 .debug_macro   0x000054b1       0x16 src/syscalls.o
 .debug_macro   0x000054c7       0x88 src/syscalls.o
 .debug_macro   0x0000554f      0x1d2 src/system_stm32f4xx.o
 .debug_macro   0x00005721      0x3c0 src/tm_stm32f4_fatfs.o
 .debug_macro   0x00005ae1      0x1c1 src/tm_stm32f4_gpio.o
 .debug_macro   0x00005ca2       0xa9 src/tm_stm32f4_gpio.o

.debug_line     0x00000000     0xa9f2
 .debug_line    0x00000000      0x877 StdPeriph_Driver/src/stm32f4xx_dma.o
 .debug_line    0x00000877      0x7bc StdPeriph_Driver/src/stm32f4xx_gpio.o
 .debug_line    0x00001033      0xab0 StdPeriph_Driver/src/stm32f4xx_rcc.o
 .debug_line    0x00001ae3      0x885 StdPeriph_Driver/src/stm32f4xx_sdio.o
 .debug_line    0x00002368      0xf0e StdPeriph_Driver/src/stm32f4xx_tim.o
 .debug_line    0x00003276      0xac2 src/diskio.o
 .debug_line    0x00003d38      0x6d6 src/fatfs.o
 .debug_line    0x0000440e     0x1454 src/fatfs_sd_sdio.o
 .debug_line    0x00005862     0x184d src/ff.o
 .debug_line    0x000070af      0x71e src/ff_gen_drv.o
 .debug_line    0x000077cd      0xa6b src/main.o
 .debug_line    0x00008238      0x8ef src/sd_diskio.o
 .debug_line    0x00008b27      0x5df src/syscalls.o
 .debug_line    0x00009106      0x6b1 src/system_stm32f4xx.o
 .debug_line    0x000097b7      0x973 src/tm_stm32f4_fatfs.o
 .debug_line    0x0000a12a      0x84c src/tm_stm32f4_gpio.o
 .debug_line    0x0000a976       0x7c startup/startup_stm32.o

.debug_str      0x00000000    0x6bf6d
 .debug_str     0x00000000    0x5ee8c StdPeriph_Driver/src/stm32f4xx_dma.o
                              0x5f057 (size before relaxing)
 .debug_str     0x0005ee8c      0x239 StdPeriph_Driver/src/stm32f4xx_gpio.o
                              0x5ec99 (size before relaxing)
 .debug_str     0x0005f0c5      0xd91 StdPeriph_Driver/src/stm32f4xx_rcc.o
                              0x5f7a6 (size before relaxing)
 .debug_str     0x0005fe56      0x9b1 StdPeriph_Driver/src/stm32f4xx_sdio.o
                              0x5f38a (size before relaxing)
 .debug_str     0x00060807      0xc2f StdPeriph_Driver/src/stm32f4xx_tim.o
                              0x5f690 (size before relaxing)
 .debug_str     0x00061436     0x6886 src/diskio.o
                              0x6535d (size before relaxing)
 .debug_str     0x00067cbc       0x4f src/fatfs.o
                              0x5f284 (size before relaxing)
 .debug_str     0x00067d0b      0xd17 src/fatfs_sd_sdio.o
                              0x6617e (size before relaxing)
 .debug_str     0x00068a22      0xded src/ff.o
                              0x60056 (size before relaxing)
 .debug_str     0x0006980f       0x84 src/ff_gen_drv.o
                              0x5f2e2 (size before relaxing)
 .debug_str     0x00069893     0x10cb src/main.o
                              0x64996 (size before relaxing)
 .debug_str     0x0006a95e       0x45 src/sd_diskio.o
                              0x65545 (size before relaxing)
 .debug_str     0x0006a9a3     0x10e9 src/syscalls.o
                               0x85c3 (size before relaxing)
 .debug_str     0x0006ba8c      0x11a src/system_stm32f4xx.o
                              0x5ebeb (size before relaxing)
 .debug_str     0x0006bba6      0x1a4 src/tm_stm32f4_fatfs.o
                              0x637b1 (size before relaxing)
 .debug_str     0x0006bd4a      0x1fa src/tm_stm32f4_gpio.o
                              0x5f258 (size before relaxing)
 .debug_str     0x0006bf44       0x29 startup/startup_stm32.o
                                 0x76 (size before relaxing)

.comment        0x00000000       0x7f
 .comment       0x00000000       0x7f StdPeriph_Driver/src/stm32f4xx_dma.o
                                 0x80 (size before relaxing)
 .comment       0x0000007f       0x80 StdPeriph_Driver/src/stm32f4xx_gpio.o
 .comment       0x0000007f       0x80 StdPeriph_Driver/src/stm32f4xx_rcc.o
 .comment       0x0000007f       0x80 StdPeriph_Driver/src/stm32f4xx_sdio.o
 .comment       0x0000007f       0x80 StdPeriph_Driver/src/stm32f4xx_tim.o
 .comment       0x0000007f       0x80 src/diskio.o
 .comment       0x0000007f       0x80 src/fatfs.o
 .comment       0x0000007f       0x80 src/fatfs_sd_sdio.o
 .comment       0x0000007f       0x80 src/ff.o
 .comment       0x0000007f       0x80 src/ff_gen_drv.o
 .comment       0x0000007f       0x80 src/main.o
 .comment       0x0000007f       0x80 src/sd_diskio.o
 .comment       0x0000007f       0x80 src/syscalls.o
 .comment       0x0000007f       0x80 src/system_stm32f4xx.o
 .comment       0x0000007f       0x80 src/tm_stm32f4_fatfs.o
 .comment       0x0000007f       0x80 src/tm_stm32f4_gpio.o

.debug_frame    0x00000000     0x4d5c
 .debug_frame   0x00000000      0x308 StdPeriph_Driver/src/stm32f4xx_dma.o
 .debug_frame   0x00000308      0x23c StdPeriph_Driver/src/stm32f4xx_gpio.o
 .debug_frame   0x00000544      0x83c StdPeriph_Driver/src/stm32f4xx_rcc.o
 .debug_frame   0x00000d80      0x48c StdPeriph_Driver/src/stm32f4xx_sdio.o
 .debug_frame   0x0000120c      0xe54 StdPeriph_Driver/src/stm32f4xx_tim.o
 .debug_frame   0x00002060      0x4fc src/diskio.o
 .debug_frame   0x0000255c       0x2c src/fatfs.o
 .debug_frame   0x00002588      0x7c8 src/fatfs_sd_sdio.o
 .debug_frame   0x00002d50      0x898 src/ff.o
 .debug_frame   0x000035e8       0xc8 src/ff_gen_drv.o
 .debug_frame   0x000036b0      0x210 src/main.o
 .debug_frame   0x000038c0       0xd0 src/sd_diskio.o
 .debug_frame   0x00003990      0x2d0 src/syscalls.o
 .debug_frame   0x00003c60       0x7c src/system_stm32f4xx.o
 .debug_frame   0x00003cdc      0x140 src/tm_stm32f4_fatfs.o
 .debug_frame   0x00003e1c      0x274 src/tm_stm32f4_gpio.o
 .debug_frame   0x00004090       0xac c:/ac6/systemworkbench/plugins/fr.ac6.mcu.externaltools.arm-none.win32_1.17.0.201812190825/tools/compiler/bin/../lib/gcc/arm-none-eabi/7.3.1/thumb/v7e-m/fpv4-sp/hard\libgcc.a(_arm_addsubdf3.o)
 .debug_frame   0x0000413c       0x50 c:/ac6/systemworkbench/plugins/fr.ac6.mcu.externaltools.arm-none.win32_1.17.0.201812190825/tools/compiler/bin/../lib/gcc/arm-none-eabi/7.3.1/thumb/v7e-m/fpv4-sp/hard\libgcc.a(_arm_muldivdf3.o)
 .debug_frame   0x0000418c       0x20 c:/ac6/systemworkbench/plugins/fr.ac6.mcu.externaltools.arm-none.win32_1.17.0.201812190825/tools/compiler/bin/../lib/gcc/arm-none-eabi/7.3.1/../../../../arm-none-eabi/lib/thumb/v7e-m/fpv4-sp/hard\libc.a(lib_a-errno.o)
 .debug_frame   0x000041ac       0x2c c:/ac6/systemworkbench/plugins/fr.ac6.mcu.externaltools.arm-none.win32_1.17.0.201812190825/tools/compiler/bin/../lib/gcc/arm-none-eabi/7.3.1/../../../../arm-none-eabi/lib/thumb/v7e-m/fpv4-sp/hard\libc.a(lib_a-init.o)
 .debug_frame   0x000041d8       0x30 c:/ac6/systemworkbench/plugins/fr.ac6.mcu.externaltools.arm-none.win32_1.17.0.201812190825/tools/compiler/bin/../lib/gcc/arm-none-eabi/7.3.1/../../../../arm-none-eabi/lib/thumb/v7e-m/fpv4-sp/hard\libc.a(lib_a-malloc.o)
 .debug_frame   0x00004208       0x54 c:/ac6/systemworkbench/plugins/fr.ac6.mcu.externaltools.arm-none.win32_1.17.0.201812190825/tools/compiler/bin/../lib/gcc/arm-none-eabi/7.3.1/../../../../arm-none-eabi/lib/thumb/v7e-m/fpv4-sp/hard\libc.a(lib_a-mallocr.o)
 .debug_frame   0x0000425c       0x38 c:/ac6/systemworkbench/plugins/fr.ac6.mcu.externaltools.arm-none.win32_1.17.0.201812190825/tools/compiler/bin/../lib/gcc/arm-none-eabi/7.3.1/../../../../arm-none-eabi/lib/thumb/v7e-m/fpv4-sp/hard\libc.a(lib_a-memset.o)
 .debug_frame   0x00004294       0x30 c:/ac6/systemworkbench/plugins/fr.ac6.mcu.externaltools.arm-none.win32_1.17.0.201812190825/tools/compiler/bin/../lib/gcc/arm-none-eabi/7.3.1/../../../../arm-none-eabi/lib/thumb/v7e-m/fpv4-sp/hard\libc.a(lib_a-mlock.o)
 .debug_frame   0x000042c4       0x2c c:/ac6/systemworkbench/plugins/fr.ac6.mcu.externaltools.arm-none.win32_1.17.0.201812190825/tools/compiler/bin/../lib/gcc/arm-none-eabi/7.3.1/../../../../arm-none-eabi/lib/thumb/v7e-m/fpv4-sp/hard\libc.a(lib_a-sbrkr.o)
 .debug_frame   0x000042f0       0x9c c:/ac6/systemworkbench/plugins/fr.ac6.mcu.externaltools.arm-none.win32_1.17.0.201812190825/tools/compiler/bin/../lib/gcc/arm-none-eabi/7.3.1/../../../../arm-none-eabi/lib/thumb/v7e-m/fpv4-sp/hard\libc.a(lib_a-snprintf.o)
 .debug_frame   0x0000438c       0x40 c:/ac6/systemworkbench/plugins/fr.ac6.mcu.externaltools.arm-none.win32_1.17.0.201812190825/tools/compiler/bin/../lib/gcc/arm-none-eabi/7.3.1/../../../../arm-none-eabi/lib/thumb/v7e-m/fpv4-sp/hard\libc.a(lib_a-svfprintf.o)
 .debug_frame   0x000043cc       0x5c c:/ac6/systemworkbench/plugins/fr.ac6.mcu.externaltools.arm-none.win32_1.17.0.201812190825/tools/compiler/bin/../lib/gcc/arm-none-eabi/7.3.1/../../../../arm-none-eabi/lib/thumb/v7e-m/fpv4-sp/hard\libc.a(lib_a-__call_atexit.o)
 .debug_frame   0x00004428       0x20 c:/ac6/systemworkbench/plugins/fr.ac6.mcu.externaltools.arm-none.win32_1.17.0.201812190825/tools/compiler/bin/../lib/gcc/arm-none-eabi/7.3.1/../../../../arm-none-eabi/lib/thumb/v7e-m/fpv4-sp/hard\libc.a(lib_a-atexit.o)
 .debug_frame   0x00004448       0x88 c:/ac6/systemworkbench/plugins/fr.ac6.mcu.externaltools.arm-none.win32_1.17.0.201812190825/tools/compiler/bin/../lib/gcc/arm-none-eabi/7.3.1/../../../../arm-none-eabi/lib/thumb/v7e-m/fpv4-sp/hard\libc.a(lib_a-dtoa.o)
 .debug_frame   0x000044d0       0x34 c:/ac6/systemworkbench/plugins/fr.ac6.mcu.externaltools.arm-none.win32_1.17.0.201812190825/tools/compiler/bin/../lib/gcc/arm-none-eabi/7.3.1/../../../../arm-none-eabi/lib/thumb/v7e-m/fpv4-sp/hard\libc.a(lib_a-fini.o)
 .debug_frame   0x00004504       0x80 c:/ac6/systemworkbench/plugins/fr.ac6.mcu.externaltools.arm-none.win32_1.17.0.201812190825/tools/compiler/bin/../lib/gcc/arm-none-eabi/7.3.1/../../../../arm-none-eabi/lib/thumb/v7e-m/fpv4-sp/hard\libc.a(lib_a-freer.o)
 .debug_frame   0x00004584       0x40 c:/ac6/systemworkbench/plugins/fr.ac6.mcu.externaltools.arm-none.win32_1.17.0.201812190825/tools/compiler/bin/../lib/gcc/arm-none-eabi/7.3.1/../../../../arm-none-eabi/lib/thumb/v7e-m/fpv4-sp/hard\libc.a(lib_a-localeconv.o)
 .debug_frame   0x000045c4       0xb0 c:/ac6/systemworkbench/plugins/fr.ac6.mcu.externaltools.arm-none.win32_1.17.0.201812190825/tools/compiler/bin/../lib/gcc/arm-none-eabi/7.3.1/../../../../arm-none-eabi/lib/thumb/v7e-m/fpv4-sp/hard\libc.a(lib_a-lock.o)
 .debug_frame   0x00004674      0x25c c:/ac6/systemworkbench/plugins/fr.ac6.mcu.externaltools.arm-none.win32_1.17.0.201812190825/tools/compiler/bin/../lib/gcc/arm-none-eabi/7.3.1/../../../../arm-none-eabi/lib/thumb/v7e-m/fpv4-sp/hard\libc.a(lib_a-mprec.o)
 .debug_frame   0x000048d0       0x68 c:/ac6/systemworkbench/plugins/fr.ac6.mcu.externaltools.arm-none.win32_1.17.0.201812190825/tools/compiler/bin/../lib/gcc/arm-none-eabi/7.3.1/../../../../arm-none-eabi/lib/thumb/v7e-m/fpv4-sp/hard\libc.a(lib_a-reent.o)
 .debug_frame   0x00004938       0x2c c:/ac6/systemworkbench/plugins/fr.ac6.mcu.externaltools.arm-none.win32_1.17.0.201812190825/tools/compiler/bin/../lib/gcc/arm-none-eabi/7.3.1/../../../../arm-none-eabi/lib/thumb/v7e-m/fpv4-sp/hard\libc.a(lib_a-s_frexp.o)
 .debug_frame   0x00004964       0x34 c:/ac6/systemworkbench/plugins/fr.ac6.mcu.externaltools.arm-none.win32_1.17.0.201812190825/tools/compiler/bin/../lib/gcc/arm-none-eabi/7.3.1/../../../../arm-none-eabi/lib/thumb/v7e-m/fpv4-sp/hard\libc.a(lib_a-strncpy.o)
 .debug_frame   0x00004998       0x74 c:/ac6/systemworkbench/plugins/fr.ac6.mcu.externaltools.arm-none.win32_1.17.0.201812190825/tools/compiler/bin/../lib/gcc/arm-none-eabi/7.3.1/../../../../arm-none-eabi/lib/thumb/v7e-m/fpv4-sp/hard\libc.a(lib_a-svfiprintf.o)
 .debug_frame   0x00004a0c       0x34 c:/ac6/systemworkbench/plugins/fr.ac6.mcu.externaltools.arm-none.win32_1.17.0.201812190825/tools/compiler/bin/../lib/gcc/arm-none-eabi/7.3.1/../../../../arm-none-eabi/lib/thumb/v7e-m/fpv4-sp/hard\libc.a(lib_a-__atexit.o)
 .debug_frame   0x00004a40       0x28 c:/ac6/systemworkbench/plugins/fr.ac6.mcu.externaltools.arm-none.win32_1.17.0.201812190825/tools/compiler/bin/../lib/gcc/arm-none-eabi/7.3.1/../../../../arm-none-eabi/lib/thumb/v7e-m/fpv4-sp/hard\libc.a(lib_a-callocr.o)
 .debug_frame   0x00004a68       0x6c c:/ac6/systemworkbench/plugins/fr.ac6.mcu.externaltools.arm-none.win32_1.17.0.201812190825/tools/compiler/bin/../lib/gcc/arm-none-eabi/7.3.1/../../../../arm-none-eabi/lib/thumb/v7e-m/fpv4-sp/hard\libc.a(lib_a-locale.o)