Archive member included to satisfy reference by file (symbol)

c:/ac6/systemworkbench/plugins/fr.ac6.mcu.externaltools.arm-none.win32_1.17.0.201812190825/tools/compiler/bin/../lib/gcc/arm-none-eabi/7.3.1/thumb/v7e-m/fpv4-sp/hard\libgcc.a(_arm_addsubdf3.o)
                              src/tm_stm32f4_fatfs.o (__aeabi_ui2d)
c:/ac6/systemworkbench/plugins/fr.ac6.mcu.externaltools.arm-none.win32_1.17.0.201812190825/tools/compiler/bin/../lib/gcc/arm-none-eabi/7.3.1/thumb/v7e-m/fpv4-sp/hard\libgcc.a(_arm_muldivdf3.o)
                              src/tm_stm32f4_fatfs.o (__aeabi_dmul)
c:/ac6/systemworkbench/plugins/fr.ac6.mcu.externaltools.arm-none.win32_1.17.0.201812190825/tools/compiler/bin/../lib/gcc/arm-none-eabi/7.3.1/thumb/v7e-m/fpv4-sp/hard\libgcc.a(_arm_fixunsdfsi.o)
                              src/tm_stm32f4_fatfs.o (__aeabi_d2uiz)
c:/ac6/systemworkbench/plugins/fr.ac6.mcu.externaltools.arm-none.win32_1.17.0.201812190825/tools/compiler/bin/../lib/gcc/arm-none-eabi/7.3.1/../../../../arm-none-eabi/lib/thumb/v7e-m/fpv4-sp/hard\libc.a(lib_a-errno.o)
                              src/syscalls.o (__errno)
c:/ac6/systemworkbench/plugins/fr.ac6.mcu.externaltools.arm-none.win32_1.17.0.201812190825/tools/compiler/bin/../lib/gcc/arm-none-eabi/7.3.1/../../../../arm-none-eabi/lib/thumb/v7e-m/fpv4-sp/hard\libc.a(lib_a-exit.o)
                              c:/ac6/systemworkbench/plugins/fr.ac6.mcu.externaltools.arm-none.win32_1.17.0.201812190825/tools/compiler/bin/../lib/gcc/arm-none-eabi/7.3.1/../../../../arm-none-eabi/lib/thumb/v7e-m/fpv4-sp/hard/crt0.o (exit)
c:/ac6/systemworkbench/plugins/fr.ac6.mcu.externaltools.arm-none.win32_1.17.0.201812190825/tools/compiler/bin/../lib/gcc/arm-none-eabi/7.3.1/../../../../arm-none-eabi/lib/thumb/v7e-m/fpv4-sp/hard\libc.a(lib_a-impure.o)
                              c:/ac6/systemworkbench/plugins/fr.ac6.mcu.externaltools.arm-none.win32_1.17.0.201812190825/tools/compiler/bin/../lib/gcc/arm-none-eabi/7.3.1/../../../../arm-none-eabi/lib/thumb/v7e-m/fpv4-sp/hard\libc.a(lib_a-exit.o) (_global_impure_ptr)
c:/ac6/systemworkbench/plugins/fr.ac6.mcu.externaltools.arm-none.win32_1.17.0.201812190825/tools/compiler/bin/../lib/gcc/arm-none-eabi/7.3.1/../../../../arm-none-eabi/lib/thumb/v7e-m/fpv4-sp/hard\libc.a(lib_a-init.o)
                              c:/ac6/systemworkbench/plugins/fr.ac6.mcu.externaltools.arm-none.win32_1.17.0.201812190825/tools/compiler/bin/../lib/gcc/arm-none-eabi/7.3.1/../../../../arm-none-eabi/lib/thumb/v7e-m/fpv4-sp/hard/crt0.o (__libc_init_array)
c:/ac6/systemworkbench/plugins/fr.ac6.mcu.externaltools.arm-none.win32_1.17.0.201812190825/tools/compiler/bin/../lib/gcc/arm-none-eabi/7.3.1/../../../../arm-none-eabi/lib/thumb/v7e-m/fpv4-sp/hard\libc.a(lib_a-malloc.o)
                              src/tm_stm32f4_fatfs.o (malloc)
c:/ac6/systemworkbench/plugins/fr.ac6.mcu.externaltools.arm-none.win32_1.17.0.201812190825/tools/compiler/bin/../lib/gcc/arm-none-eabi/7.3.1/../../../../arm-none-eabi/lib/thumb/v7e-m/fpv4-sp/hard\libc.a(lib_a-mallocr.o)
                              c:/ac6/systemworkbench/plugins/fr.ac6.mcu.externaltools.arm-none.win32_1.17.0.201812190825/tools/compiler/bin/../lib/gcc/arm-none-eabi/7.3.1/../../../../arm-none-eabi/lib/thumb/v7e-m/fpv4-sp/hard\libc.a(lib_a-malloc.o) (_malloc_r)
c:/ac6/systemworkbench/plugins/fr.ac6.mcu.externaltools.arm-none.win32_1.17.0.201812190825/tools/compiler/bin/../lib/gcc/arm-none-eabi/7.3.1/../../../../arm-none-eabi/lib/thumb/v7e-m/fpv4-sp/hard\libc.a(lib_a-memcpy.o)
                              src/fatfs_sd_sdio.o (memcpy)
c:/ac6/systemworkbench/plugins/fr.ac6.mcu.externaltools.arm-none.win32_1.17.0.201812190825/tools/compiler/bin/../lib/gcc/arm-none-eabi/7.3.1/../../../../arm-none-eabi/lib/thumb/v7e-m/fpv4-sp/hard\libc.a(lib_a-memset.o)
                              c:/ac6/systemworkbench/plugins/fr.ac6.mcu.externaltools.arm-none.win32_1.17.0.201812190825/tools/compiler/bin/../lib/gcc/arm-none-eabi/7.3.1/../../../../arm-none-eabi/lib/thumb/v7e-m/fpv4-sp/hard/crt0.o (memset)
c:/ac6/systemworkbench/plugins/fr.ac6.mcu.externaltools.arm-none.win32_1.17.0.201812190825/tools/compiler/bin/../lib/gcc/arm-none-eabi/7.3.1/../../../../arm-none-eabi/lib/thumb/v7e-m/fpv4-sp/hard\libc.a(lib_a-mlock.o)
                              c:/ac6/systemworkbench/plugins/fr.ac6.mcu.externaltools.arm-none.win32_1.17.0.201812190825/tools/compiler/bin/../lib/gcc/arm-none-eabi/7.3.1/../../../../arm-none-eabi/lib/thumb/v7e-m/fpv4-sp/hard\libc.a(lib_a-mallocr.o) (__malloc_lock)
c:/ac6/systemworkbench/plugins/fr.ac6.mcu.externaltools.arm-none.win32_1.17.0.201812190825/tools/compiler/bin/../lib/gcc/arm-none-eabi/7.3.1/../../../../arm-none-eabi/lib/thumb/v7e-m/fpv4-sp/hard\libc.a(lib_a-sbrkr.o)
                              c:/ac6/systemworkbench/plugins/fr.ac6.mcu.externaltools.arm-none.win32_1.17.0.201812190825/tools/compiler/bin/../lib/gcc/arm-none-eabi/7.3.1/../../../../arm-none-eabi/lib/thumb/v7e-m/fpv4-sp/hard\libc.a(lib_a-mallocr.o) (_sbrk_r)
[...]
Memory Configuration

Name             Origin             Length             Attributes
RAM              0x20000000         0x00020000         xrw
ROM              0x08000000         0x00100000         xr
*default*        0x00000000         0xffffffff

Linker script and memory map

LOAD c:/ac6/systemworkbench/plugins/fr.ac6.mcu.externaltools.arm-none.win32_1.17.0.201812190825/tools/compiler/bin/../lib/gcc/arm-none-eabi/7.3.1/thumb/v7e-m/fpv4-sp/hard/crti.o
LOAD c:/ac6/systemworkbench/plugins/fr.ac6.mcu.externaltools.arm-none.win32_1.17.0.201812190825/tools/compiler/bin/../lib/gcc/arm-none-eabi/7.3.1/thumb/v7e-m/fpv4-sp/hard/crtbegin.o
LOAD c:/ac6/systemworkbench/plugins/fr.ac6.mcu.externaltools.arm-none.win32_1.17.0.201812190825/tools/compiler/bin/../lib/gcc/arm-none-eabi/7.3.1/../../../../arm-none-eabi/lib/thumb/v7e-m/fpv4-sp/hard/crt0.o
LOAD StdPeriph_Driver/src/misc.o
LOAD StdPeriph_Driver/src/stm32f4xx_adc.o
LOAD StdPeriph_Driver/src/stm32f4xx_can.o
LOAD StdPeriph_Driver/src/stm32f4xx_cec.o
LOAD StdPeriph_Driver/src/stm32f4xx_crc.o
LOAD StdPeriph_Driver/src/stm32f4xx_cryp.o
LOAD StdPeriph_Driver/src/stm32f4xx_cryp_aes.o
LOAD StdPeriph_Driver/src/stm32f4xx_cryp_des.o
LOAD StdPeriph_Driver/src/stm32f4xx_cryp_tdes.o
LOAD StdPeriph_Driver/src/stm32f4xx_dac.o
LOAD StdPeriph_Driver/src/stm32f4xx_dbgmcu.o
LOAD StdPeriph_Driver/src/stm32f4xx_dcmi.o
LOAD StdPeriph_Driver/src/stm32f4xx_dfsdm.o
LOAD StdPeriph_Driver/src/stm32f4xx_dma.o
LOAD StdPeriph_Driver/src/stm32f4xx_dma2d.o
LOAD StdPeriph_Driver/src/stm32f4xx_dsi.o
LOAD StdPeriph_Driver/src/stm32f4xx_exti.o
LOAD StdPeriph_Driver/src/stm32f4xx_flash.o
LOAD StdPeriph_Driver/src/stm32f4xx_flash_ramfunc.o
LOAD StdPeriph_Driver/src/stm32f4xx_fmc.o
LOAD StdPeriph_Driver/src/stm32f4xx_fmip2c.o
LOAD StdPeriph_Driver/src/stm32f4xx_fsmc.o
LOAD StdPeriph_Driver/src/stm32f4xx_gpio.o
LOAD StdPeriph_Driver/src/stm32f4xx_hash.o
LOAD StdPeriph_Driver/src/stm32f4xx_hash_md5.o
LOAD StdPeriph_Driver/src/stm32f4xx_hash_sha1.o
LOAD StdPeriph_Driver/src/stm32f4xx_i2c.o
LOAD StdPeriph_Driver/src/stm32f4xx_iwdg.o
LOAD StdPeriph_Driver/src/stm32f4xx_lptim.o
LOAD StdPeriph_Driver/src/stm32f4xx_ltdc.o
LOAD StdPeriph_Driver/src/stm32f4xx_pwr.o
LOAD StdPeriph_Driver/src/stm32f4xx_qspi.o
LOAD StdPeriph_Driver/src/stm32f4xx_rcc.o
LOAD StdPeriph_Driver/src/stm32f4xx_rng.o
LOAD StdPeriph_Driver/src/stm32f4xx_rtc.o
LOAD StdPeriph_Driver/src/stm32f4xx_sai.o
LOAD StdPeriph_Driver/src/stm32f4xx_sdio.o
LOAD StdPeriph_Driver/src/stm32f4xx_spdifrx.o
LOAD StdPeriph_Driver/src/stm32f4xx_spi.o
LOAD StdPeriph_Driver/src/stm32f4xx_syscfg.o
LOAD StdPeriph_Driver/src/stm32f4xx_tim.o
LOAD StdPeriph_Driver/src/stm32f4xx_usart.o
LOAD StdPeriph_Driver/src/stm32f4xx_wwdg.o
LOAD src/diskio.o
LOAD src/fatfs.o
LOAD src/fatfs_sd_sdio.o
LOAD src/ff.o
LOAD src/ff_gen_drv.o
LOAD src/main.o
LOAD src/sd_diskio.o
LOAD src/syscall.o
LOAD src/syscalls.o
LOAD src/system_stm32f4xx.o
LOAD src/tm_stm32f4_fatfs.o
LOAD src/tm_stm32f4_gpio.o
LOAD src/unicode.o
LOAD startup/startup_stm32.o
LOAD c:/ac6/systemworkbench/plugins/fr.ac6.mcu.externaltools.arm-none.win32_1.17.0.201812190825/tools/compiler/bin/../lib/gcc/arm-none-eabi/7.3.1/../../../../arm-none-eabi/lib/thumb/v7e-m/fpv4-sp/hard\libm.a
START GROUP
LOAD c:/ac6/systemworkbench/plugins/fr.ac6.mcu.externaltools.arm-none.win32_1.17.0.201812190825/tools/compiler/bin/../lib/gcc/arm-none-eabi/7.3.1/thumb/v7e-m/fpv4-sp/hard\libgcc.a
LOAD c:/ac6/systemworkbench/plugins/fr.ac6.mcu.externaltools.arm-none.win32_1.17.0.201812190825/tools/compiler/bin/../lib/gcc/arm-none-eabi/7.3.1/../../../../arm-none-eabi/lib/thumb/v7e-m/fpv4-sp/hard\libc.a
END GROUP
LOAD c:/ac6/systemworkbench/plugins/fr.ac6.mcu.externaltools.arm-none.win32_1.17.0.201812190825/tools/compiler/bin/../lib/gcc/arm-none-eabi/7.3.1/thumb/v7e-m/fpv4-sp/hard/crtend.o
LOAD c:/ac6/systemworkbench/plugins/fr.ac6.mcu.externaltools.arm-none.win32_1.17.0.201812190825/tools/compiler/bin/../lib/gcc/arm-none-eabi/7.3.1/thumb/v7e-m/fpv4-sp/hard/crtn.o
                0x20020000                _estack = 0x20020000
                0x00000000                _Min_Heap_Size = 0x0
                0x00000400                _Min_Stack_Size = 0x400

.isr_vector     0x08000000      0x1a8
                0x08000000                . = ALIGN (0x4)
 *(.isr_vector)
 .isr_vector    0x08000000      0x1a8 startup/startup_stm32.o
                0x08000000                g_pfnVectors
                0x080001a8                . = ALIGN (0x4)

.text           0x080001c0     0xaf00
                0x080001c0                . = ALIGN (0x4)
 *(.text)
 .text          0x080001c0       0x40 c:/ac6/systemworkbench/plugins/fr.ac6.mcu.externaltools.arm-none.win32_1.17.0.201812190825/tools/compiler/bin/../lib/gcc/arm-none-eabi/7.3.1/thumb/v7e-m/fpv4-sp/hard/crtbegin.o
 .text          0x08000200      0x378 c:/ac6/systemworkbench/plugins/fr.ac6.mcu.externaltools.arm-none.win32_1.17.0.201812190825/tools/compiler/bin/../lib/gcc/arm-none-eabi/7.3.1/thumb/v7e-m/fpv4-sp/hard\libgcc.a(_arm_addsubdf3.o)
                0x08000200                __aeabi_drsub
                0x08000208                __aeabi_dsub
                0x08000208                __subdf3
                0x0800020c                __aeabi_dadd
                0x0800020c                __adddf3
                0x08000484                __floatunsidf
                0x08000484                __aeabi_ui2d
                0x080004a4                __floatsidf
                0x080004a4                __aeabi_i2d
                0x080004c8                __aeabi_f2d
                0x080004c8                __extendsfdf2
                0x0800050c                __floatundidf
                0x0800050c                __aeabi_ul2d
                0x0800051c                __floatdidf
                0x0800051c                __aeabi_l2d
 .text          0x08000578      0x424 c:/ac6/systemworkbench/plugins/fr.ac6.mcu.externaltools.arm-none.win32_1.17.0.201812190825/tools/compiler/bin/../lib/gcc/arm-none-eabi/7.3.1/thumb/v7e-m/fpv4-sp/hard\libgcc.a(_arm_muldivdf3.o)
                0x08000578                __aeabi_dmul
                0x08000578                __muldf3
                0x080007cc                __divdf3
                0x080007cc                __aeabi_ddiv
 .text          0x0800099c      0x134 c:/ac6/systemworkbench/plugins/fr.ac6.mcu.externaltools.arm-none.win32_1.17.0.201812190825/tools/compiler/bin/../lib/gcc/arm-none-eabi/7.3.1/../../../../arm-none-eabi/lib/thumb/v7e-m/fpv4-sp/hard\libc.a(lib_a-memcpy.o)
                0x0800099c                memcpy
 *fill*         0x08000ad0       0x30 
 .text          0x08000b00       0xdc c:/ac6/systemworkbench/plugins/fr.ac6.mcu.externaltools.arm-none.win32_1.17.0.201812190825/tools/compiler/bin/../lib/gcc/arm-none-eabi/7.3.1/../../../../arm-none-eabi/lib/thumb/v7e-m/fpv4-sp/hard\libc.a(lib_a-strlen.o)
                0x08000b00                strlen
 *fill*         0x08000bdc        0x4 
 .text          0x08000be0       0xa0 c:/ac6/systemworkbench/plugins/fr.ac6.mcu.externaltools.arm-none.win32_1.17.0.201812190825/tools/compiler/bin/../lib/gcc/arm-none-eabi/7.3.1/../../../../arm-none-eabi/lib/thumb/v7e-m/fpv4-sp/hard\libc.a(lib_a-memchr.o)
                0x08000be0                memchr
 .text          0x08000c80      0x110 c:/ac6/systemworkbench/plugins/fr.ac6.mcu.externaltools.arm-none.win32_1.17.0.201812190825/tools/compiler/bin/../lib/gcc/arm-none-eabi/7.3.1/thumb/v7e-m/fpv4-sp/hard\libgcc.a(_arm_cmpdf2.o)
                0x08000c80                __gtdf2
                0x08000c80                __gedf2
                0x08000c88                __ltdf2
                0x08000c88                __ledf2
                0x08000c90                __nedf2
                0x08000c90                __eqdf2
                0x08000c90                __cmpdf2
                0x08000d0c                __aeabi_cdrcmple
                0x08000d1c                __aeabi_cdcmpeq
                0x08000d1c                __aeabi_cdcmple
                0x08000d2c                __aeabi_dcmpeq
                0x08000d40                __aeabi_dcmplt
                0x08000d54                __aeabi_dcmple
                0x08000d68                __aeabi_dcmpge
                0x08000d7c                __aeabi_dcmpgt
 .text          0x08000d90       0x2c c:/ac6/systemworkbench/plugins/fr.ac6.mcu.externaltools.arm-none.win32_1.17.0.201812190825/tools/compiler/bin/../lib/gcc/arm-none-eabi/7.3.1/thumb/v7e-m/fpv4-sp/hard\libgcc.a(_arm_unorddf2.o)
                0x08000d90                __unorddf2
                0x08000d90                __aeabi_dcmpun
 .text          0x08000dbc       0x50 c:/ac6/systemworkbench/plugins/fr.ac6.mcu.externaltools.arm-none.win32_1.17.0.201812190825/tools/compiler/bin/../lib/gcc/arm-none-eabi/7.3.1/thumb/v7e-m/fpv4-sp/hard\libgcc.a(_arm_fixdfsi.o)
                0x08000dbc                __aeabi_d2iz
                0x08000dbc                __fixdfsi
 .text          0x08000e0c       0x30 c:/ac6/systemworkbench/plugins/fr.ac6.mcu.externaltools.arm-none.win32_1.17.0.201812190825/tools/compiler/bin/../lib/gcc/arm-none-eabi/7.3.1/thumb/v7e-m/fpv4-sp/hard\libgcc.a(_aeabi_uldivmod.o)
                0x08000e0c                __aeabi_uldivmod
 .text          0x08000e3c      0x2cc c:/ac6/systemworkbench/plugins/fr.ac6.mcu.externaltools.arm-none.win32_1.17.0.201812190825/tools/compiler/bin/../lib/gcc/arm-none-eabi/7.3.1/thumb/v7e-m/fpv4-sp/hard\libgcc.a(_udivmoddi4.o)
                0x08000e3c                __udivmoddi4
 .text          0x08001108        0x4 c:/ac6/systemworkbench/plugins/fr.ac6.mcu.externaltools.arm-none.win32_1.17.0.201812190825/tools/compiler/bin/../lib/gcc/arm-none-eabi/7.3.1/thumb/v7e-m/fpv4-sp/hard\libgcc.a(_dvmd_tls.o)
                0x08001108                __aeabi_idiv0
                0x08001108                __aeabi_ldiv0
 *(.text*)
 .text.DMA_ClearFlag
                0x0800110c       0x5c StdPeriph_Driver/src/stm32f4xx_dma.o
                0x0800110c                DMA_ClearFlag
 .text.GPIO_Init
                0x08001168      0x11c StdPeriph_Driver/src/stm32f4xx_gpio.o
                0x08001168                GPIO_Init
 .text.GPIO_SetBits
                0x08001284       0x1e StdPeriph_Driver/src/stm32f4xx_gpio.o
                0x08001284                GPIO_SetBits
 .text.GPIO_ResetBits
                0x080012a2       0x1e StdPeriph_Driver/src/stm32f4xx_gpio.o
                0x080012a2                GPIO_ResetBits
 .text.PWR_BackupAccessCmd
                0x080012c0       0x20 StdPeriph_Driver/src/stm32f4xx_pwr.o
                0x080012c0                PWR_BackupAccessCmd
 .text.RCC_LSEConfig
                0x080012e0       0x44 StdPeriph_Driver/src/stm32f4xx_rcc.o
                0x080012e0                RCC_LSEConfig
 .text.RCC_RTCCLKConfig
                0x08001324       0x5c StdPeriph_Driver/src/stm32f4xx_rcc.o
                0x08001324                RCC_RTCCLKConfig
 .text.RCC_RTCCLKCmd
                0x08001380       0x20 StdPeriph_Driver/src/stm32f4xx_rcc.o
                0x08001380                RCC_RTCCLKCmd
 .text.RCC_AHB1PeriphClockCmd
                0x080013a0       0x40 StdPeriph_Driver/src/stm32f4xx_rcc.o
                0x080013a0                RCC_AHB1PeriphClockCmd
 .text.RCC_APB1PeriphClockCmd
                0x080013e0       0x40 StdPeriph_Driver/src/stm32f4xx_rcc.o
                0x080013e0                RCC_APB1PeriphClockCmd
 .text.RCC_APB2PeriphResetCmd
                0x08001420       0x40 StdPeriph_Driver/src/stm32f4xx_rcc.o
                0x08001420                RCC_APB2PeriphResetCmd
 .text.RCC_GetFlagStatus
                0x08001460       0x74 StdPeriph_Driver/src/stm32f4xx_rcc.o
                0x08001460                RCC_GetFlagStatus
 .text.RTC_StructInit
                0x080014d4       0x26 StdPeriph_Driver/src/stm32f4xx_rtc.o
                0x080014d4                RTC_StructInit
 *fill*         0x080014fa        0x2 
 .text.RTC_WaitForSynchro
                0x080014fc       0x78 StdPeriph_Driver/src/stm32f4xx_rtc.o
                0x080014fc                RTC_WaitForSynchro
 .text.RTC_GetTime
                0x08001574       0xa4 StdPeriph_Driver/src/stm32f4xx_rtc.o
                0x08001574                RTC_GetTime
 .text.RTC_GetDate
                0x08001618       0x9c StdPeriph_Driver/src/stm32f4xx_rtc.o
                0x08001618                RTC_GetDate
 .text.RTC_Bcd2ToByte
                0x080016b4       0x38 StdPeriph_Driver/src/stm32f4xx_rtc.o
 .text.SDIO_DeInit
                0x080016ec       0x1c StdPeriph_Driver/src/stm32f4xx_sdio.o
                0x080016ec                SDIO_DeInit
 .text.SDIO_Init
                0x08001708       0x60 StdPeriph_Driver/src/stm32f4xx_sdio.o
                0x08001708                SDIO_Init
 .text.SDIO_ClockCmd
                0x08001768       0x20 StdPeriph_Driver/src/stm32f4xx_sdio.o
                0x08001768                SDIO_ClockCmd
 .text.SDIO_SetPowerState
                0x08001788       0x20 StdPeriph_Driver/src/stm32f4xx_sdio.o
                0x08001788                SDIO_SetPowerState
 .text.SDIO_GetPowerState
                0x080017a8       0x1c StdPeriph_Driver/src/stm32f4xx_sdio.o
                0x080017a8                SDIO_GetPowerState
 .text.SDIO_SendCommand
                0x080017c4       0x58 StdPeriph_Driver/src/stm32f4xx_sdio.o
                0x080017c4                SDIO_SendCommand
 .text.SDIO_GetCommandResponse
                0x0800181c       0x18 StdPeriph_Driver/src/stm32f4xx_sdio.o
                0x0800181c                SDIO_GetCommandResponse
 .text.SDIO_GetResponse
                0x08001834       0x28 StdPeriph_Driver/src/stm32f4xx_sdio.o
                0x08001834                SDIO_GetResponse
 .text.SDIO_DataConfig
                0x0800185c       0x5c StdPeriph_Driver/src/stm32f4xx_sdio.o
                0x0800185c                SDIO_DataConfig
 .text.SDIO_ReadData
                0x080018b8       0x18 StdPeriph_Driver/src/stm32f4xx_sdio.o
                0x080018b8                SDIO_ReadData
 .text.SDIO_GetFlagStatus
                0x080018d0       0x34 StdPeriph_Driver/src/stm32f4xx_sdio.o
                0x080018d0                SDIO_GetFlagStatus
 .text.SDIO_GetITStatus
                0x08001904       0x34 StdPeriph_Driver/src/stm32f4xx_sdio.o
                0x08001904                SDIO_GetITStatus
 .text.SDIO_ClearITPendingBit
                0x08001938       0x20 StdPeriph_Driver/src/stm32f4xx_sdio.o
                0x08001938                SDIO_ClearITPendingBit
 .text.TIM_TimeBaseInit
                0x08001958       0xd8 StdPeriph_Driver/src/stm32f4xx_tim.o
                0x08001958                TIM_TimeBaseInit
 .text.TIM_TimeBaseStructInit
                0x08001a30       0x34 StdPeriph_Driver/src/stm32f4xx_tim.o
                0x08001a30                TIM_TimeBaseStructInit
 .text.TIM_SetCounter
                0x08001a64       0x1c StdPeriph_Driver/src/stm32f4xx_tim.o
                0x08001a64                TIM_SetCounter
 .text.TIM_GetCounter
                0x08001a80       0x18 StdPeriph_Driver/src/stm32f4xx_tim.o
                0x08001a80                TIM_GetCounter
 .text.TIM_Cmd  0x08001a98       0x40 StdPeriph_Driver/src/stm32f4xx_tim.o
                0x08001a98                TIM_Cmd
 .text.disk_status
                0x08001ad8       0x34 src/diskio.o
                0x08001ad8                disk_status
 .text.disk_initialize
                0x08001b0c       0x4c src/diskio.o
                0x08001b0c                disk_initialize
 .text.disk_read
                0x08001b58       0x40 src/diskio.o
                0x08001b58                disk_read
 .text.disk_write
                0x08001b98       0x40 src/diskio.o
                0x08001b98                disk_write
 .text.disk_ioctl
                0x08001bd8       0x3c src/diskio.o
                0x08001bd8                disk_ioctl
 .text.get_fattime
                0x08001c14       0x10 src/diskio.o
                0x08001c14                get_fattime
 .text.MX_FATFS_Init
                0x08001c24       0x24 src/fatfs.o
                0x08001c24                MX_FATFS_Init
 .text.SD_ReadBlock_Polling
                0x08001c48      0x284 src/fatfs_sd_sdio.o
                0x08001c48                SD_ReadBlock_Polling
 .text.SD_SDIO_ReadBlocks
                0x08001ecc       0x32 src/fatfs_sd_sdio.o
                0x08001ecc                SD_SDIO_ReadBlocks
 *fill*         0x08001efe        0x2 
 .text.SD_WriteBlock_Polling
                0x08001f00      0x3a8 src/fatfs_sd_sdio.o
                0x08001f00                SD_WriteBlock_Polling
 .text.SD_SDIO_WriteBlocks
                0x080022a8       0x32 src/fatfs_sd_sdio.o
                0x080022a8                SD_SDIO_WriteBlocks
 .text.SDIO_IRQHandler
                0x080022da        0xc src/fatfs_sd_sdio.o
                0x080022da                SDIO_IRQHandler
 .text.DMA2_Stream3_IRQHandler
                0x080022e6        0xc src/fatfs_sd_sdio.o
                0x080022e6                DMA2_Stream3_IRQHandler
 *fill*         0x080022f2        0x2 
 .text.SD_Init  0x080022f4       0x98 src/fatfs_sd_sdio.o
                0x080022f4                SD_Init
 .text.SD_GetStatus
                0x0800238c       0x30 src/fatfs_sd_sdio.o
                0x0800238c                SD_GetStatus
 .text.SD_GetState
                0x080023bc       0x3e src/fatfs_sd_sdio.o
                0x080023bc                SD_GetState
 .text.SD_Detect
                0x080023fa       0x24 src/fatfs_sd_sdio.o
                0x080023fa                SD_Detect
 *fill*         0x0800241e        0x2 
 .text.SD_PowerON
                0x08002420      0x234 src/fatfs_sd_sdio.o
                0x08002420                SD_PowerON
 .text.SD_InitializeCards
                0x08002654      0x188 src/fatfs_sd_sdio.o
                0x08002654                SD_InitializeCards
 .text.SD_GetCardInfo
                0x080027dc      0x588 src/fatfs_sd_sdio.o
                0x080027dc                SD_GetCardInfo
 .text.SD_EnableWideBusOperation
                0x08002d64       0xd8 src/fatfs_sd_sdio.o
                0x08002d64                SD_EnableWideBusOperation
 .text.SD_SelectDeselect
                0x08002e3c       0x4c src/fatfs_sd_sdio.o
                0x08002e3c                SD_SelectDeselect
 .text.SD_StopTransfer
                0x08002e88       0x48 src/fatfs_sd_sdio.o
                0x08002e88                SD_StopTransfer
 .text.SD_SendStatus
                0x08002ed0       0x78 src/fatfs_sd_sdio.o
                0x08002ed0                SD_SendStatus
 .text.SD_ProcessIRQSrc
                0x08002f48       0xd4 src/fatfs_sd_sdio.o
                0x08002f48                SD_ProcessIRQSrc
 .text.SD_ProcessDMAIRQ
                0x0800301c       0x30 src/fatfs_sd_sdio.o
                0x0800301c                SD_ProcessDMAIRQ
 .text.CmdError
                0x0800304c       0x50 src/fatfs_sd_sdio.o
 .text.CmdResp7Error
                0x0800309c       0x7c src/fatfs_sd_sdio.o
 .text.CmdResp1Error
                0x08003118      0x1a4 src/fatfs_sd_sdio.o
 .text.CmdResp3Error
                0x080032bc       0x54 src/fatfs_sd_sdio.o
 .text.CmdResp2Error
                0x08003310       0x6c src/fatfs_sd_sdio.o
 .text.CmdResp6Error
                0x0800337c       0xd0 src/fatfs_sd_sdio.o
 .text.SDEnWideBus
                0x0800344c      0x180 src/fatfs_sd_sdio.o
 .text.IsCardProgramming
                0x080035cc      0x1ec src/fatfs_sd_sdio.o
 .text.FindSCR  0x080037b8      0x204 src/fatfs_sd_sdio.o
 .text.SD_LowLevel_Init
                0x080039bc       0x50 src/fatfs_sd_sdio.o
                0x080039bc                SD_LowLevel_Init
 .text.mem_cpy  0x08003a0c       0x3c src/ff.o
 .text.mem_set  0x08003a48       0x34 src/ff.o
 .text.mem_cmp  0x08003a7c       0x4e src/ff.o
 .text.chk_chr  0x08003aca       0x36 src/ff.o
 .text.chk_lock
                0x08003b00       0xd4 src/ff.o
 .text.enq_lock
                0x08003bd4       0x48 src/ff.o
 .text.inc_lock
                0x08003c1c      0x164 src/ff.o
 .text.dec_lock
                0x08003d80       0x88 src/ff.o
 .text.clear_lock
                0x08003e08       0x54 src/ff.o
 .text.sync_window
                0x08003e5c       0x88 src/ff.o
 .text.move_window
                0x08003ee4       0x5a src/ff.o
 .text.sync_fs  0x08003f3e      0x144 src/ff.o
 .text.clust2sect
                0x08004082       0x3e src/ff.o
                0x08004082                clust2sect
 .text.get_fat  0x080040c0      0x16e src/ff.o
                0x080040c0                get_fat
 .text.put_fat  0x0800422e      0x20a src/ff.o
                0x0800422e                put_fat
 .text.remove_chain
                0x08004438       0xa6 src/ff.o
 .text.create_chain
                0x080044de      0x126 src/ff.o
 .text.dir_sdi  0x08004604       0xfe src/ff.o
 .text.dir_next
                0x08004702      0x1a6 src/ff.o
 .text.dir_alloc
                0x080048a8       0x8c src/ff.o
 .text.ld_clust
                0x08004934       0x5a src/ff.o
 .text.st_clust
                0x0800498e       0x4e src/ff.o
 .text.dir_find
                0x080049dc       0x96 src/ff.o
 .text.dir_register
                0x08004a72       0x64 src/ff.o
 .text.get_fileinfo
                0x08004ad6       0xde src/ff.o
 .text.create_name
                0x08004bb4      0x180 src/ff.o
 .text.follow_path
                0x08004d34       0xd0 src/ff.o
 .text.get_ldnumber
                0x08004e04       0x88 src/ff.o
 .text.check_fs
                0x08004e8c       0xd0 src/ff.o
 .text.find_volume
                0x08004f5c      0x568 src/ff.o
 .text.validate
                0x080054c4       0x5a src/ff.o
 *fill*         0x0800551e        0x2 
 .text.f_mount  0x08005520       0x8c src/ff.o
                0x08005520                f_mount
 .text.f_open   0x080055ac      0x2e6 src/ff.o
                0x080055ac                f_open
 .text.f_read   0x08005892      0x26c src/ff.o
                0x08005892                f_read
 .text.f_sync   0x08005afe      0x150 src/ff.o
                0x08005afe                f_sync
 .text.f_close  0x08005c4e       0x4c src/ff.o
                0x08005c4e                f_close
 .text.f_stat   0x08005c9a       0x74 src/ff.o
                0x08005c9a                f_stat
 *fill*         0x08005d0e        0x2 
 .text.FATFS_LinkDriverEx
                0x08005d10       0x98 src/ff_gen_drv.o
                0x08005d10                FATFS_LinkDriverEx
 .text.FATFS_LinkDriver
                0x08005da8       0x1e src/ff_gen_drv.o
                0x08005da8                FATFS_LinkDriver
 *fill*         0x08005dc6        0x2 
 .text.ms_debugging
                0x08005dc8       0x34 src/main.o
                0x08005dc8                ms_debugging
 .text.main     0x08005dfc       0x5e src/main.o
                0x08005dfc                main
 *fill*         0x08005e5a        0x2 
 .text.mass_storage_init
                0x08005e5c       0x68 src/main.o
                0x08005e5c                mass_storage_init
 .text.scheduling_service_init
                0x08005ec4       0x88 src/main.o
                0x08005ec4                scheduling_service_init
 .text.mass_storage_dirCheck
                0x08005f4c       0x3c src/main.o
                0x08005f4c                mass_storage_dirCheck
 .text.HAL_obc_SD_ON
                0x08005f88       0x7c src/main.o
                0x08005f88                HAL_obc_SD_ON
 .text.Delay    0x08006004       0x28 src/main.o
                0x08006004                Delay
 .text.GPIO_Inits
                0x0800602c       0x44 src/main.o
                0x0800602c                GPIO_Inits
 .text.TIMEOUT_T3_USEC_Init
                0x08006070       0x40 src/main.o
                0x08006070                TIMEOUT_T3_USEC_Init
 .text.TIMEOUT_T3_USEC_Start
                0x080060b0       0x1c src/main.o
                0x080060b0                TIMEOUT_T3_USEC_Start
 .text.TIMEOUT_T3_USEC_Get_Timer_State
                0x080060cc       0x30 src/main.o
                0x080060cc                TIMEOUT_T3_USEC_Get_Timer_State
 .text.return_time_QB50
                0x080060fc       0x54 src/main.o
                0x080060fc                return_time_QB50
 .text.HAL_sys_getTime
                0x08006150       0x38 src/main.o
                0x08006150                HAL_sys_getTime
 .text.HAL_sys_getDate
                0x08006188       0x44 src/main.o
                0x08006188                HAL_sys_getDate
 .text.cnv_UTC_QB50
                0x080061cc       0x78 src/main.o
                0x080061cc                cnv_UTC_QB50
 .text.scheduling_service_load_schedules
                0x08006244      0x3d0 src/main.o
                0x08006244                scheduling_service_load_schedules
 .text.route_pkt
                0x08006614       0x3e src/main.o
                0x08006614                route_pkt
 *fill*         0x08006652        0x2 
 .text.cross_schedules
                0x08006654      0x1dc src/main.o
                0x08006654                cross_schedules
 .text.tst_debugging
                0x08006830       0x1a src/main.o
                0x08006830                tst_debugging
 .text.cnv8_32  0x0800684a       0x34 src/main.o
                0x0800684a                cnv8_32
 .text.cnv8_16LE
                0x0800687e       0x28 src/main.o
                0x0800687e                cnv8_16LE
 *fill*         0x080068a6        0x2 
 .text.mass_storage_schedule_load_api
                0x080068a8      0x180 src/main.o
                0x080068a8                mass_storage_schedule_load_api
 .text.SD_initialize
                0x08006a28       0x5c src/sd_diskio.o
                0x08006a28                SD_initialize
 .text.SD_status
                0x08006a84       0x3c src/sd_diskio.o
                0x08006a84                SD_status
 .text.SD_read  0x08006ac0       0x44 src/sd_diskio.o
                0x08006ac0                SD_read
 .text.SD_write
                0x08006b04       0x44 src/sd_diskio.o
                0x08006b04                SD_write
 .text.SD_ioctl
                0x08006b48       0xa8 src/sd_diskio.o
                0x08006b48                SD_ioctl
 .text._sbrk    0x08006bf0       0x58 src/syscalls.o
                0x08006bf0                _sbrk
 .text.SystemInit
                0x08006c48       0x6c src/system_stm32f4xx.o
                0x08006c48                SystemInit
 .text.SetSysClock
                0x08006cb4       0xf8 src/system_stm32f4xx.o
 .text.TM_FATFS_CheckCardDetectPin
                0x08006dac       0x18 src/tm_stm32f4_fatfs.o
                0x08006dac                TM_FATFS_CheckCardDetectPin
 .text.TM_GPIO_InitAlternate
                0x08006dc4       0xa8 src/tm_stm32f4_gpio.o
                0x08006dc4                TM_GPIO_InitAlternate
 .text.TM_GPIO_GetPortSource
                0x08006e6c       0x22 src/tm_stm32f4_gpio.o
                0x08006e6c                TM_GPIO_GetPortSource
 *fill*         0x08006e8e        0x2 
 .text.TM_GPIO_INT_EnableClock
                0x08006e90       0x30 src/tm_stm32f4_gpio.o
                0x08006e90                TM_GPIO_INT_EnableClock
 .text.TM_GPIO_INT_Init
                0x08006ec0      0x10c src/tm_stm32f4_gpio.o
                0x08006ec0                TM_GPIO_INT_Init
 .text.Reset_Handler
                0x08006fcc       0x50 startup/startup_stm32.o
                0x08006fcc                Reset_Handler
 .text.Default_Handler
                0x0800701c        0x2 startup/startup_stm32.o
                0x0800701c                RTC_Alarm_IRQHandler
                0x0800701c                HASH_RNG_IRQHandler
                0x0800701c                EXTI2_IRQHandler
                0x0800701c                TIM8_CC_IRQHandler
                0x0800701c                DebugMon_Handler
                0x0800701c                TIM1_CC_IRQHandler
                0x0800701c                DMA2_Stream5_IRQHandler
                0x0800701c                HardFault_Handler
                0x0800701c                DMA1_Stream5_IRQHandler
                0x0800701c                SysTick_Handler
                0x0800701c                PVD_IRQHandler
                0x0800701c                TAMP_STAMP_IRQHandler
                0x0800701c                PendSV_Handler
                0x0800701c                NMI_Handler
                0x0800701c                CAN2_RX1_IRQHandler
                0x0800701c                EXTI3_IRQHandler
                0x0800701c                TIM8_TRG_COM_TIM14_IRQHandler
                0x0800701c                TIM1_UP_TIM10_IRQHandler
                0x0800701c                TIM8_UP_TIM13_IRQHandler
                0x0800701c                I2C3_ER_IRQHandler
                0x0800701c                LCD_TFT_IRQHandler
                0x0800701c                EXTI0_IRQHandler
                0x0800701c                I2C2_EV_IRQHandler
                0x0800701c                DMA1_Stream2_IRQHandler
                0x0800701c                CAN1_RX0_IRQHandler
                0x0800701c                FPU_IRQHandler
                0x0800701c                OTG_HS_WKUP_IRQHandler
                0x0800701c                UsageFault_Handler
                0x0800701c                CAN2_SCE_IRQHandler
                0x0800701c                DMA2_Stream2_IRQHandler
                0x0800701c                SPI1_IRQHandler
                0x0800701c                TIM6_DAC_IRQHandler
                0x0800701c                TIM1_BRK_TIM9_IRQHandler
                0x0800701c                DCMI_IRQHandler
                0x0800701c                CAN2_RX0_IRQHandler
                0x0800701c                USART6_IRQHandler
                0x0800701c                USART3_IRQHandler
                0x0800701c                CRYP_IRQHandler
                0x0800701c                CAN1_RX1_IRQHandler
                0x0800701c                UART5_IRQHandler
                0x0800701c                DMA2_Stream0_IRQHandler
                0x0800701c                TIM4_IRQHandler
                0x0800701c                I2C1_EV_IRQHandler
                0x0800701c                DMA1_Stream6_IRQHandler
                0x0800701c                DMA1_Stream1_IRQHandler
                0x0800701c                UART4_IRQHandler
                0x0800701c                LCD_TFT_1_IRQHandler
                0x0800701c                TIM3_IRQHandler
                0x0800701c                RCC_IRQHandler
                0x0800701c                TIM8_BRK_TIM12_IRQHandler
                0x0800701c                Default_Handler
                0x0800701c                EXTI15_10_IRQHandler
                0x0800701c                ADC_IRQHandler
                0x0800701c                DMA1_Stream7_IRQHandler
                0x0800701c                TIM7_IRQHandler
                0x0800701c                CAN2_TX_IRQHandler
                0x0800701c                TIM5_IRQHandler
                0x0800701c                DMA2_Stream7_IRQHandler
                0x0800701c                I2C3_EV_IRQHandler
                0x0800701c                EXTI9_5_IRQHandler
                0x0800701c                RTC_WKUP_IRQHandler
                0x0800701c                ETH_WKUP_IRQHandler
                0x0800701c                SPI2_IRQHandler
                0x0800701c                OTG_HS_EP1_IN_IRQHandler
                0x0800701c                MemManage_Handler
                0x0800701c                DMA1_Stream0_IRQHandler
                0x0800701c                CAN1_TX_IRQHandler
                0x0800701c                SVC_Handler
                0x0800701c                EXTI4_IRQHandler
                0x0800701c                FSMC_IRQHandler
                0x0800701c                ETH_IRQHandler
                0x0800701c                OTG_HS_EP1_OUT_IRQHandler
                0x0800701c                WWDG_IRQHandler
                0x0800701c                TIM2_IRQHandler
                0x0800701c                OTG_FS_WKUP_IRQHandler
                0x0800701c                TIM1_TRG_COM_TIM11_IRQHandler
                0x0800701c                OTG_HS_IRQHandler
                0x0800701c                EXTI1_IRQHandler
                0x0800701c                USART2_IRQHandler
                0x0800701c                I2C2_ER_IRQHandler
                0x0800701c                DMA2_Stream1_IRQHandler
                0x0800701c                CAN1_SCE_IRQHandler
                0x0800701c                DMA2_Stream4_IRQHandler
                0x0800701c                BusFault_Handler
                0x0800701c                USART1_IRQHandler
                0x0800701c                OTG_FS_IRQHandler
                0x0800701c                SPI3_IRQHandler
                0x0800701c                DMA1_Stream4_IRQHandler
                0x0800701c                I2C1_ER_IRQHandler
                0x0800701c                DMA2_Stream6_IRQHandler
                0x0800701c                DMA1_Stream3_IRQHandler
 *fill*         0x0800701e        0x2 
 .text.__errno  0x08007020        0xc c:/ac6/systemworkbench/plugins/fr.ac6.mcu.externaltools.arm-none.win32_1.17.0.201812190825/tools/compiler/bin/../lib/gcc/arm-none-eabi/7.3.1/../../../../arm-none-eabi/lib/thumb/v7e-m/fpv4-sp/hard\libc.a(lib_a-errno.o)
                0x08007020                __errno
 .text.__libc_init_array
                0x0800702c       0x48 c:/ac6/systemworkbench/plugins/fr.ac6.mcu.externaltools.arm-none.win32_1.17.0.201812190825/tools/compiler/bin/../lib/gcc/arm-none-eabi/7.3.1/../../../../arm-none-eabi/lib/thumb/v7e-m/fpv4-sp/hard\libc.a(lib_a-init.o)
                0x0800702c                __libc_init_array
 .text.malloc   0x08007074       0x10 c:/ac6/systemworkbench/plugins/fr.ac6.mcu.externaltools.arm-none.win32_1.17.0.201812190825/tools/compiler/bin/../lib/gcc/arm-none-eabi/7.3.1/../../../../arm-none-eabi/lib/thumb/v7e-m/fpv4-sp/hard\libc.a(lib_a-malloc.o)
                0x08007074                malloc
 .text._malloc_r
                0x08007084      0x548 c:/ac6/systemworkbench/plugins/fr.ac6.mcu.externaltools.arm-none.win32_1.17.0.201812190825/tools/compiler/bin/../lib/gcc/arm-none-eabi/7.3.1/../../../../arm-none-eabi/lib/thumb/v7e-m/fpv4-sp/hard\libc.a(lib_a-mallocr.o)
                0x08007084                _malloc_r
 .text.memset   0x080075cc       0x94 c:/ac6/systemworkbench/plugins/fr.ac6.mcu.externaltools.arm-none.win32_1.17.0.201812190825/tools/compiler/bin/../lib/gcc/arm-none-eabi/7.3.1/../../../../arm-none-eabi/lib/thumb/v7e-m/fpv4-sp/hard\libc.a(lib_a-memset.o)
                0x080075cc                memset
 .text.__malloc_lock
                0x08007660        0xc c:/ac6/systemworkbench/plugins/fr.ac6.mcu.externaltools.arm-none.win32_1.17.0.201812190825/tools/compiler/bin/../lib/gcc/arm-none-eabi/7.3.1/../../../../arm-none-eabi/lib/thumb/v7e-m/fpv4-sp/hard\libc.a(lib_a-mlock.o)
                0x08007660                __malloc_lock
 .text.__malloc_unlock
                0x0800766c        0xc c:/ac6/systemworkbench/plugins/fr.ac6.mcu.externaltools.arm-none.win32_1.17.0.201812190825/tools/compiler/bin/../lib/gcc/arm-none-eabi/7.3.1/../../../../arm-none-eabi/lib/thumb/v7e-m/fpv4-sp/hard\libc.a(lib_a-mlock.o)
                0x0800766c                __malloc_unlock
 .text._sbrk_r  0x08007678       0x24 c:/ac6/systemworkbench/plugins/fr.ac6.mcu.externaltools.arm-none.win32_1.17.0.201812190825/tools/compiler/bin/../lib/gcc/arm-none-eabi/7.3.1/../../../../arm-none-eabi/lib/thumb/v7e-m/fpv4-sp/hard\libc.a(lib_a-sbrkr.o)
                0x08007678                _sbrk_r
 .text.snprintf
                0x0800769c       0x90 c:/ac6/systemworkbench/plugins/fr.ac6.mcu.externaltools.arm-none.win32_1.17.0.201812190825/tools/compiler/bin/../lib/gcc/arm-none-eabi/7.3.1/../../../../arm-none-eabi/lib/thumb/v7e-m/fpv4-sp/hard\libc.a(lib_a-snprintf.o)
                0x0800769c                snprintf
 *fill*         0x0800772c        0x4 
 .text._svfprintf_r
                0x08007730     0x19cc c:/ac6/systemworkbench/plugins/fr.ac6.mcu.externaltools.arm-none.win32_1.17.0.201812190825/tools/compiler/bin/../lib/gcc/arm-none-eabi/7.3.1/../../../../arm-none-eabi/lib/thumb/v7e-m/fpv4-sp/hard\libc.a(lib_a-svfprintf.o)
                0x08007730                _svfprintf_r
 .text.startup.register_fini
                0x080090fc       0x14 c:/ac6/systemworkbench/plugins/fr.ac6.mcu.externaltools.arm-none.win32_1.17.0.201812190825/tools/compiler/bin/../lib/gcc/arm-none-eabi/7.3.1/../../../../arm-none-eabi/lib/thumb/v7e-m/fpv4-sp/hard\libc.a(lib_a-__call_atexit.o)
 .text.atexit   0x08009110        0xc c:/ac6/systemworkbench/plugins/fr.ac6.mcu.externaltools.arm-none.win32_1.17.0.201812190825/tools/compiler/bin/../lib/gcc/arm-none-eabi/7.3.1/../../../../arm-none-eabi/lib/thumb/v7e-m/fpv4-sp/hard\libc.a(lib_a-atexit.o)
                0x08009110                atexit
 .text.quorem   0x0800911c      0x124 c:/ac6/systemworkbench/plugins/fr.ac6.mcu.externaltools.arm-none.win32_1.17.0.201812190825/tools/compiler/bin/../lib/gcc/arm-none-eabi/7.3.1/../../../../arm-none-eabi/lib/thumb/v7e-m/fpv4-sp/hard\libc.a(lib_a-dtoa.o)
 .text._dtoa_r  0x08009240      0xe20 c:/ac6/systemworkbench/plugins/fr.ac6.mcu.externaltools.arm-none.win32_1.17.0.201812190825/tools/compiler/bin/../lib/gcc/arm-none-eabi/7.3.1/../../../../arm-none-eabi/lib/thumb/v7e-m/fpv4-sp/hard\libc.a(lib_a-dtoa.o)
                0x08009240                _dtoa_r
 .text.__libc_fini_array
                0x0800a060       0x34 c:/ac6/systemworkbench/plugins/fr.ac6.mcu.externaltools.arm-none.win32_1.17.0.201812190825/tools/compiler/bin/../lib/gcc/arm-none-eabi/7.3.1/../../../../arm-none-eabi/lib/thumb/v7e-m/fpv4-sp/hard\libc.a(lib_a-fini.o)
                0x0800a060                __libc_fini_array
 .text._malloc_trim_r
                0x0800a094       0xa0 c:/ac6/systemworkbench/plugins/fr.ac6.mcu.externaltools.arm-none.win32_1.17.0.201812190825/tools/compiler/bin/../lib/gcc/arm-none-eabi/7.3.1/../../../../arm-none-eabi/lib/thumb/v7e-m/fpv4-sp/hard\libc.a(lib_a-freer.o)
                0x0800a094                _malloc_trim_r
 .text._free_r  0x0800a134      0x1e8 c:/ac6/systemworkbench/plugins/fr.ac6.mcu.externaltools.arm-none.win32_1.17.0.201812190825/tools/compiler/bin/../lib/gcc/arm-none-eabi/7.3.1/../../../../arm-none-eabi/lib/thumb/v7e-m/fpv4-sp/hard\libc.a(lib_a-freer.o)
                0x0800a134                _free_r
 .text._localeconv_r
                0x0800a31c       0x1c c:/ac6/systemworkbench/plugins/fr.ac6.mcu.externaltools.arm-none.win32_1.17.0.201812190825/tools/compiler/bin/../lib/gcc/arm-none-eabi/7.3.1/../../../../arm-none-eabi/lib/thumb/v7e-m/fpv4-sp/hard\libc.a(lib_a-localeconv.o)
                0x0800a31c                _localeconv_r
 .text.__retarget_lock_acquire_recursive
                0x0800a338        0x4 c:/ac6/systemworkbench/plugins/fr.ac6.mcu.externaltools.arm-none.win32_1.17.0.201812190825/tools/compiler/bin/../lib/gcc/arm-none-eabi/7.3.1/../../../../arm-none-eabi/lib/thumb/v7e-m/fpv4-sp/hard\libc.a(lib_a-lock.o)
                0x0800a338                __retarget_lock_acquire_recursive
 .text.__retarget_lock_release_recursive
                0x0800a33c        0x4 c:/ac6/systemworkbench/plugins/fr.ac6.mcu.externaltools.arm-none.win32_1.17.0.201812190825/tools/compiler/bin/../lib/gcc/arm-none-eabi/7.3.1/../../../../arm-none-eabi/lib/thumb/v7e-m/fpv4-sp/hard\libc.a(lib_a-lock.o)
                0x0800a33c                __retarget_lock_release_recursive
 .text._Balloc  0x0800a340       0x4c c:/ac6/systemworkbench/plugins/fr.ac6.mcu.externaltools.arm-none.win32_1.17.0.201812190825/tools/compiler/bin/../lib/gcc/arm-none-eabi/7.3.1/../../../../arm-none-eabi/lib/thumb/v7e-m/fpv4-sp/hard\libc.a(lib_a-mprec.o)
                0x0800a340                _Balloc
 .text._Bfree   0x0800a38c       0x14 c:/ac6/systemworkbench/plugins/fr.ac6.mcu.externaltools.arm-none.win32_1.17.0.201812190825/tools/compiler/bin/../lib/gcc/arm-none-eabi/7.3.1/../../../../arm-none-eabi/lib/thumb/v7e-m/fpv4-sp/hard\libc.a(lib_a-mprec.o)
                0x0800a38c                _Bfree
 .text.__multadd
                0x0800a3a0       0x80 c:/ac6/systemworkbench/plugins/fr.ac6.mcu.externaltools.arm-none.win32_1.17.0.201812190825/tools/compiler/bin/../lib/gcc/arm-none-eabi/7.3.1/../../../../arm-none-eabi/lib/thumb/v7e-m/fpv4-sp/hard\libc.a(lib_a-mprec.o)
                0x0800a3a0                __multadd
 .text.__hi0bits
                0x0800a420       0x40 c:/ac6/systemworkbench/plugins/fr.ac6.mcu.externaltools.arm-none.win32_1.17.0.201812190825/tools/compiler/bin/../lib/gcc/arm-none-eabi/7.3.1/../../../../arm-none-eabi/lib/thumb/v7e-m/fpv4-sp/hard\libc.a(lib_a-mprec.o)
                0x0800a420                __hi0bits
 .text.__lo0bits
                0x0800a460       0x60 c:/ac6/systemworkbench/plugins/fr.ac6.mcu.externaltools.arm-none.win32_1.17.0.201812190825/tools/compiler/bin/../lib/gcc/arm-none-eabi/7.3.1/../../../../arm-none-eabi/lib/thumb/v7e-m/fpv4-sp/hard\libc.a(lib_a-mprec.o)
                0x0800a460                __lo0bits
 .text.__i2b    0x0800a4c0       0x14 c:/ac6/systemworkbench/plugins/fr.ac6.mcu.externaltools.arm-none.win32_1.17.0.201812190825/tools/compiler/bin/../lib/gcc/arm-none-eabi/7.3.1/../../../../arm-none-eabi/lib/thumb/v7e-m/fpv4-sp/hard\libc.a(lib_a-mprec.o)
                0x0800a4c0                __i2b
 .text.__multiply
                0x0800a4d4      0x14c c:/ac6/systemworkbench/plugins/fr.ac6.mcu.externaltools.arm-none.win32_1.17.0.201812190825/tools/compiler/bin/../lib/gcc/arm-none-eabi/7.3.1/../../../../arm-none-eabi/lib/thumb/v7e-m/fpv4-sp/hard\libc.a(lib_a-mprec.o)
                0x0800a4d4                __multiply
 .text.__pow5mult
                0x0800a620       0xa0 c:/ac6/systemworkbench/plugins/fr.ac6.mcu.externaltools.arm-none.win32_1.17.0.201812190825/tools/compiler/bin/../lib/gcc/arm-none-eabi/7.3.1/../../../../arm-none-eabi/lib/thumb/v7e-m/fpv4-sp/hard\libc.a(lib_a-mprec.o)
                0x0800a620                __pow5mult
 .text.__lshift
                0x0800a6c0       0xac c:/ac6/systemworkbench/plugins/fr.ac6.mcu.externaltools.arm-none.win32_1.17.0.201812190825/tools/compiler/bin/../lib/gcc/arm-none-eabi/7.3.1/../../../../arm-none-eabi/lib/thumb/v7e-m/fpv4-sp/hard\libc.a(lib_a-mprec.o)
                0x0800a6c0                __lshift
 .text.__mcmp   0x0800a76c       0x38 c:/ac6/systemworkbench/plugins/fr.ac6.mcu.externaltools.arm-none.win32_1.17.0.201812190825/tools/compiler/bin/../lib/gcc/arm-none-eabi/7.3.1/../../../../arm-none-eabi/lib/thumb/v7e-m/fpv4-sp/hard\libc.a(lib_a-mprec.o)
                0x0800a76c                __mcmp
 .text.__mdiff  0x0800a7a4       0xec c:/ac6/systemworkbench/plugins/fr.ac6.mcu.externaltools.arm-none.win32_1.17.0.201812190825/tools/compiler/bin/../lib/gcc/arm-none-eabi/7.3.1/../../../../arm-none-eabi/lib/thumb/v7e-m/fpv4-sp/hard\libc.a(lib_a-mprec.o)
                0x0800a7a4                __mdiff
 .text.__d2b    0x0800a890       0xc4 c:/ac6/systemworkbench/plugins/fr.ac6.mcu.externaltools.arm-none.win32_1.17.0.201812190825/tools/compiler/bin/../lib/gcc/arm-none-eabi/7.3.1/../../../../arm-none-eabi/lib/thumb/v7e-m/fpv4-sp/hard\libc.a(lib_a-mprec.o)
                0x0800a890                __d2b
 .text.frexp    0x0800a954       0x68 c:/ac6/systemworkbench/plugins/fr.ac6.mcu.externaltools.arm-none.win32_1.17.0.201812190825/tools/compiler/bin/../lib/gcc/arm-none-eabi/7.3.1/../../../../arm-none-eabi/lib/thumb/v7e-m/fpv4-sp/hard\libc.a(lib_a-s_frexp.o)
                0x0800a954                frexp
 .text.strncpy  0x0800a9bc       0x64 c:/ac6/systemworkbench/plugins/fr.ac6.mcu.externaltools.arm-none.win32_1.17.0.201812190825/tools/compiler/bin/../lib/gcc/arm-none-eabi/7.3.1/../../../../arm-none-eabi/lib/thumb/v7e-m/fpv4-sp/hard\libc.a(lib_a-strncpy.o)
                0x0800a9bc                strncpy
 .text.__ssprint_r
                0x0800aa20       0xf4 c:/ac6/systemworkbench/plugins/fr.ac6.mcu.externaltools.arm-none.win32_1.17.0.201812190825/tools/compiler/bin/../lib/gcc/arm-none-eabi/7.3.1/../../../../arm-none-eabi/lib/thumb/v7e-m/fpv4-sp/hard\libc.a(lib_a-svfiprintf.o)
                0x0800aa20                __ssprint_r
 .text.__register_exitproc
                0x0800ab14       0xc0 c:/ac6/systemworkbench/plugins/fr.ac6.mcu.externaltools.arm-none.win32_1.17.0.201812190825/tools/compiler/bin/../lib/gcc/arm-none-eabi/7.3.1/../../../../arm-none-eabi/lib/thumb/v7e-m/fpv4-sp/hard\libc.a(lib_a-__atexit.o)
                0x0800ab14                __register_exitproc
 .text._calloc_r
                0x0800abd4       0x68 c:/ac6/systemworkbench/plugins/fr.ac6.mcu.externaltools.arm-none.win32_1.17.0.201812190825/tools/compiler/bin/../lib/gcc/arm-none-eabi/7.3.1/../../../../arm-none-eabi/lib/thumb/v7e-m/fpv4-sp/hard\libc.a(lib_a-callocr.o)
                0x0800abd4                _calloc_r
 .text.__ascii_mbtowc
                0x0800ac3c       0x2c c:/ac6/systemworkbench/plugins/fr.ac6.mcu.externaltools.arm-none.win32_1.17.0.201812190825/tools/compiler/bin/../lib/gcc/arm-none-eabi/7.3.1/../../../../arm-none-eabi/lib/thumb/v7e-m/fpv4-sp/hard\libc.a(lib_a-mbtowc_r.o)
                0x0800ac3c                __ascii_mbtowc
 .text.memmove  0x0800ac68       0xc8 c:/ac6/systemworkbench/plugins/fr.ac6.mcu.externaltools.arm-none.win32_1.17.0.201812190825/tools/compiler/bin/../lib/gcc/arm-none-eabi/7.3.1/../../../../arm-none-eabi/lib/thumb/v7e-m/fpv4-sp/hard\libc.a(lib_a-memmove.o)
                0x0800ac68                memmove
 .text._realloc_r
                0x0800ad30      0x35c c:/ac6/systemworkbench/plugins/fr.ac6.mcu.externaltools.arm-none.win32_1.17.0.201812190825/tools/compiler/bin/../lib/gcc/arm-none-eabi/7.3.1/../../../../arm-none-eabi/lib/thumb/v7e-m/fpv4-sp/hard\libc.a(lib_a-reallocr.o)
                0x0800ad30                _realloc_r
 .text.__ascii_wctomb
                0x0800b08c       0x1c c:/ac6/systemworkbench/plugins/fr.ac6.mcu.externaltools.arm-none.win32_1.17.0.201812190825/tools/compiler/bin/../lib/gcc/arm-none-eabi/7.3.1/../../../../arm-none-eabi/lib/thumb/v7e-m/fpv4-sp/hard\libc.a(lib_a-wctomb_r.o)
                0x0800b08c                __ascii_wctomb
 *(.glue_7)
 .glue_7        0x0800b0a8        0x0 linker stubs
 *(.glue_7t)
 .glue_7t       0x0800b0a8        0x0 linker stubs
 *(.eh_frame)
 .eh_frame      0x0800b0a8        0x0 c:/ac6/systemworkbench/plugins/fr.ac6.mcu.externaltools.arm-none.win32_1.17.0.201812190825/tools/compiler/bin/../lib/gcc/arm-none-eabi/7.3.1/thumb/v7e-m/fpv4-sp/hard/crtbegin.o
 *(.init)
 .init          0x0800b0a8        0x4 c:/ac6/systemworkbench/plugins/fr.ac6.mcu.externaltools.arm-none.win32_1.17.0.201812190825/tools/compiler/bin/../lib/gcc/arm-none-eabi/7.3.1/thumb/v7e-m/fpv4-sp/hard/crti.o
                0x0800b0a8                _init
 .init          0x0800b0ac        0x8 c:/ac6/systemworkbench/plugins/fr.ac6.mcu.externaltools.arm-none.win32_1.17.0.201812190825/tools/compiler/bin/../lib/gcc/arm-none-eabi/7.3.1/thumb/v7e-m/fpv4-sp/hard/crtn.o
 *(.fini)
 .fini          0x0800b0b4        0x4 c:/ac6/systemworkbench/plugins/fr.ac6.mcu.externaltools.arm-none.win32_1.17.0.201812190825/tools/compiler/bin/../lib/gcc/arm-none-eabi/7.3.1/thumb/v7e-m/fpv4-sp/hard/crti.o
                0x0800b0b4                _fini
 .fini          0x0800b0b8        0x8 c:/ac6/systemworkbench/plugins/fr.ac6.mcu.externaltools.arm-none.win32_1.17.0.201812190825/tools/compiler/bin/../lib/gcc/arm-none-eabi/7.3.1/thumb/v7e-m/fpv4-sp/hard/crtn.o
                0x0800b0c0                . = ALIGN (0x4)
                0x0800b0c0                _etext = .

.vfp11_veneer   0x0800b0c0        0x0
 .vfp11_veneer  0x0800b0c0        0x0 linker stubs

.v4_bx          0x0800b0c0        0x0
 .v4_bx         0x0800b0c0        0x0 linker stubs

.iplt           0x0800b0c0        0x0
 .iplt          0x0800b0c0        0x0 c:/ac6/systemworkbench/plugins/fr.ac6.mcu.externaltools.arm-none.win32_1.17.0.201812190825/tools/compiler/bin/../lib/gcc/arm-none-eabi/7.3.1/thumb/v7e-m/fpv4-sp/hard/crtbegin.o

.rodata         0x0800b0c0      0x938
                0x0800b0c0                . = ALIGN (0x4)
 *(.rodata)
 .rodata        0x0800b0c0       0xf2 src/ff.o
 *fill*         0x0800b1b2        0x2 
 .rodata        0x0800b1b4      0x5a1 src/main.o
                0x0800b678                UTC_QB50_H
 *fill*         0x0800b755        0x3 
 .rodata        0x0800b758       0x14 src/sd_diskio.o
                0x0800b758                SD_Driver
 *(.rodata*)
 .rodata._global_impure_ptr
                0x0800b76c        0x4 c:/ac6/systemworkbench/plugins/fr.ac6.mcu.externaltools.arm-none.win32_1.17.0.201812190825/tools/compiler/bin/../lib/gcc/arm-none-eabi/7.3.1/../../../../arm-none-eabi/lib/thumb/v7e-m/fpv4-sp/hard\libc.a(lib_a-impure.o)
                0x0800b76c                _global_impure_ptr
 .rodata._svfprintf_r.str1.4
                0x0800b770       0x42 c:/ac6/systemworkbench/plugins/fr.ac6.mcu.externaltools.arm-none.win32_1.17.0.201812190825/tools/compiler/bin/../lib/gcc/arm-none-eabi/7.3.1/../../../../arm-none-eabi/lib/thumb/v7e-m/fpv4-sp/hard\libc.a(lib_a-svfprintf.o)
 *fill*         0x0800b7b2        0x2 
 .rodata.blanks.8590
                0x0800b7b4       0x10 c:/ac6/systemworkbench/plugins/fr.ac6.mcu.externaltools.arm-none.win32_1.17.0.201812190825/tools/compiler/bin/../lib/gcc/arm-none-eabi/7.3.1/../../../../arm-none-eabi/lib/thumb/v7e-m/fpv4-sp/hard\libc.a(lib_a-svfprintf.o)
 .rodata.zeroes.8591
                0x0800b7c4       0x10 c:/ac6/systemworkbench/plugins/fr.ac6.mcu.externaltools.arm-none.win32_1.17.0.201812190825/tools/compiler/bin/../lib/gcc/arm-none-eabi/7.3.1/../../../../arm-none-eabi/lib/thumb/v7e-m/fpv4-sp/hard\libc.a(lib_a-svfprintf.o)
 .rodata._dtoa_r.str1.4
                0x0800b7d4       0x10 c:/ac6/systemworkbench/plugins/fr.ac6.mcu.externaltools.arm-none.win32_1.17.0.201812190825/tools/compiler/bin/../lib/gcc/arm-none-eabi/7.3.1/../../../../arm-none-eabi/lib/thumb/v7e-m/fpv4-sp/hard\libc.a(lib_a-dtoa.o)
                                 0x12 (size before relaxing)
 *fill*         0x0800b7e4        0x4 
 .rodata.__mprec_bigtens
                0x0800b7e8       0x28 c:/ac6/systemworkbench/plugins/fr.ac6.mcu.externaltools.arm-none.win32_1.17.0.201812190825/tools/compiler/bin/../lib/gcc/arm-none-eabi/7.3.1/../../../../arm-none-eabi/lib/thumb/v7e-m/fpv4-sp/hard\libc.a(lib_a-mprec.o)
                0x0800b7e8                __mprec_bigtens
 .rodata.__mprec_tens
                0x0800b810       0xc8 c:/ac6/systemworkbench/plugins/fr.ac6.mcu.externaltools.arm-none.win32_1.17.0.201812190825/tools/compiler/bin/../lib/gcc/arm-none-eabi/7.3.1/../../../../arm-none-eabi/lib/thumb/v7e-m/fpv4-sp/hard\libc.a(lib_a-mprec.o)
                0x0800b810                __mprec_tens
 .rodata.p05.7367
                0x0800b8d8        0xc c:/ac6/systemworkbench/plugins/fr.ac6.mcu.externaltools.arm-none.win32_1.17.0.201812190825/tools/compiler/bin/../lib/gcc/arm-none-eabi/7.3.1/../../../../arm-none-eabi/lib/thumb/v7e-m/fpv4-sp/hard\libc.a(lib_a-mprec.o)
 .rodata._setlocale_r.str1.4
                0x0800b8e4        0xa c:/ac6/systemworkbench/plugins/fr.ac6.mcu.externaltools.arm-none.win32_1.17.0.201812190825/tools/compiler/bin/../lib/gcc/arm-none-eabi/7.3.1/../../../../arm-none-eabi/lib/thumb/v7e-m/fpv4-sp/hard\libc.a(lib_a-locale.o)
                                  0xd (size before relaxing)
 *fill*         0x0800b8ee        0x2 
 .rodata.str1.4
                0x0800b8f0        0x4 c:/ac6/systemworkbench/plugins/fr.ac6.mcu.externaltools.arm-none.win32_1.17.0.201812190825/tools/compiler/bin/../lib/gcc/arm-none-eabi/7.3.1/../../../../arm-none-eabi/lib/thumb/v7e-m/fpv4-sp/hard\libc.a(lib_a-locale.o)
                                  0x2 (size before relaxing)
 .rodata._ctype_
                0x0800b8f4      0x101 c:/ac6/systemworkbench/plugins/fr.ac6.mcu.externaltools.arm-none.win32_1.17.0.201812190825/tools/compiler/bin/../lib/gcc/arm-none-eabi/7.3.1/../../../../arm-none-eabi/lib/thumb/v7e-m/fpv4-sp/hard\libc.a(lib_a-ctype_.o)
                0x0800b8f4                _ctype_
                0x0800b9f8                . = ALIGN (0x4)
 *fill*         0x0800b9f5        0x3 

.ARM.extab      0x0800b9f8        0x0
                0x0800b9f8                . = ALIGN (0x4)
 *(.ARM.extab* .gnu.linkonce.armextab.*)
                0x0800b9f8                . = ALIGN (0x4)

.ARM            0x0800b9f8        0x8
                0x0800b9f8                . = ALIGN (0x4)
                0x0800b9f8                __exidx_start = .
 *(.ARM.exidx*)
 .ARM.exidx     0x0800b9f8        0x8 c:/ac6/systemworkbench/plugins/fr.ac6.mcu.externaltools.arm-none.win32_1.17.0.201812190825/tools/compiler/bin/../lib/gcc/arm-none-eabi/7.3.1/thumb/v7e-m/fpv4-sp/hard\libgcc.a(_udivmoddi4.o)
                0x0800ba00                __exidx_end = .
                0x0800ba00                . = ALIGN (0x4)

.rel.dyn        0x0800ba00        0x0
 .rel.iplt      0x0800ba00        0x0 c:/ac6/systemworkbench/plugins/fr.ac6.mcu.externaltools.arm-none.win32_1.17.0.201812190825/tools/compiler/bin/../lib/gcc/arm-none-eabi/7.3.1/thumb/v7e-m/fpv4-sp/hard/crtbegin.o

.preinit_array  0x0800ba00        0x0
                0x0800ba00                . = ALIGN (0x4)
                0x0800ba00                PROVIDE (__preinit_array_start = .)
 *(.preinit_array*)
                0x0800ba00                PROVIDE (__preinit_array_end = .)
                0x0800ba00                . = ALIGN (0x4)

.init_array     0x0800ba00        0x8
                0x0800ba00                . = ALIGN (0x4)
                0x0800ba00                PROVIDE (__init_array_start = .)
 *(SORT_BY_NAME(.init_array.*))
 .init_array.00000
                0x0800ba00        0x4 c:/ac6/systemworkbench/plugins/fr.ac6.mcu.externaltools.arm-none.win32_1.17.0.201812190825/tools/compiler/bin/../lib/gcc/arm-none-eabi/7.3.1/../../../../arm-none-eabi/lib/thumb/v7e-m/fpv4-sp/hard\libc.a(lib_a-__call_atexit.o)
 *(.init_array*)
 .init_array    0x0800ba04        0x4 c:/ac6/systemworkbench/plugins/fr.ac6.mcu.externaltools.arm-none.win32_1.17.0.201812190825/tools/compiler/bin/../lib/gcc/arm-none-eabi/7.3.1/thumb/v7e-m/fpv4-sp/hard/crtbegin.o
                0x0800ba08                PROVIDE (__init_array_end = .)
                0x0800ba08                . = ALIGN (0x4)

.fini_array     0x0800ba08        0x4
                0x0800ba08                . = ALIGN (0x4)
                0x0800ba08                PROVIDE (__fini_array_start = .)
 *(SORT_BY_NAME(.fini_array.*))
 *(.fini_array*)
 .fini_array    0x0800ba08        0x4 c:/ac6/systemworkbench/plugins/fr.ac6.mcu.externaltools.arm-none.win32_1.17.0.201812190825/tools/compiler/bin/../lib/gcc/arm-none-eabi/7.3.1/thumb/v7e-m/fpv4-sp/hard/crtbegin.o
                0x0800ba0c                PROVIDE (__fini_array_end = .)
                0x0800ba0c                . = ALIGN (0x4)
                0x0800ba0c                _sidata = LOADADDR (.data)

.data           0x20000000      0xbe8 load address 0x0800ba0c
                0x20000000                . = ALIGN (0x4)
                0x20000000                _sdata = .
 *(.data)
 .data          0x20000000      0x238 src/main.o
 .data          0x20000238        0x1 src/sd_diskio.o
 *(.data*)
 *fill*         0x20000239        0x3 
 .data._impure_ptr
                0x2000023c        0x4 c:/ac6/systemworkbench/plugins/fr.ac6.mcu.externaltools.arm-none.win32_1.17.0.201812190825/tools/compiler/bin/../lib/gcc/arm-none-eabi/7.3.1/../../../../arm-none-eabi/lib/thumb/v7e-m/fpv4-sp/hard\libc.a(lib_a-impure.o)
                0x2000023c                _impure_ptr
 .data.impure_data
                0x20000240      0x428 c:/ac6/systemworkbench/plugins/fr.ac6.mcu.externaltools.arm-none.win32_1.17.0.201812190825/tools/compiler/bin/../lib/gcc/arm-none-eabi/7.3.1/../../../../arm-none-eabi/lib/thumb/v7e-m/fpv4-sp/hard\libc.a(lib_a-impure.o)
 .data.__malloc_av_
                0x20000668      0x408 c:/ac6/systemworkbench/plugins/fr.ac6.mcu.externaltools.arm-none.win32_1.17.0.201812190825/tools/compiler/bin/../lib/gcc/arm-none-eabi/7.3.1/../../../../arm-none-eabi/lib/thumb/v7e-m/fpv4-sp/hard\libc.a(lib_a-mallocr.o)
                0x20000668                __malloc_av_
 .data.__malloc_sbrk_base
                0x20000a70        0x4 c:/ac6/systemworkbench/plugins/fr.ac6.mcu.externaltools.arm-none.win32_1.17.0.201812190825/tools/compiler/bin/../lib/gcc/arm-none-eabi/7.3.1/../../../../arm-none-eabi/lib/thumb/v7e-m/fpv4-sp/hard\libc.a(lib_a-mallocr.o)
                0x20000a70                __malloc_sbrk_base
 .data.__malloc_trim_threshold
                0x20000a74        0x4 c:/ac6/systemworkbench/plugins/fr.ac6.mcu.externaltools.arm-none.win32_1.17.0.201812190825/tools/compiler/bin/../lib/gcc/arm-none-eabi/7.3.1/../../../../arm-none-eabi/lib/thumb/v7e-m/fpv4-sp/hard\libc.a(lib_a-mallocr.o)
                0x20000a74                __malloc_trim_threshold
 .data.__atexit_recursive_mutex
                0x20000a78        0x4 c:/ac6/systemworkbench/plugins/fr.ac6.mcu.externaltools.arm-none.win32_1.17.0.201812190825/tools/compiler/bin/../lib/gcc/arm-none-eabi/7.3.1/../../../../arm-none-eabi/lib/thumb/v7e-m/fpv4-sp/hard\libc.a(lib_a-__call_atexit.o)
                0x20000a78                __atexit_recursive_mutex
 .data.__global_locale
                0x20000a7c      0x16c c:/ac6/systemworkbench/plugins/fr.ac6.mcu.externaltools.arm-none.win32_1.17.0.201812190825/tools/compiler/bin/../lib/gcc/arm-none-eabi/7.3.1/../../../../arm-none-eabi/lib/thumb/v7e-m/fpv4-sp/hard\libc.a(lib_a-locale.o)
                0x20000a7c                __global_locale
                0x20000be8                . = ALIGN (0x4)
                0x20000be8                _edata = .

.igot.plt       0x20000be8        0x0 load address 0x0800c5f4
 .igot.plt      0x20000be8        0x0 c:/ac6/systemworkbench/plugins/fr.ac6.mcu.externaltools.arm-none.win32_1.17.0.201812190825/tools/compiler/bin/../lib/gcc/arm-none-eabi/7.3.1/thumb/v7e-m/fpv4-sp/hard/crtbegin.o
                0x20000be8                . = ALIGN (0x4)

.bss            0x20000be8      0x3ac load address 0x0800c5f4
                0x20000be8                _sbss = .
                0x20000be8                __bss_start__ = _sbss
 *(.bss)
 .bss           0x20000be8       0x1c c:/ac6/systemworkbench/plugins/fr.ac6.mcu.externaltools.arm-none.win32_1.17.0.201812190825/tools/compiler/bin/../lib/gcc/arm-none-eabi/7.3.1/thumb/v7e-m/fpv4-sp/hard/crtbegin.o
 .bss           0x20000c04       0x48 src/fatfs_sd_sdio.o
                0x20000c3c                StopCondition
                0x20000c40                TransferError
                0x20000c44                TransferEnd
                0x20000c48                DMAEndOfTransfer
 .bss           0x20000c4c       0x14 src/ff.o
 .bss           0x20000c60        0xc src/ff_gen_drv.o
                0x20000c60                disk
 .bss           0x20000c6c        0x1 src/main.o
 *fill*         0x20000c6d        0x3 
 .bss           0x20000c70        0x8 src/syscalls.o
                0x20000c70                __env
 .bss           0x20000c78       0x16 src/tm_stm32f4_gpio.o
 *(.bss*)
 *fill*         0x20000c8e        0x2 
 .bss.__malloc_current_mallinfo
                0x20000c90       0x28 c:/ac6/systemworkbench/plugins/fr.ac6.mcu.externaltools.arm-none.win32_1.17.0.201812190825/tools/compiler/bin/../lib/gcc/arm-none-eabi/7.3.1/../../../../arm-none-eabi/lib/thumb/v7e-m/fpv4-sp/hard\libc.a(lib_a-mallocr.o)
                0x20000c90                __malloc_current_mallinfo
 .bss.__malloc_max_sbrked_mem
                0x20000cb8        0x4 c:/ac6/systemworkbench/plugins/fr.ac6.mcu.externaltools.arm-none.win32_1.17.0.201812190825/tools/compiler/bin/../lib/gcc/arm-none-eabi/7.3.1/../../../../arm-none-eabi/lib/thumb/v7e-m/fpv4-sp/hard\libc.a(lib_a-mallocr.o)
                0x20000cb8                __malloc_max_sbrked_mem
 .bss.__malloc_max_total_mem
                0x20000cbc        0x4 c:/ac6/systemworkbench/plugins/fr.ac6.mcu.externaltools.arm-none.win32_1.17.0.201812190825/tools/compiler/bin/../lib/gcc/arm-none-eabi/7.3.1/../../../../arm-none-eabi/lib/thumb/v7e-m/fpv4-sp/hard\libc.a(lib_a-mallocr.o)
                0x20000cbc                __malloc_max_total_mem
 .bss.__malloc_top_pad
                0x20000cc0        0x4 c:/ac6/systemworkbench/plugins/fr.ac6.mcu.externaltools.arm-none.win32_1.17.0.201812190825/tools/compiler/bin/../lib/gcc/arm-none-eabi/7.3.1/../../../../arm-none-eabi/lib/thumb/v7e-m/fpv4-sp/hard\libc.a(lib_a-mallocr.o)
                0x20000cc0                __malloc_top_pad
 *(COMMON)
 COMMON         0x20000cc4        0x8 src/fatfs.o
                0x20000cc4                retSD
                0x20000cc8                SD_Path
 *fill*         0x20000ccc        0x4 
 COMMON         0x20000cd0       0xa0 src/fatfs_sd_sdio.o
                0x20000cd0                SDIO_CmdInitStructure
                0x20000ce8                SDCardInfo
                0x20000d40                SDIO_InitStructure
                0x20000d58                SDIO_DataInitStructure
 COMMON         0x20000d70      0x1fc src/main.o
                0x20000d70                sTime
                0x20000d74                sc_s_state
                0x20000d80                sDate
                0x20000d84                qb_time
                0x20000d88                sche_tc_buffer
                0x20000e6c                sch_mem_pool
 COMMON         0x20000f6c       0x21 c:/ac6/systemworkbench/plugins/fr.ac6.mcu.externaltools.arm-none.win32_1.17.0.201812190825/tools/compiler/bin/../lib/gcc/arm-none-eabi/7.3.1/../../../../arm-none-eabi/lib/thumb/v7e-m/fpv4-sp/hard\libc.a(lib_a-lock.o)
                0x20000f6c                __lock___atexit_recursive_mutex
                0x20000f70                __lock___arc4random_mutex
                0x20000f74                __lock___env_recursive_mutex
                0x20000f78                __lock___sinit_recursive_mutex
                0x20000f7c                __lock___malloc_recursive_mutex
                0x20000f80                __lock___at_quick_exit_mutex
                0x20000f84                __lock___dd_hash_mutex
                0x20000f88                __lock___tz_mutex
                0x20000f8c                __lock___sfp_recursive_mutex
 *fill*         0x20000f8d        0x3 
 COMMON         0x20000f90        0x4 c:/ac6/systemworkbench/plugins/fr.ac6.mcu.externaltools.arm-none.win32_1.17.0.201812190825/tools/compiler/bin/../lib/gcc/arm-none-eabi/7.3.1/../../../../arm-none-eabi/lib/thumb/v7e-m/fpv4-sp/hard\libc.a(lib_a-reent.o)
                0x20000f90                errno
                0x20000f94                . = ALIGN (0x4)
                0x20000f94                _ebss = .
                0x20000f94                __bss_end__ = _ebss

._user_heap_stack
                0x20000f94      0x404 load address 0x0800c5f4
                0x20000f98                . = ALIGN (0x8)
 *fill*         0x20000f94        0x4 
                0x20000f98                PROVIDE (end = .)
                [!provide]                PROVIDE (_end = .)
                0x20000f98                . = (. + _Min_Heap_Size)
                0x20001398                . = (. + _Min_Stack_Size)
 *fill*         0x20000f98      0x400 
                0x20001398                . = ALIGN (0x8)

/DISCARD/
 libc.a(*)
 libm.a(*)
 libgcc.a(*)

.ARM.attributes
                0x00000000       0x30
 *(.ARM.attributes)
 .ARM.attributes
                0x00000000       0x22 c:/ac6/systemworkbench/plugins/fr.ac6.mcu.externaltools.arm-none.win32_1.17.0.201812190825/tools/compiler/bin/../lib/gcc/arm-none-eabi/7.3.1/thumb/v7e-m/fpv4-sp/hard/crti.o
 .ARM.attributes
                0x00000022       0x34 c:/ac6/systemworkbench/plugins/fr.ac6.mcu.externaltools.arm-none.win32_1.17.0.201812190825/tools/compiler/bin/../lib/gcc/arm-none-eabi/7.3.1/thumb/v7e-m/fpv4-sp/hard/crtbegin.o
 .ARM.attributes
                0x00000056       0x39 StdPeriph_Driver/src/stm32f4xx_dma.o
 .ARM.attributes
                0x0000008f       0x39 StdPeriph_Driver/src/stm32f4xx_gpio.o
 .ARM.attributes
                0x000000c8       0x39 StdPeriph_Driver/src/stm32f4xx_pwr.o
 .ARM.attributes
                0x00000101       0x39 StdPeriph_Driver/src/stm32f4xx_rcc.o
 .ARM.attributes
                0x0000013a       0x39 StdPeriph_Driver/src/stm32f4xx_rtc.o
 .ARM.attributes
                0x00000173       0x39 StdPeriph_Driver/src/stm32f4xx_sdio.o
 .ARM.attributes
                0x000001ac       0x39 StdPeriph_Driver/src/stm32f4xx_tim.o
 .ARM.attributes
                0x000001e5       0x39 src/diskio.o
 .ARM.attributes
                0x0000021e       0x39 src/fatfs.o
 .ARM.attributes
                0x00000257       0x39 src/fatfs_sd_sdio.o
 .ARM.attributes
                0x00000290       0x39 src/ff.o
 .ARM.attributes
                0x000002c9       0x39 src/ff_gen_drv.o
 .ARM.attributes
                0x00000302       0x39 src/main.o
 .ARM.attributes
                0x0000033b       0x39 src/sd_diskio.o
 .ARM.attributes
                0x00000374       0x39 src/syscalls.o
 .ARM.attributes
                0x000003ad       0x39 src/system_stm32f4xx.o
 .ARM.attributes
                0x000003e6       0x39 src/tm_stm32f4_fatfs.o
 .ARM.attributes
                0x0000041f       0x39 src/tm_stm32f4_gpio.o
 .ARM.attributes
                0x00000458       0x21 startup/startup_stm32.o
 .ARM.attributes
                0x00000479       0x22 c:/ac6/systemworkbench/plugins/fr.ac6.mcu.externaltools.arm-none.win32_1.17.0.201812190825/tools/compiler/bin/../lib/gcc/arm-none-eabi/7.3.1/thumb/v7e-m/fpv4-sp/hard\libgcc.a(_arm_addsubdf3.o)
 .ARM.attributes
                0x0000049b       0x22 c:/ac6/systemworkbench/plugins/fr.ac6.mcu.externaltools.arm-none.win32_1.17.0.201812190825/tools/compiler/bin/../lib/gcc/arm-none-eabi/7.3.1/thumb/v7e-m/fpv4-sp/hard\libgcc.a(_arm_muldivdf3.o)
 .ARM.attributes
                0x000004bd       0x34 c:/ac6/systemworkbench/plugins/fr.ac6.mcu.externaltools.arm-none.win32_1.17.0.201812190825/tools/compiler/bin/../lib/gcc/arm-none-eabi/7.3.1/../../../../arm-none-eabi/lib/thumb/v7e-m/fpv4-sp/hard\libc.a(lib_a-errno.o)
 .ARM.attributes
                0x000004f1       0x34 c:/ac6/systemworkbench/plugins/fr.ac6.mcu.externaltools.arm-none.win32_1.17.0.201812190825/tools/compiler/bin/../lib/gcc/arm-none-eabi/7.3.1/../../../../arm-none-eabi/lib/thumb/v7e-m/fpv4-sp/hard\libc.a(lib_a-impure.o)
 .ARM.attributes
                0x00000525       0x34 c:/ac6/systemworkbench/plugins/fr.ac6.mcu.externaltools.arm-none.win32_1.17.0.201812190825/tools/compiler/bin/../lib/gcc/arm-none-eabi/7.3.1/../../../../arm-none-eabi/lib/thumb/v7e-m/fpv4-sp/hard\libc.a(lib_a-init.o)
 .ARM.attributes
                0x00000559       0x34 c:/ac6/systemworkbench/plugins/fr.ac6.mcu.externaltools.arm-none.win32_1.17.0.201812190825/tools/compiler/bin/../lib/gcc/arm-none-eabi/7.3.1/../../../../arm-none-eabi/lib/thumb/v7e-m/fpv4-sp/hard\libc.a(lib_a-malloc.o)
 .ARM.attributes
                0x0000058d       0x34 c:/ac6/systemworkbench/plugins/fr.ac6.mcu.externaltools.arm-none.win32_1.17.0.201812190825/tools/compiler/bin/../lib/gcc/arm-none-eabi/7.3.1/../../../../arm-none-eabi/lib/thumb/v7e-m/fpv4-sp/hard\libc.a(lib_a-mallocr.o)
 .ARM.attributes
                0x000005c1       0x20 c:/ac6/systemworkbench/plugins/fr.ac6.mcu.externaltools.arm-none.win32_1.17.0.201812190825/tools/compiler/bin/../lib/gcc/arm-none-eabi/7.3.1/../../../../arm-none-eabi/lib/thumb/v7e-m/fpv4-sp/hard\libc.a(lib_a-memcpy.o)
 .ARM.attributes
                0x000005e1       0x34 c:/ac6/systemworkbench/plugins/fr.ac6.mcu.externaltools.arm-none.win32_1.17.0.201812190825/tools/compiler/bin/../lib/gcc/arm-none-eabi/7.3.1/../../../../arm-none-eabi/lib/thumb/v7e-m/fpv4-sp/hard\libc.a(lib_a-memset.o)
 .ARM.attributes
                0x00000615       0x34 c:/ac6/systemworkbench/plugins/fr.ac6.mcu.externaltools.arm-none.win32_1.17.0.201812190825/tools/compiler/bin/../lib/gcc/arm-none-eabi/7.3.1/../../../../arm-none-eabi/lib/thumb/v7e-m/fpv4-sp/hard\libc.a(lib_a-mlock.o)
 .ARM.attributes
                0x00000649       0x34 c:/ac6/systemworkbench/plugins/fr.ac6.mcu.externaltools.arm-none.win32_1.17.0.201812190825/tools/compiler/bin/../lib/gcc/arm-none-eabi/7.3.1/../../../../arm-none-eabi/lib/thumb/v7e-m/fpv4-sp/hard\libc.a(lib_a-sbrkr.o)
 .ARM.attributes
                0x0000067d       0x34 c:/ac6/systemworkbench/plugins/fr.ac6.mcu.externaltools.arm-none.win32_1.17.0.201812190825/tools/compiler/bin/../lib/gcc/arm-none-eabi/7.3.1/../../../../arm-none-eabi/lib/thumb/v7e-m/fpv4-sp/hard\libc.a(lib_a-snprintf.o)
 .ARM.attributes
                0x000006b1       0x20 c:/ac6/systemworkbench/plugins/fr.ac6.mcu.externaltools.arm-none.win32_1.17.0.201812190825/tools/compiler/bin/../lib/gcc/arm-none-eabi/7.3.1/../../../../arm-none-eabi/lib/thumb/v7e-m/fpv4-sp/hard\libc.a(lib_a-strlen.o)
 .ARM.attributes
                0x000006d1       0x34 c:/ac6/systemworkbench/plugins/fr.ac6.mcu.externaltools.arm-none.win32_1.17.0.201812190825/tools/compiler/bin/../lib/gcc/arm-none-eabi/7.3.1/../../../../arm-none-eabi/lib/thumb/v7e-m/fpv4-sp/hard\libc.a(lib_a-svfprintf.o)
 .ARM.attributes
                0x00000705       0x34 c:/ac6/systemworkbench/plugins/fr.ac6.mcu.externaltools.arm-none.win32_1.17.0.201812190825/tools/compiler/bin/../lib/gcc/arm-none-eabi/7.3.1/../../../../arm-none-eabi/lib/thumb/v7e-m/fpv4-sp/hard\libc.a(lib_a-__call_atexit.o)
 .ARM.attributes
                0x00000739       0x34 c:/ac6/systemworkbench/plugins/fr.ac6.mcu.externaltools.arm-none.win32_1.17.0.201812190825/tools/compiler/bin/../lib/gcc/arm-none-eabi/7.3.1/../../../../arm-none-eabi/lib/thumb/v7e-m/fpv4-sp/hard\libc.a(lib_a-atexit.o)
 .ARM.attributes
                0x0000076d       0x34 c:/ac6/systemworkbench/plugins/fr.ac6.mcu.externaltools.arm-none.win32_1.17.0.201812190825/tools/compiler/bin/../lib/gcc/arm-none-eabi/7.3.1/../../../../arm-none-eabi/lib/thumb/v7e-m/fpv4-sp/hard\libc.a(lib_a-dtoa.o)
 .ARM.attributes
                0x000007a1       0x34 c:/ac6/systemworkbench/plugins/fr.ac6.mcu.externaltools.arm-none.win32_1.17.0.201812190825/tools/compiler/bin/../lib/gcc/arm-none-eabi/7.3.1/../../../../arm-none-eabi/lib/thumb/v7e-m/fpv4-sp/hard\libc.a(lib_a-fini.o)
 .ARM.attributes
                0x000007d5       0x34 c:/ac6/systemworkbench/plugins/fr.ac6.mcu.externaltools.arm-none.win32_1.17.0.201812190825/tools/compiler/bin/../lib/gcc/arm-none-eabi/7.3.1/../../../../arm-none-eabi/lib/thumb/v7e-m/fpv4-sp/hard\libc.a(lib_a-freer.o)
 .ARM.attributes
                0x00000809       0x34 c:/ac6/systemworkbench/plugins/fr.ac6.mcu.externaltools.arm-none.win32_1.17.0.201812190825/tools/compiler/bin/../lib/gcc/arm-none-eabi/7.3.1/../../../../arm-none-eabi/lib/thumb/v7e-m/fpv4-sp/hard\libc.a(lib_a-localeconv.o)
 .ARM.attributes
                0x0000083d       0x34 c:/ac6/systemworkbench/plugins/fr.ac6.mcu.externaltools.arm-none.win32_1.17.0.201812190825/tools/compiler/bin/../lib/gcc/arm-none-eabi/7.3.1/../../../../arm-none-eabi/lib/thumb/v7e-m/fpv4-sp/hard\libc.a(lib_a-lock.o)
 .ARM.attributes
                0x00000871       0x20 c:/ac6/systemworkbench/plugins/fr.ac6.mcu.externaltools.arm-none.win32_1.17.0.201812190825/tools/compiler/bin/../lib/gcc/arm-none-eabi/7.3.1/../../../../arm-none-eabi/lib/thumb/v7e-m/fpv4-sp/hard\libc.a(lib_a-memchr.o)
 .ARM.attributes
                0x00000891       0x34 c:/ac6/systemworkbench/plugins/fr.ac6.mcu.externaltools.arm-none.win32_1.17.0.201812190825/tools/compiler/bin/../lib/gcc/arm-none-eabi/7.3.1/../../../../arm-none-eabi/lib/thumb/v7e-m/fpv4-sp/hard\libc.a(lib_a-mprec.o)
 .ARM.attributes
                0x000008c5       0x34 c:/ac6/systemworkbench/plugins/fr.ac6.mcu.externaltools.arm-none.win32_1.17.0.201812190825/tools/compiler/bin/../lib/gcc/arm-none-eabi/7.3.1/../../../../arm-none-eabi/lib/thumb/v7e-m/fpv4-sp/hard\libc.a(lib_a-reent.o)
 .ARM.attributes
                0x000008f9       0x34 c:/ac6/systemworkbench/plugins/fr.ac6.mcu.externaltools.arm-none.win32_1.17.0.201812190825/tools/compiler/bin/../lib/gcc/arm-none-eabi/7.3.1/../../../../arm-none-eabi/lib/thumb/v7e-m/fpv4-sp/hard\libc.a(lib_a-s_frexp.o)
 .ARM.attributes
                0x0000092d       0x34 c:/ac6/systemworkbench/plugins/fr.ac6.mcu.externaltools.arm-none.win32_1.17.0.201812190825/tools/compiler/bin/../lib/gcc/arm-none-eabi/7.3.1/../../../../arm-none-eabi/lib/thumb/v7e-m/fpv4-sp/hard\libc.a(lib_a-strncpy.o)
 .ARM.attributes
                0x00000961       0x34 c:/ac6/systemworkbench/plugins/fr.ac6.mcu.externaltools.arm-none.win32_1.17.0.201812190825/tools/compiler/bin/../lib/gcc/arm-none-eabi/7.3.1/../../../../arm-none-eabi/lib/thumb/v7e-m/fpv4-sp/hard\libc.a(lib_a-svfiprintf.o)
 .ARM.attributes
                0x00000995       0x34 c:/ac6/systemworkbench/plugins/fr.ac6.mcu.externaltools.arm-none.win32_1.17.0.201812190825/tools/compiler/bin/../lib/gcc/arm-none-eabi/7.3.1/../../../../arm-none-eabi/lib/thumb/v7e-m/fpv4-sp/hard\libc.a(lib_a-__atexit.o)
 .ARM.attributes
                0x000009c9       0x34 c:/ac6/systemworkbench/plugins/fr.ac6.mcu.externaltools.arm-none.win32_1.17.0.201812190825/tools/compiler/bin/../lib/gcc/arm-none-eabi/7.3.1/../../../../arm-none-eabi/lib/thumb/v7e-m/fpv4-sp/hard\libc.a(lib_a-callocr.o)
 .ARM.attributes
                0x000009fd       0x34 c:/ac6/systemworkbench/plugins/fr.ac6.mcu.externaltools.arm-none.win32_1.17.0.201812190825/tools/compiler/bin/../lib/gcc/arm-none-eabi/7.3.1/../../../../arm-none-eabi/lib/thumb/v7e-m/fpv4-sp/hard\libc.a(lib_a-locale.o)
 .ARM.attributes
                0x00000a31       0x34 c:/ac6/systemworkbench/plugins/fr.ac6.mcu.externaltools.arm-none.win32_1.17.0.201812190825/tools/compiler/bin/../lib/gcc/arm-none-eabi/7.3.1/../../../../arm-none-eabi/lib/thumb/v7e-m/fpv4-sp/hard\libc.a(lib_a-mbtowc_r.o)
 .ARM.attributes
                0x00000a65       0x34 c:/ac6/systemworkbench/plugins/fr.ac6.mcu.externaltools.arm-none.win32_1.17.0.201812190825/tools/compiler/bin/../lib/gcc/arm-none-eabi/7.3.1/../../../../arm-none-eabi/lib/thumb/v7e-m/fpv4-sp/hard\libc.a(lib_a-memmove.o)
 .ARM.attributes
                0x00000a99       0x34 c:/ac6/systemworkbench/plugins/fr.ac6.mcu.externaltools.arm-none.win32_1.17.0.201812190825/tools/compiler/bin/../lib/gcc/arm-none-eabi/7.3.1/../../../../arm-none-eabi/lib/thumb/v7e-m/fpv4-sp/hard\libc.a(lib_a-reallocr.o)
 .ARM.attributes
                0x00000acd       0x34 c:/ac6/systemworkbench/plugins/fr.ac6.mcu.externaltools.arm-none.win32_1.17.0.201812190825/tools/compiler/bin/../lib/gcc/arm-none-eabi/7.3.1/../../../../arm-none-eabi/lib/thumb/v7e-m/fpv4-sp/hard\libc.a(lib_a-wctomb_r.o)
 .ARM.attributes
                0x00000b01       0x34 c:/ac6/systemworkbench/plugins/fr.ac6.mcu.externaltools.arm-none.win32_1.17.0.201812190825/tools/compiler/bin/../lib/gcc/arm-none-eabi/7.3.1/../../../../arm-none-eabi/lib/thumb/v7e-m/fpv4-sp/hard\libc.a(lib_a-ctype_.o)
 .ARM.attributes
                0x00000b35       0x22 c:/ac6/systemworkbench/plugins/fr.ac6.mcu.externaltools.arm-none.win32_1.17.0.201812190825/tools/compiler/bin/../lib/gcc/arm-none-eabi/7.3.1/thumb/v7e-m/fpv4-sp/hard\libgcc.a(_arm_cmpdf2.o)
 .ARM.attributes
                0x00000b57       0x22 c:/ac6/systemworkbench/plugins/fr.ac6.mcu.externaltools.arm-none.win32_1.17.0.201812190825/tools/compiler/bin/../lib/gcc/arm-none-eabi/7.3.1/thumb/v7e-m/fpv4-sp/hard\libgcc.a(_arm_unorddf2.o)
 .ARM.attributes
                0x00000b79       0x22 c:/ac6/systemworkbench/plugins/fr.ac6.mcu.externaltools.arm-none.win32_1.17.0.201812190825/tools/compiler/bin/../lib/gcc/arm-none-eabi/7.3.1/thumb/v7e-m/fpv4-sp/hard\libgcc.a(_arm_fixdfsi.o)
 .ARM.attributes
                0x00000b9b       0x22 c:/ac6/systemworkbench/plugins/fr.ac6.mcu.externaltools.arm-none.win32_1.17.0.201812190825/tools/compiler/bin/../lib/gcc/arm-none-eabi/7.3.1/thumb/v7e-m/fpv4-sp/hard\libgcc.a(_aeabi_uldivmod.o)
 .ARM.attributes
                0x00000bbd       0x34 c:/ac6/systemworkbench/plugins/fr.ac6.mcu.externaltools.arm-none.win32_1.17.0.201812190825/tools/compiler/bin/../lib/gcc/arm-none-eabi/7.3.1/thumb/v7e-m/fpv4-sp/hard\libgcc.a(_udivmoddi4.o)
 .ARM.attributes
                0x00000bf1       0x22 c:/ac6/systemworkbench/plugins/fr.ac6.mcu.externaltools.arm-none.win32_1.17.0.201812190825/tools/compiler/bin/../lib/gcc/arm-none-eabi/7.3.1/thumb/v7e-m/fpv4-sp/hard\libgcc.a(_dvmd_tls.o)
 .ARM.attributes
                0x00000c13       0x22 c:/ac6/systemworkbench/plugins/fr.ac6.mcu.externaltools.arm-none.win32_1.17.0.201812190825/tools/compiler/bin/../lib/gcc/arm-none-eabi/7.3.1/thumb/v7e-m/fpv4-sp/hard/crtn.o
OUTPUT(405_fatfs_sch.elf elf32-littlearm)

.debug_info     0x00000000    0x113fd
 .debug_info    0x00000000      0x74b StdPeriph_Driver/src/stm32f4xx_dma.o
 .debug_info    0x0000074b      0x62b StdPeriph_Driver/src/stm32f4xx_gpio.o
 .debug_info    0x00000d76      0x5fa StdPeriph_Driver/src/stm32f4xx_pwr.o
 .debug_info    0x00001370      0xe67 StdPeriph_Driver/src/stm32f4xx_rcc.o
 .debug_info    0x000021d7     0x10f6 StdPeriph_Driver/src/stm32f4xx_rtc.o
 .debug_info    0x000032cd      0x80b StdPeriph_Driver/src/stm32f4xx_sdio.o
 .debug_info    0x00003ad8     0x1c73 StdPeriph_Driver/src/stm32f4xx_tim.o
 .debug_info    0x0000574b     0x1313 src/diskio.o
 .debug_info    0x00006a5e      0x273 src/fatfs.o
 .debug_info    0x00006cd1     0x25aa src/fatfs_sd_sdio.o
 .debug_info    0x0000927b     0x1eec src/ff.o
 .debug_info    0x0000b167      0x3be src/ff_gen_drv.o
 .debug_info    0x0000b525     0x20a0 src/main.o
 .debug_info    0x0000d5c5     0x1006 src/sd_diskio.o
 .debug_info    0x0000e5cb      0xf2e src/syscalls.o
 .debug_info    0x0000f4f9      0x612 src/system_stm32f4xx.o
 .debug_info    0x0000fb0b     0x1053 src/tm_stm32f4_fatfs.o
 .debug_info    0x00010b5e      0x87d src/tm_stm32f4_gpio.o
 .debug_info    0x000113db       0x22 startup/startup_stm32.o

.debug_abbrev   0x00000000     0x2440
 .debug_abbrev  0x00000000      0x16d StdPeriph_Driver/src/stm32f4xx_dma.o
 .debug_abbrev  0x0000016d      0x1bf StdPeriph_Driver/src/stm32f4xx_gpio.o
 .debug_abbrev  0x0000032c      0x199 StdPeriph_Driver/src/stm32f4xx_pwr.o
 .debug_abbrev  0x000004c5      0x1d4 StdPeriph_Driver/src/stm32f4xx_rcc.o
 .debug_abbrev  0x00000699      0x1e2 StdPeriph_Driver/src/stm32f4xx_rtc.o
 .debug_abbrev  0x0000087b      0x191 StdPeriph_Driver/src/stm32f4xx_sdio.o
 .debug_abbrev  0x00000a0c      0x19f StdPeriph_Driver/src/stm32f4xx_tim.o
 .debug_abbrev  0x00000bab      0x2ad src/diskio.o
 .debug_abbrev  0x00000e58       0xf9 src/fatfs.o
 .debug_abbrev  0x00000f51      0x32d src/fatfs_sd_sdio.o
 .debug_abbrev  0x0000127e      0x24d src/ff.o
 .debug_abbrev  0x000014cb      0x19c src/ff_gen_drv.o
 .debug_abbrev  0x00001667      0x3a5 src/main.o
 .debug_abbrev  0x00001a0c      0x236 src/sd_diskio.o
 .debug_abbrev  0x00001c42      0x2aa src/syscalls.o
 .debug_abbrev  0x00001eec      0x15d src/system_stm32f4xx.o
 .debug_abbrev  0x00002049      0x264 src/tm_stm32f4_fatfs.o
 .debug_abbrev  0x000022ad      0x181 src/tm_stm32f4_gpio.o
 .debug_abbrev  0x0000242e       0x12 startup/startup_stm32.o

.debug_aranges  0x00000000     0x11e0
 .debug_aranges
                0x00000000       0xb0 StdPeriph_Driver/src/stm32f4xx_dma.o
 .debug_aranges
                0x000000b0       0x88 StdPeriph_Driver/src/stm32f4xx_gpio.o
 .debug_aranges
                0x00000138       0x98 StdPeriph_Driver/src/stm32f4xx_pwr.o
 .debug_aranges
                0x000001d0      0x1c0 StdPeriph_Driver/src/stm32f4xx_rcc.o
 .debug_aranges
                0x00000390      0x1e0 StdPeriph_Driver/src/stm32f4xx_rtc.o
 .debug_aranges
                0x00000570      0x108 StdPeriph_Driver/src/stm32f4xx_sdio.o
 .debug_aranges
                0x00000678      0x2f8 StdPeriph_Driver/src/stm32f4xx_tim.o
 .debug_aranges
                0x00000970      0x128 src/diskio.o
 .debug_aranges
                0x00000a98       0x20 src/fatfs.o
 .debug_aranges
                0x00000ab8      0x1c8 src/fatfs_sd_sdio.o
 .debug_aranges
                0x00000c80      0x1e0 src/ff.o
 .debug_aranges
                0x00000e60       0x40 src/ff_gen_drv.o
 .debug_aranges
                0x00000ea0      0x108 src/main.o
 .debug_aranges
                0x00000fa8       0x40 src/sd_diskio.o
 .debug_aranges
                0x00000fe8       0xb0 src/syscalls.o
 .debug_aranges
                0x00001098       0x30 src/system_stm32f4xx.o
 .debug_aranges
                0x000010c8       0x58 src/tm_stm32f4_fatfs.o
 .debug_aranges
                0x00001120       0x98 src/tm_stm32f4_gpio.o
 .debug_aranges
                0x000011b8       0x28 startup/startup_stm32.o

.debug_ranges   0x00000000     0x10b8
 .debug_ranges  0x00000000       0xa0 StdPeriph_Driver/src/stm32f4xx_dma.o
 .debug_ranges  0x000000a0       0x78 StdPeriph_Driver/src/stm32f4xx_gpio.o
 .debug_ranges  0x00000118       0x88 StdPeriph_Driver/src/stm32f4xx_pwr.o
 .debug_ranges  0x000001a0      0x1b0 StdPeriph_Driver/src/stm32f4xx_rcc.o
 .debug_ranges  0x00000350      0x1d0 StdPeriph_Driver/src/stm32f4xx_rtc.o
 .debug_ranges  0x00000520       0xf8 StdPeriph_Driver/src/stm32f4xx_sdio.o
 .debug_ranges  0x00000618      0x2e8 StdPeriph_Driver/src/stm32f4xx_tim.o
 .debug_ranges  0x00000900      0x118 src/diskio.o
 .debug_ranges  0x00000a18       0x10 src/fatfs.o
 .debug_ranges  0x00000a28      0x1b8 src/fatfs_sd_sdio.o
 .debug_ranges  0x00000be0      0x1d0 src/ff.o
 .debug_ranges  0x00000db0       0x30 src/ff_gen_drv.o
 .debug_ranges  0x00000de0       0xf8 src/main.o
 .debug_ranges  0x00000ed8       0x30 src/sd_diskio.o
 .debug_ranges  0x00000f08       0xa0 src/syscalls.o
 .debug_ranges  0x00000fa8       0x20 src/system_stm32f4xx.o
 .debug_ranges  0x00000fc8       0x48 src/tm_stm32f4_fatfs.o
 .debug_ranges  0x00001010       0x88 src/tm_stm32f4_gpio.o
 .debug_ranges  0x00001098       0x20 startup/startup_stm32.o

.debug_macro    0x00000000     0x6821
 .debug_macro   0x00000000      0x210 StdPeriph_Driver/src/stm32f4xx_dma.o
 .debug_macro   0x00000210      0x471 StdPeriph_Driver/src/stm32f4xx_dma.o
 .debug_macro   0x00000681      0x1bc StdPeriph_Driver/src/stm32f4xx_gpio.o
 .debug_macro   0x0000083d      0x2f5 StdPeriph_Driver/src/stm32f4xx_gpio.o
 .debug_macro   0x00000b32      0x243 StdPeriph_Driver/src/stm32f4xx_pwr.o
 .debug_macro   0x00000d75       0xe8 StdPeriph_Driver/src/stm32f4xx_pwr.o
 .debug_macro   0x00000e5d      0x28b StdPeriph_Driver/src/stm32f4xx_rcc.o
 .debug_macro   0x000010e8      0x1f8 StdPeriph_Driver/src/stm32f4xx_rtc.o
 .debug_macro   0x000012e0      0x598 StdPeriph_Driver/src/stm32f4xx_rtc.o
 .debug_macro   0x00001878      0x289 StdPeriph_Driver/src/stm32f4xx_sdio.o
 .debug_macro   0x00001b01      0x33c StdPeriph_Driver/src/stm32f4xx_sdio.o
 .debug_macro   0x00001e3d      0x1e6 StdPeriph_Driver/src/stm32f4xx_tim.o
 .debug_macro   0x00002023      0x735 StdPeriph_Driver/src/stm32f4xx_tim.o
 .debug_macro   0x00002758      0x420 src/diskio.o
 .debug_macro   0x00002b78       0x16 src/diskio.o
 .debug_macro   0x00002b8e       0x16 src/diskio.o
 .debug_macro   0x00002ba4       0xa0 src/diskio.o
 .debug_macro   0x00002c44       0xd7 src/diskio.o
 .debug_macro   0x00002d1b       0xf5 src/diskio.o
 .debug_macro   0x00002e10       0x5e src/diskio.o
 .debug_macro   0x00002e6e       0x18 src/diskio.o
 .debug_macro   0x00002e86       0x35 src/diskio.o
 .debug_macro   0x00002ebb       0x34 src/diskio.o
 .debug_macro   0x00002eef      0x174 src/diskio.o
 .debug_macro   0x00003063       0x58 src/diskio.o
 .debug_macro   0x000030bb       0x1f src/diskio.o
 .debug_macro   0x000030da       0x43 src/diskio.o
 .debug_macro   0x0000311d       0x20 src/diskio.o
 .debug_macro   0x0000313d      0x18e src/diskio.o
 .debug_macro   0x000032cb      0x330 src/diskio.o
 .debug_macro   0x000035fb       0x10 src/diskio.o
 .debug_macro   0x0000360b       0x35 src/diskio.o
 .debug_macro   0x00003640       0x16 src/diskio.o
 .debug_macro   0x00003656       0x16 src/diskio.o
 .debug_macro   0x0000366c       0x29 src/diskio.o
 .debug_macro   0x00003695       0x1c src/diskio.o
 .debug_macro   0x000036b1       0x10 src/diskio.o
 .debug_macro   0x000036c1       0x10 src/diskio.o
 .debug_macro   0x000036d1       0x1c src/diskio.o
 .debug_macro   0x000036ed       0x52 src/diskio.o
 .debug_macro   0x0000373f       0x40 src/diskio.o
 .debug_macro   0x0000377f       0x10 src/diskio.o
 .debug_macro   0x0000378f       0x40 src/diskio.o
 .debug_macro   0x000037cf       0xd7 src/diskio.o
 .debug_macro   0x000038a6       0x1c src/diskio.o
 .debug_macro   0x000038c2       0x3d src/diskio.o
 .debug_macro   0x000038ff       0x16 src/diskio.o
 .debug_macro   0x00003915      0x16f src/diskio.o
 .debug_macro   0x00003a84       0x19 src/diskio.o
 .debug_macro   0x00003a9d       0xaf src/diskio.o
 .debug_macro   0x00003b4c      0x406 src/diskio.o
 .debug_macro   0x00003f52      0x20a src/fatfs.o
 .debug_macro   0x0000415c      0x3e4 src/fatfs_sd_sdio.o
 .debug_macro   0x00004540       0xdd src/fatfs_sd_sdio.o
 .debug_macro   0x0000461d      0x43e src/ff.o
 .debug_macro   0x00004a5b       0x58 src/ff.o
 .debug_macro   0x00004ab3      0x1f6 src/ff_gen_drv.o
 .debug_macro   0x00004ca9      0x5f6 src/main.o
 .debug_macro   0x0000529f      0x3e1 src/sd_diskio.o
 .debug_macro   0x00005680       0x58 src/sd_diskio.o
 .debug_macro   0x000056d8       0x94 src/sd_diskio.o
 .debug_macro   0x0000576c       0x57 src/sd_diskio.o
 .debug_macro   0x000057c3       0x10 src/sd_diskio.o
 .debug_macro   0x000057d3      0x243 src/syscalls.o
 .debug_macro   0x00005a16       0x10 src/syscalls.o
 .debug_macro   0x00005a26       0x10 src/syscalls.o
 .debug_macro   0x00005a36       0x10 src/syscalls.o
 .debug_macro   0x00005a46       0x35 src/syscalls.o
 .debug_macro   0x00005a7b      0x122 src/syscalls.o
 .debug_macro   0x00005b9d       0x10 src/syscalls.o
 .debug_macro   0x00005bad      0x241 src/syscalls.o
 .debug_macro   0x00005dee       0x10 src/syscalls.o
 .debug_macro   0x00005dfe      0x189 src/syscalls.o
 .debug_macro   0x00005f87       0x16 src/syscalls.o
 .debug_macro   0x00005f9d       0x88 src/syscalls.o
 .debug_macro   0x00006025      0x1d2 src/system_stm32f4xx.o
 .debug_macro   0x000061f7      0x3c0 src/tm_stm32f4_fatfs.o
 .debug_macro   0x000065b7      0x1c1 src/tm_stm32f4_gpio.o
 .debug_macro   0x00006778       0xa9 src/tm_stm32f4_gpio.o

.debug_line     0x00000000     0xc107
 .debug_line    0x00000000      0x883 StdPeriph_Driver/src/stm32f4xx_dma.o
 .debug_line    0x00000883      0x7c8 StdPeriph_Driver/src/stm32f4xx_gpio.o
 .debug_line    0x0000104b      0x7a0 StdPeriph_Driver/src/stm32f4xx_pwr.o
 .debug_line    0x000017eb      0xabc StdPeriph_Driver/src/stm32f4xx_rcc.o
 .debug_line    0x000022a7      0xc7e StdPeriph_Driver/src/stm32f4xx_rtc.o
 .debug_line    0x00002f25      0x891 StdPeriph_Driver/src/stm32f4xx_sdio.o
 .debug_line    0x000037b6      0xf1a StdPeriph_Driver/src/stm32f4xx_tim.o
 .debug_line    0x000046d0      0xad2 src/diskio.o
 .debug_line    0x000051a2      0x6e6 src/fatfs.o
 .debug_line    0x00005888     0x1464 src/fatfs_sd_sdio.o
 .debug_line    0x00006cec     0x1849 src/ff.o
 .debug_line    0x00008535      0x72e src/ff_gen_drv.o
 .debug_line    0x00008c63      0xcae src/main.o
 .debug_line    0x00009911      0x8ff src/sd_diskio.o
 .debug_line    0x0000a210      0x5df src/syscalls.o
 .debug_line    0x0000a7ef      0x6bd src/system_stm32f4xx.o
 .debug_line    0x0000aeac      0x983 src/tm_stm32f4_fatfs.o
 .debug_line    0x0000b82f      0x85c src/tm_stm32f4_gpio.o
 .debug_line    0x0000c08b       0x7c startup/startup_stm32.o

.debug_str      0x00000000    0x6d11c
 .debug_str     0x00000000    0x5ee90 StdPeriph_Driver/src/stm32f4xx_dma.o
                              0x5f05b (size before relaxing)
 .debug_str     0x0005ee90      0x239 StdPeriph_Driver/src/stm32f4xx_gpio.o
                              0x5ec9d (size before relaxing)
 .debug_str     0x0005f0c9      0x5b6 StdPeriph_Driver/src/stm32f4xx_pwr.o
                              0x5ef6c (size before relaxing)
 .debug_str     0x0005f67f      0xd87 StdPeriph_Driver/src/stm32f4xx_rcc.o
                              0x5f7aa (size before relaxing)
 .debug_str     0x00060406      0xb7d StdPeriph_Driver/src/stm32f4xx_rtc.o
                              0x5f59e (size before relaxing)
 .debug_str     0x00060f83      0x9b1 StdPeriph_Driver/src/stm32f4xx_sdio.o
                              0x5f38e (size before relaxing)
 .debug_str     0x00061934      0xc25 StdPeriph_Driver/src/stm32f4xx_tim.o
                              0x5f694 (size before relaxing)
 .debug_str     0x00062559     0x6886 src/diskio.o
                              0x65361 (size before relaxing)
 .debug_str     0x00068ddf       0x4f src/fatfs.o
                              0x5f288 (size before relaxing)
 .debug_str     0x00068e2e      0xd17 src/fatfs_sd_sdio.o
                              0x66182 (size before relaxing)
 .debug_str     0x00069b45      0xd9b src/ff.o
                              0x60055 (size before relaxing)
 .debug_str     0x0006a8e0       0x84 src/ff_gen_drv.o
                              0x5f2e6 (size before relaxing)
 .debug_str     0x0006a964     0x1209 src/main.o
                              0x64b84 (size before relaxing)
 .debug_str     0x0006bb6d       0x45 src/sd_diskio.o
                              0x65549 (size before relaxing)
 .debug_str     0x0006bbb2     0x10e9 src/syscalls.o
                               0x85c7 (size before relaxing)
 .debug_str     0x0006cc9b       0xba src/system_stm32f4xx.o
                              0x5ebef (size before relaxing)
 .debug_str     0x0006cd55      0x1a4 src/tm_stm32f4_fatfs.o
                              0x637b5 (size before relaxing)
 .debug_str     0x0006cef9      0x1fa src/tm_stm32f4_gpio.o
                              0x5f25c (size before relaxing)
 .debug_str     0x0006d0f3       0x29 startup/startup_stm32.o
                                 0x7a (size before relaxing)

.comment        0x00000000       0x7f
 .comment       0x00000000       0x7f StdPeriph_Driver/src/stm32f4xx_dma.o
                                 0x80 (size before relaxing)
 .comment       0x0000007f       0x80 StdPeriph_Driver/src/stm32f4xx_gpio.o
 .comment       0x0000007f       0x80 StdPeriph_Driver/src/stm32f4xx_pwr.o
 .comment       0x0000007f       0x80 StdPeriph_Driver/src/stm32f4xx_rcc.o
 .comment       0x0000007f       0x80 StdPeriph_Driver/src/stm32f4xx_rtc.o
 .comment       0x0000007f       0x80 StdPeriph_Driver/src/stm32f4xx_sdio.o
 .comment       0x0000007f       0x80 StdPeriph_Driver/src/stm32f4xx_tim.o
 .comment       0x0000007f       0x80 src/diskio.o
 .comment       0x0000007f       0x80 src/fatfs.o
 .comment       0x0000007f       0x80 src/fatfs_sd_sdio.o
 .comment       0x0000007f       0x80 src/ff.o
 .comment       0x0000007f       0x80 src/ff_gen_drv.o
 .comment       0x0000007f       0x80 src/main.o
 .comment       0x0000007f       0x80 src/sd_diskio.o
 .comment       0x0000007f       0x80 src/syscalls.o
 .comment       0x0000007f       0x80 src/system_stm32f4xx.o
 .comment       0x0000007f       0x80 src/tm_stm32f4_fatfs.o
 .comment       0x0000007f       0x80 src/tm_stm32f4_gpio.o

.debug_frame    0x00000000     0x5af4
 .debug_frame   0x00000000      0x308 StdPeriph_Driver/src/stm32f4xx_dma.o
 .debug_frame   0x00000308      0x23c StdPeriph_Driver/src/stm32f4xx_gpio.o
 .debug_frame   0x00000544      0x27c StdPeriph_Driver/src/stm32f4xx_pwr.o
 .debug_frame   0x000007c0      0x83c StdPeriph_Driver/src/stm32f4xx_rcc.o
 .debug_frame   0x00000ffc      0x8b0 StdPeriph_Driver/src/stm32f4xx_rtc.o
 .debug_frame   0x000018ac      0x48c StdPeriph_Driver/src/stm32f4xx_sdio.o
 .debug_frame   0x00001d38      0xe54 StdPeriph_Driver/src/stm32f4xx_tim.o
 .debug_frame   0x00002b8c      0x4fc src/diskio.o
 .debug_frame   0x00003088       0x2c src/fatfs.o
 .debug_frame   0x000030b4      0x7c8 src/fatfs_sd_sdio.o
 .debug_frame   0x0000387c      0x898 src/ff.o
 .debug_frame   0x00004114       0xc8 src/ff_gen_drv.o
 .debug_frame   0x000041dc      0x47c src/main.o
 .debug_frame   0x00004658       0xd0 src/sd_diskio.o
 .debug_frame   0x00004728      0x2d0 src/syscalls.o
 .debug_frame   0x000049f8       0x7c src/system_stm32f4xx.o
 .debug_frame   0x00004a74      0x140 src/tm_stm32f4_fatfs.o
 .debug_frame   0x00004bb4      0x274 src/tm_stm32f4_gpio.o
 .debug_frame   0x00004e28       0xac c:/ac6/systemworkbench/plugins/fr.ac6.mcu.externaltools.arm-none.win32_1.17.0.201812190825/tools/compiler/bin/../lib/gcc/arm-none-eabi/7.3.1/thumb/v7e-m/fpv4-sp/hard\libgcc.a(_arm_addsubdf3.o)
 .debug_frame   0x00004ed4       0x50 c:/ac6/systemworkbench/plugins/fr.ac6.mcu.externaltools.arm-none.win32_1.17.0.201812190825/tools/compiler/bin/../lib/gcc/arm-none-eabi/7.3.1/thumb/v7e-m/fpv4-sp/hard\libgcc.a(_arm_muldivdf3.o)
 .debug_frame   0x00004f24       0x20 c:/ac6/systemworkbench/plugins/fr.ac6.mcu.externaltools.arm-none.win32_1.17.0.201812190825/tools/compiler/bin/../lib/gcc/arm-none-eabi/7.3.1/../../../../arm-none-eabi/lib/thumb/v7e-m/fpv4-sp/hard\libc.a(lib_a-errno.o)
 .debug_frame   0x00004f44       0x2c c:/ac6/systemworkbench/plugins/fr.ac6.mcu.externaltools.arm-none.win32_1.17.0.201812190825/tools/compiler/bin/../lib/gcc/arm-none-eabi/7.3.1/../../../../arm-none-eabi/lib/thumb/v7e-m/fpv4-sp/hard\libc.a(lib_a-init.o)
 .debug_frame   0x00004f70       0x30 c:/ac6/systemworkbench/plugins/fr.ac6.mcu.externaltools.arm-none.win32_1.17.0.201812190825/tools/compiler/bin/../lib/gcc/arm-none-eabi/7.3.1/../../../../arm-none-eabi/lib/thumb/v7e-m/fpv4-sp/hard\libc.a(lib_a-malloc.o)
 .debug_frame   0x00004fa0       0x54 c:/ac6/systemworkbench/plugins/fr.ac6.mcu.externaltools.arm-none.win32_1.17.0.201812190825/tools/compiler/bin/../lib/gcc/arm-none-eabi/7.3.1/../../../../arm-none-eabi/lib/thumb/v7e-m/fpv4-sp/hard\libc.a(lib_a-mallocr.o)
 .debug_frame   0x00004ff4       0x38 c:/ac6/systemworkbench/plugins/fr.ac6.mcu.externaltools.arm-none.win32_1.17.0.201812190825/tools/compiler/bin/../lib/gcc/arm-none-eabi/7.3.1/../../../../arm-none-eabi/lib/thumb/v7e-m/fpv4-sp/hard\libc.a(lib_a-memset.o)
 .debug_frame   0x0000502c       0x30 c:/ac6/systemworkbench/plugins/fr.ac6.mcu.externaltools.arm-none.win32_1.17.0.201812190825/tools/compiler/bin/../lib/gcc/arm-none-eabi/7.3.1/../../../../arm-none-eabi/lib/thumb/v7e-m/fpv4-sp/hard\libc.a(lib_a-mlock.o)