<html>
<body>
<pre>
<h1>µVision Build Log</h1>
<h2>Tool Versions:</h2>
IDE-Version: µVision V5.35.0.0
Copyright (C) 2021 ARM Ltd and ARM Germany GmbH. All rights reserved.
License Information: Abdelaziz Maher, none, LIC=CRMFU-B05TF-S1MII-BYXT6-FB8KA-H7EDN
 
Tool Versions:
Toolchain:       MDK-ARM Professional  Version: 5.35.0.2
Toolchain Path:  C:\Keil_v5\ARM\ARMCC\Bin
C Compiler:      Armcc.exe V5.06 update 7 (build 960)
Assembler:       Armasm.exe V5.06 update 7 (build 960)
Linker/Locator:  ArmLink.exe V5.06 update 7 (build 960)
Library Manager: ArmAr.exe V5.06 update 7 (build 960)
Hex Converter:   FromElf.exe V5.06 update 7 (build 960)
CPU DLL:         SARMCM3.DLL V5.35.0.2
Dialog DLL:      DCM.DLL V1.17.3.0
Target DLL:      STLink\ST-LINKIII-KEIL_SWO.dll V3.0.9.0
Dialog DLL:      TCM.DLL V1.53.0.0
 
<h2>Project:</h2>
C:\Users\Abdel\OneDrive\Documents\KeilWorkspace\TTRD2_19a\ttrd2-19a-t0401a-v001c\project\ttrd_eres02.uvprojx
Project File Date:  05/20/2022

<h2>Output:</h2>
*** Using Compiler 'V5.06 update 7 (build 960)', folder: 'C:\Keil_v5\ARM\ARMCC\Bin'
Build target 'STM32F407VGTx'
compiling housekeeping.c...
..\source\ecss_services\../tasks/COMMS_comm_task.h(89): warning:  #1-D: last line of file ends without a newline
  #endif /* INC_COMMS_U4OMM_H_ */
..\source\ecss_services\../tasks/EPS_comm_task.h(85): warning:  #1-D: last line of file ends without a newline
  #endif 
..\source\ecss_services\housekeeping.c(164): warning:  #177-D: variable "ms_res"  was declared but never referenced
          uint8_t ms_res = 0;
..\source\ecss_services\housekeeping.c(165): warning:  #177-D: variable "ms_status"  was declared but never referenced
          uint8_t ms_status = 0;
..\source\ecss_services\housekeeping.c(166): warning:  #177-D: variable "ms_l"  was declared but never referenced
          uint16_t ms_l = 0;
..\source\ecss_services\housekeeping.c(346): warning:  #177-D: variable "Pitch"  was declared but never referenced
  			float  Pitch =58.43;
..\source\ecss_services\housekeeping.c(640): warning:  #177-D: variable "obc_QB50"  was declared but never referenced
  			uint32_t    obc_QB50 =524649046; 
..\source\ecss_services\housekeeping.c: 7 warnings, 0 errors
linking...
Program Size: Code=65114 RO-data=4790 RW-data=1600 ZI-data=81840  
".\Objects\TTRD-ERES2.axf" - 0 Error(s), 7 Warning(s).

<h2>Software Packages used:</h2>

Package Vendor: Keil
                http://www.keil.com/pack/Keil.STM32F4xx_DFP.2.15.0.pack
                Keil.STM32F4xx_DFP.2.15.0
                STMicroelectronics STM32F4 Series Device Support, Drivers and Examples

<h2>Collection of Component include folders:</h2>
  C:\Keil_v5\ARM\PACK\Keil\STM32F4xx_DFP\2.15.0\Drivers\CMSIS\Device\ST\STM32F4xx\Include

<h2>Collection of Component Files used:</h2>
Build Time Elapsed:  00:00:03
</pre>
</body>
</html>
