<html>
<body>
<pre>
<h1>µVision Build Log</h1>
<h2>Tool Versions:</h2>
IDE-Version: µVision V5.35.0.0
Copyright (C) 2021 ARM Ltd and ARM Germany GmbH. All rights reserved.
License Information: Abdelaziz Maher, none, LIC=----
 
Tool Versions:
Toolchain:       MDK-Lite  Version: 5.35.0.2
Toolchain Path:  C:\Keil_v5\ARM\ARMCC\Bin
C Compiler:      Armcc.exe V5.06 update 7 (build 960)
Assembler:       Armasm.exe V5.06 update 7 (build 960)
Linker/Locator:  ArmLink.exe V5.06 update 7 (build 960)
Library Manager: ArmAr.exe V5.06 update 7 (build 960)
Hex Converter:   FromElf.exe V5.06 update 7 (build 960)
CPU DLL:         SARMCM3.DLL V5.35.0.2
Dialog DLL:      DCM.DLL V1.17.3.0
Target DLL:      STLink\ST-LINKIII-KEIL_SWO.dll V3.0.9.0
Dialog DLL:      TCM.DLL V1.53.0.0
 
<h2>Project:</h2>
C:\Users\Abdel\OneDrive\Documents\KeilWorkspace\New folder\ttrd2-19a-t0401a-v001c - test\project\ttrd_eres02.uvprojx
Project File Date:  01/10/2022

<h2>Output:</h2>
*** Using Compiler 'V5.06 update 7 (build 960)', folder: 'C:\Keil_v5\ARM\ARMCC\Bin'
Build target 'STM32F407VGTx'
compiling HELLOWORLD_TRANSMIT_task.c...
..\source\tasks\HELLOWORLD_TRANSMIT_task.c(6): warning:  #1295-D: Deprecated declaration USART_Config - give arg types
  static void USART_Config();
..\source\tasks\HELLOWORLD_TRANSMIT_task.c(32): warning:  #47-D: incompatible redefinition of macro "NULL"  (declared at line 56 of "C:\Keil_v5\ARM\ARMCC\Bin\..\include\string.h")
  #define NULL ((void *)0)
..\source\tasks\HELLOWORLD_TRANSMIT_task.c(233): warning:  #550-D: variable "res"  was set but never used
      SAT_returnState res;
..\source\tasks\HELLOWORLD_TRANSMIT_task.c(284): warning:  #188-D: enumerated type mixed with another type
      TC_TM_app_id source = 0;
..\source\tasks\HELLOWORLD_TRANSMIT_task.c(285): warning:  #188-D: enumerated type mixed with another type
      TC_TM_app_id dest = 0;
..\source\tasks\HELLOWORLD_TRANSMIT_task.c(284): warning:  #550-D: variable "source"  was set but never used
      TC_TM_app_id source = 0;
..\source\tasks\HELLOWORLD_TRANSMIT_task.c(285): warning:  #550-D: variable "dest"  was set but never used
      TC_TM_app_id dest = 0;
..\source\tasks\HELLOWORLD_TRANSMIT_task.c(493): warning:  #177-D: variable "huart"  was declared but never referenced
  	USART_TypeDef *huart;
..\source\tasks\HELLOWORLD_TRANSMIT_task.c(503): warning:  #188-D: enumerated type mixed with another type
  	return 0;
..\source\tasks\HELLOWORLD_TRANSMIT_task.c: 9 warnings, 0 errors
linking...
Program Size: Code=21360 RO-data=424 RW-data=1048 ZI-data=25376  
".\Objects\TTRD-ERES2.axf" - 0 Error(s), 9 Warning(s).

<h2>Software Packages used:</h2>

Package Vendor: Keil
                http://www.keil.com/pack/Keil.STM32F4xx_DFP.2.15.0.pack
                Keil.STM32F4xx_DFP.2.15.0
                STMicroelectronics STM32F4 Series Device Support, Drivers and Examples

<h2>Collection of Component include folders:</h2>
  C:\Keil_v5\ARM\PACK\Keil\STM32F4xx_DFP\2.15.0\Drivers\CMSIS\Device\ST\STM32F4xx\Include

<h2>Collection of Component Files used:</h2>
Build Time Elapsed:  00:00:02
</pre>
</body>
</html>
