<html>
<body>
<pre>
<h1>µVision Build Log</h1>
<h2>Tool Versions:</h2>
IDE-Version: µVision V5.35.0.0
Copyright (C) 2021 ARM Ltd and ARM Germany GmbH. All rights reserved.
License Information: Abdelaziz Maher, none, LIC=CRMFU-B05TF-S1MII-BYXT6-FB8KA-H7EDN
 
Tool Versions:
Toolchain:       MDK-ARM Professional  Version: 5.35.0.2
Toolchain Path:  C:\Keil_v5\ARM\ARMCC\Bin
C Compiler:      Armcc.exe V5.06 update 7 (build 960)
Assembler:       Armasm.exe V5.06 update 7 (build 960)
Linker/Locator:  ArmLink.exe V5.06 update 7 (build 960)
Library Manager: ArmAr.exe V5.06 update 7 (build 960)
Hex Converter:   FromElf.exe V5.06 update 7 (build 960)
CPU DLL:         SARMCM3.DLL V5.35.0.2
Dialog DLL:      DCM.DLL V1.17.3.0
Target DLL:      STLink\ST-LINKIII-KEIL_SWO.dll V3.0.9.0
Dialog DLL:      TCM.DLL V1.53.0.0
 
<h2>Project:</h2>
C:\Users\Abdel\OneDrive\Documents\KeilWorkspace\TTRD2_19a\ttrd2-19a-t0401a-v001c -without_delay\project\ttrd_eres02.uvprojx
Project File Date:  05/06/2022

<h2>Output:</h2>
*** Using Compiler 'V5.06 update 7 (build 960)', folder: 'C:\Keil_v5\ARM\ARMCC\Bin'
Build target 'STM32F407VGTx'
compiling ttrd2-05a-t0401a-v001a_iwdt_task.c...
compiling IDLE_task.c...
..\source\tasks\IDLE_task.h(16): warning:  #1-D: last line of file ends without a newline
  -*----------------------------------------------------------------------------*/
..\source\tasks\IDLE_task.c(6): warning:  #1295-D: Deprecated declaration GPIO_Inits - give arg types
  static void GPIO_Inits();
..\source\tasks\IDLE_task.c(49): warning:  #1-D: last line of file ends without a newline
  }
..\source\tasks\IDLE_task.c(23): warning:  #177-D: function "GPIO_Inits"  was declared but never referenced
  void GPIO_Inits()
..\source\tasks\IDLE_task.c: 4 warnings, 0 errors
compiling ttrd2-19a-t0401a-v001b_processor_task.c...
compiling UART_task.c...
..\source\tasks\UART_task.c(7): warning:  #1295-D: Deprecated declaration GPIO_USART_Tx_Init - give arg types
  static void GPIO_USART_Tx_Init();
..\source\tasks\UART_task.c(8): warning:  #1295-D: Deprecated declaration DMA_USART_Rx_Init - give arg types
  static void DMA_USART_Rx_Init();
..\source\tasks\UART_task.c(112): warning:  #1-D: last line of file ends without a newline
  }
..\source\tasks\UART_task.c(79): warning:  #177-D: function "DMA_USART_Rx_Init"  was declared but never referenced
  void DMA_USART_Rx_Init()
..\source\tasks\UART_task.c: 4 warnings, 0 errors
compiling main.c...
..\source\main\main.c(62): warning:  #111-D: statement is unreachable
     return 1;
..\source\main\main.c: 1 warning, 0 errors
compiling ttrd2-05a-t0401a-v001a_adc_task.c...
compiling ttrd2-05a-t0401a-v001a_timeout_t3.c...
compiling SCHEDULE_SERVICES_task.c...
..\source\tasks\SCHEDULE_SERVICES_task.c(51): warning:  #1-D: last line of file ends without a newline
  }
..\source\tasks\SCHEDULE_SERVICES_task.c(21): warning:  #177-D: function "RTC_init"  was declared but never referenced
  void RTC_init(void)
..\source\tasks\SCHEDULE_SERVICES_task.c: 2 warnings, 0 errors
compiling ttrd2-05a-t0401a-v001a_uart2_buff_o_task.c...
compiling EPS_exHealth_Rep_task.c...
..\source\tasks\EPS_exHealth_Rep_task.c(17): warning:  #1-D: last line of file ends without a newline
  }
..\source\tasks\EPS_exHealth_Rep_task.c: 1 warning, 0 errors
compiling ttrd2-05a-t0401a-v001a_switch_task.c...
compiling ttrd2-05a-t0401a-v001a_heartbeat_sw_task.c...
compiling EPS_Health_Rep_task.c...
..\source\tasks\EPS_Health_Rep_task.c(17): warning:  #1-D: last line of file ends without a newline
  }
..\source\tasks\EPS_Health_Rep_task.c: 1 warning, 0 errors
compiling COMMS_WOD_Rep_task.c...
..\source\tasks\COMMS_WOD_Rep_task.h(16): warning:  #1-D: last line of file ends without a newline
  -*----------------------------------------------------------------------------*/
..\source\tasks\COMMS_WOD_Rep_task.c: 1 warning, 0 errors
compiling COMMS_Health_Rep_task.c...
..\source\tasks\COMMS_Health_Rep_task.h(16): warning:  #1-D: last line of file ends without a newline
  -*----------------------------------------------------------------------------*/
..\source\tasks\COMMS_Health_Rep_task.c: 1 warning, 0 errors
compiling COMMS_EXT_WOD_Rep_task.c...
..\source\tasks\COMMS_EXT_WOD_Rep_task.h(16): warning:  #1-D: last line of file ends without a newline
  -*----------------------------------------------------------------------------*/
..\source\tasks\COMMS_EXT_WOD_Rep_task.c: 1 warning, 0 errors
compiling ttrd2-05a-t0401a-v001a_reg_conf_chk_adc1.c...
compiling ttrd2-19a-t0401a-v001a_assert_failed.c...
compiling ADCS_exHealth_Rep_task.c...
..\source\tasks\ADCS_exHealth_Rep_task.c(16): warning:  #1-D: last line of file ends without a newline
  }
..\source\tasks\ADCS_exHealth_Rep_task.c: 1 warning, 0 errors
compiling COMMS_exHealth_Rep_task.c...
..\source\tasks\COMMS_exHealth_Rep_task.h(16): warning:  #1-D: last line of file ends without a newline
  -*----------------------------------------------------------------------------*/
..\source\tasks\COMMS_exHealth_Rep_task.c(16): warning:  #1-D: last line of file ends without a newline
  }
..\source\tasks\COMMS_exHealth_Rep_task.c: 2 warnings, 0 errors
compiling ttrd2-05a-t0401a-v001a_reg_conf_chk_uart.c...
compiling ttrd2-19a-t0401a-v001b_predicttor_i.c...
compiling ttrd2-19a-t0401a-v001c_scheduler.c...
compiling ttrd2-04a-t0401a-v001a_pfc_reporting.c...
compiling ttrd2-18a-t0401a-v001a_monittor_i.c...
compiling ADC1_task.c...
..\source\tasks\ADC1_task.h(18): warning:  #1-D: last line of file ends without a newline
  -*----------------------------------------------------------------------------*/
..\source\tasks\ADC1_task.c(46): warning:  #1-D: last line of file ends without a newline
   
..\source\tasks\ADC1_task.c: 2 warnings, 0 errors
compiling ttrd2-19a-t0401a-v001b_run_time_tests.c...
compiling ttrd2-05a-t0401a-v001a_reg_conf_chk_gpio.c...
compiling ttrd2-05a-t0401a-v001a_reg_conf_chk_timer.c...
compiling ttrd2-19a-t0401a-v001b_processor.c...
..\source\processor\../tasks/COMMS_exHealth_Rep_task.h(16): warning:  #1-D: last line of file ends without a newline
  -*----------------------------------------------------------------------------*/
..\source\processor\../tasks/COMMS_Health_Rep_task.h(16): warning:  #1-D: last line of file ends without a newline
  -*----------------------------------------------------------------------------*/
..\source\processor\../tasks/COMMS_WOD_Rep_task.h(16): warning:  #1-D: last line of file ends without a newline
  -*----------------------------------------------------------------------------*/
..\source\processor\../tasks/IDLE_task.h(16): warning:  #1-D: last line of file ends without a newline
  -*----------------------------------------------------------------------------*/
..\source\processor\../tasks/COMMS_EXT_WOD_Rep_task.h(16): warning:  #1-D: last line of file ends without a newline
  -*----------------------------------------------------------------------------*/
..\source\processor\../tasks/ADC1_task.h(18): warning:  #1-D: last line of file ends without a newline
  -*----------------------------------------------------------------------------*/
..\source\processor\ttrd2-19a-t0401a-v001b_processor.c: 6 warnings, 0 errors
compiling housekeeping_service.c...
compiling power_ctrl.c...
..\source\ecss_services\power_ctrl.c(17): warning:  #1-D: last line of file ends without a newline
  }
..\source\ecss_services\power_ctrl.c: 1 warning, 0 errors
compiling obc.c...
..\source\ecss_services\obc.c(18): warning:  #1295-D: Deprecated declaration HAL_obc_BKPSRAM_BASE - give arg types
  extern uint32_t * HAL_obc_BKPSRAM_BASE();
..\source\ecss_services\obc.c(66): warning:  #550-D: variable "res"  was set but never used
      SAT_returnState res;
..\source\ecss_services\obc.c: 2 warnings, 0 errors
compiling upsat.c...
..\source\ecss_services\upsat.c(16): warning:  #1295-D: Deprecated declaration HAL_sys_GetTick - give arg types
  extern uint32_t HAL_sys_GetTick();
..\source\ecss_services\upsat.c(24): warning:  #1295-D: Deprecated declaration UART_DMA_rx_check - give arg types
  extern void UART_DMA_rx_check();
..\source\ecss_services\upsat.c(60): warning:  #188-D: enumerated type mixed with another type
              TC_TM_app_id dest = 0;
..\source\ecss_services\upsat.c(111): warning:  #188-D: enumerated type mixed with another type
      crt_pkt(*pkt, EPS_APP_ID, TC, TC_ACK_NO, TC_TEST_SERVICE, TC_CT_PERFORM_TEST, SYSTEM_APP_ID);
..\source\ecss_services\upsat.c: 4 warnings, 0 errors
compiling obc_hsi.c...
compiling housekeeping.c...
..\source\ecss_services\housekeeping.c(204): warning:  #177-D: variable "sys_epoch"  was declared but never referenced
          uint32_t sys_epoch = 0;
..\source\ecss_services\housekeeping.c(207): warning:  #177-D: variable "ms_res"  was declared but never referenced
          uint8_t ms_res = 0;
..\source\ecss_services\housekeeping.c(208): warning:  #177-D: variable "ms_status"  was declared but never referenced
          uint8_t ms_status = 0;
..\source\ecss_services\housekeeping.c(209): warning:  #177-D: variable "ms_l"  was declared but never referenced
          uint16_t ms_l = 0;
..\source\ecss_services\housekeeping.c: 4 warnings, 0 errors
compiling services.c...
compiling uart_hal.c...
compiling mass_storage_service.c...
..\source\ecss_services\mass_storage_service.c(35): warning:  #1295-D: Deprecated declaration sram_hard_delete - give arg types
  extern SAT_returnState sram_hard_delete();
..\source\ecss_services\mass_storage_service.c(50): warning:  #188-D: enumerated type mixed with another type
                                     .last_err = FR_OK } ;
..\source\ecss_services\mass_storage_service.c(54): warning:  #188-D: enumerated type mixed with another type
      MS_data.last_err = res;
..\source\ecss_services\mass_storage_service.c(55): warning:  #188-D: enumerated type mixed with another type
      MS_data.last_err = l;
..\source\ecss_services\mass_storage_service.c(94): warning:  #188-D: enumerated type mixed with another type
          mode = pkt->data[1];
..\source\ecss_services\mass_storage_service.c(167): warning:  #188-D: enumerated type mixed with another type
      if((res = f_opendir(&dir, (char*)path)) != FR_OK) { MS_ERR(res); }  //add more error checking
..\source\ecss_services\mass_storage_service.c(173): warning:  #188-D: enumerated type mixed with another type
              MS_ERR(res); 
..\source\ecss_services\mass_storage_service.c(182): warning:  #167-D: argument of type "uint8_t *" is incompatible with parameter of type "char *restrict"
          sprintf(temp_path,"%s/%s", path, (char*)fn);
..\source\ecss_services\mass_storage_service.c(186): warning:  #188-D: enumerated type mixed with another type
              MS_ERR(res);
..\source\ecss_services\mass_storage_service.c(191): warning:  #188-D: enumerated type mixed with another type
              MS_ERR(res);
..\source\ecss_services\mass_storage_service.c(227): warning:  #188-D: enumerated type mixed with another type
      if((res = f_open(&fp, (char*)path, FA_OPEN_EXISTING | FA_READ)) != FR_OK) { MS_ERR(res); } 
..\source\ecss_services\mass_storage_service.c(232): warning:  #188-D: enumerated type mixed with another type
      if(res != FR_OK) { MS_ERR(res); } 
..\source\ecss_services\mass_storage_service.c(233): warning:  #188-D: enumerated type mixed with another type
      else if(byteswritten == 0) { MS_ERR(res); } 
..\source\ecss_services\mass_storage_service.c(272): warning:  #188-D: enumerated type mixed with another type
      if(res != FR_OK) { MS_ERR(res); } 
..\source\ecss_services\mass_storage_service.c(243): warning:  #177-D: variable "fno"  was declared but never referenced
      FILINFO fno;
..\source\ecss_services\mass_storage_service.c(319): warning:  #188-D: enumerated type mixed with another type
      FRESULT res = 0;
..\source\ecss_services\mass_storage_service.c(343): warning:  #188-D: enumerated type mixed with another type
      if((res = f_opendir(&dir, (char*)path)) != FR_OK) { MS_ERR(res); }
..\source\ecss_services\mass_storage_service.c(346): warning:  #188-D: enumerated type mixed with another type
          if((res = f_readdir(&dir, &fno)) != FR_OK) { f_closedir(&dir); MS_ERR(res); }  /* Break on error */
..\source\ecss_services\mass_storage_service.c(366): warning:  #167-D: argument of type "uint8_t *" is incompatible with parameter of type "char *restrict"
              sprintf(temp_path,"%s/%s", path, (char*)fn);
..\source\ecss_services\mass_storage_service.c(367): warning:  #167-D: argument of type "uint8_t *" is incompatible with parameter of type "const TCHAR *"
              if((res = f_stat(temp_path, &fno)) != FR_OK) {
..\source\ecss_services\mass_storage_service.c(414): warning:  #188-D: enumerated type mixed with another type
      if(res != FR_OK)    { MS_ERR(res); }
..\source\ecss_services\mass_storage_service.c(422): warning:  #188-D: enumerated type mixed with another type
      FRESULT res = 0;
..\source\ecss_services\mass_storage_service.c(425): warning:  #188-D: enumerated type mixed with another type
      if((res = f_mount(&MS_data.Fs, MS_SD_PATH, 0)) != FR_OK) { MS_ERR(res); }
..\source\ecss_services\mass_storage_service.c(430): warning:  #188-D: enumerated type mixed with another type
      if((res = mass_storage_dirCheck()) != SATR_OK)         { return res; }
..\source\ecss_services\mass_storage_service.c(430): warning:  #188-D: enumerated type mixed with another type
      if((res = mass_storage_dirCheck()) != SATR_OK)         { return res; }
..\source\ecss_services\mass_storage_service.c(447): warning:  #188-D: enumerated type mixed with another type
      crt_pkt(*pkt, OBC_APP_ID, TM, TC_ACK_NO, TC_MASS_STORAGE_SERVICE, 0, dest_id); //what dest_id ?
..\source\ecss_services\mass_storage_service.c(457): warning:  #188-D: enumerated type mixed with another type
      if((res = f_stat((char*)MS_WOD_LOG, &fno)) != FR_OK)        { MS_ERR(res); }
..\source\ecss_services\mass_storage_service.c(458): warning:  #188-D: enumerated type mixed with another type
      if((res = f_stat((char*)MS_EXT_WOD_LOG, &fno)) != FR_OK)    { MS_ERR(res); }
..\source\ecss_services\mass_storage_service.c(459): warning:  #188-D: enumerated type mixed with another type
      if((res = f_stat((char*)MS_EVENT_LOG, &fno)) != FR_OK)      { MS_ERR(res); }
..\source\ecss_services\mass_storage_service.c(460): warning:  #188-D: enumerated type mixed with another type
      if((res = f_stat((char*)MS_FOTOS, &fno)) != FR_OK)          { MS_ERR(res); }
..\source\ecss_services\mass_storage_service.c(461): warning:  #188-D: enumerated type mixed with another type
      if((res = f_stat((char*)MS_SCHS, &fno)) != FR_OK)           { MS_ERR(res); }
..\source\ecss_services\mass_storage_service.c(479): warning:  #177-D: variable "fres"  was declared but never referenced
      FRESULT fres;
..\source\ecss_services\mass_storage_service.c(544): warning:  #188-D: enumerated type mixed with another type
                   sid == FOTOS) == true) { return 0; }
..\source\ecss_services\mass_storage_service.c(545): warning:  #188-D: enumerated type mixed with another type
      if(!C_ASSERT(to < MS_MAX_FILES) == true)  { return 0; }
..\source\ecss_services\mass_storage_service.c(557): warning:  #188-D: enumerated type mixed with another type
          if(!C_ASSERT(to <= files_num) == true)  { return 0; }
..\source\ecss_services\mass_storage_service.c(653): warning:  #167-D: argument of type "uint8_t *" is incompatible with parameter of type "const TCHAR *"
              res = f_stat(f_head, &fno_head);
..\source\ecss_services\mass_storage_service.c(660): warning:  #167-D: argument of type "uint8_t *" is incompatible with parameter of type "const TCHAR *"
              res = f_stat(f_tail, &fno_tail);
..\source\ecss_services\mass_storage_service.c(601): warning:  #177-D: variable "fno"  was declared but never referenced
      FILINFO fno;
..\source\ecss_services\mass_storage_service.c(603): warning:  #177-D: variable "path"  was declared but never referenced
      uint8_t path[MS_MAX_PATH];
..\source\ecss_services\mass_storage_service.c(699): warning:  #550-D: variable "head"  was set but never used
      uint16_t *head = 0;
..\source\ecss_services\mass_storage_service.c: 40 warnings, 0 errors
linking...
Program Size: Code=58146 RO-data=4790 RW-data=1500 ZI-data=84948  
".\Objects\TTRD-ERES2.axf" - 0 Error(s), 78 Warning(s).

<h2>Software Packages used:</h2>

Package Vendor: Keil
                http://www.keil.com/pack/Keil.STM32F4xx_DFP.2.15.0.pack
                Keil.STM32F4xx_DFP.2.15.0
                STMicroelectronics STM32F4 Series Device Support, Drivers and Examples

<h2>Collection of Component include folders:</h2>
  C:\Keil_v5\ARM\PACK\Keil\STM32F4xx_DFP\2.15.0\Drivers\CMSIS\Device\ST\STM32F4xx\Include

<h2>Collection of Component Files used:</h2>
Build Time Elapsed:  00:00:08
</pre>
</body>
</html>
