Component: ARM Compiler 5.06 update 7 (build 960) Tool: armlink [4d3601]

==============================================================================

Section Cross References

    main.o(i.main) refers to ttrd2-19a-t0401a-v001b_processor.o(i.PROCESSOR_Init) for PROCESSOR_Init
    main.o(i.main) refers to ttrd2-19a-t0401a-v001c_scheduler.o(i.SCH_Start) for SCH_Start
    main.o(i.main) refers to ttrd2-19a-t0401a-v001c_scheduler.o(i.SCH_Dispatch_Tasks) for SCH_Dispatch_Tasks
    ttrd2-05a-t0401a-v001a_timeout_t3.o(i.TIMEOUT_T3_USEC_Get_Timer_State) refers to ttrd2-05a-t0401a-v001a_reg_conf_chk_timer.o(i.REG_CONFIG_TIMER_Check) for REG_CONFIG_TIMER_Check
    ttrd2-05a-t0401a-v001a_timeout_t3.o(i.TIMEOUT_T3_USEC_Get_Timer_State) refers to stm32f4xx_tim.o(i.TIM_GetCounter) for TIM_GetCounter
    ttrd2-05a-t0401a-v001a_timeout_t3.o(i.TIMEOUT_T3_USEC_Init) refers to stm32f4xx_rcc.o(i.RCC_APB1PeriphClockCmd) for RCC_APB1PeriphClockCmd
    ttrd2-05a-t0401a-v001a_timeout_t3.o(i.TIMEOUT_T3_USEC_Init) refers to stm32f4xx_tim.o(i.TIM_TimeBaseStructInit) for TIM_TimeBaseStructInit
    ttrd2-05a-t0401a-v001a_timeout_t3.o(i.TIMEOUT_T3_USEC_Init) refers to stm32f4xx_tim.o(i.TIM_TimeBaseInit) for TIM_TimeBaseInit
    ttrd2-05a-t0401a-v001a_timeout_t3.o(i.TIMEOUT_T3_USEC_Start) refers to stm32f4xx_tim.o(i.TIM_SetCounter) for TIM_SetCounter
    ttrd2-05a-t0401a-v001a_timeout_t3.o(i.TIMEOUT_T3_USEC_Start) refers to stm32f4xx_tim.o(i.TIM_Cmd) for TIM_Cmd
    ttrd2-05a-t0401a-v001a_timeout_t3.o(i.TIMEOUT_T3_USEC_Start) refers to ttrd2-05a-t0401a-v001a_reg_conf_chk_timer.o(i.REG_CONFIG_TIMER_Store) for REG_CONFIG_TIMER_Store
    ttrd2-05a-t0401a-v001a_adc_task.o(i.ADC1_Get_Temperature_Celsius) refers to ttrd2-19a-t0401a-v001b_processor.o(i.PROCESSOR_Perform_Safe_Shutdown) for PROCESSOR_Perform_Safe_Shutdown
    ttrd2-05a-t0401a-v001a_adc_task.o(i.ADC1_Get_Temperature_Celsius) refers to ttrd2-05a-t0401a-v001a_adc_task.o(.data) for ADC1_temperature_raw_ig
    ttrd2-05a-t0401a-v001a_adc_task.o(i.ADC1_Init) refers to stm32f4xx_adc.o(i.ADC_StructInit) for ADC_StructInit
    ttrd2-05a-t0401a-v001a_adc_task.o(i.ADC1_Init) refers to stm32f4xx_adc.o(i.ADC_CommonStructInit) for ADC_CommonStructInit
    ttrd2-05a-t0401a-v001a_adc_task.o(i.ADC1_Init) refers to stm32f4xx_rcc.o(i.RCC_APB2PeriphClockCmd) for RCC_APB2PeriphClockCmd
    ttrd2-05a-t0401a-v001a_adc_task.o(i.ADC1_Init) refers to stm32f4xx_adc.o(i.ADC_CommonInit) for ADC_CommonInit
    ttrd2-05a-t0401a-v001a_adc_task.o(i.ADC1_Init) refers to stm32f4xx_adc.o(i.ADC_Init) for ADC_Init
    ttrd2-05a-t0401a-v001a_adc_task.o(i.ADC1_Init) refers to stm32f4xx_adc.o(i.ADC_TempSensorVrefintCmd) for ADC_TempSensorVrefintCmd
    ttrd2-05a-t0401a-v001a_adc_task.o(i.ADC1_Init) refers to stm32f4xx_adc.o(i.ADC_Cmd) for ADC_Cmd
    ttrd2-05a-t0401a-v001a_adc_task.o(i.ADC1_Init) refers to ttrd2-05a-t0401a-v001a_reg_conf_chk_adc1.o(i.REG_CONFIG_CHECKS_ADC1_Store) for REG_CONFIG_CHECKS_ADC1_Store
    ttrd2-05a-t0401a-v001a_adc_task.o(i.ADC1_Init) refers to ttrd2-05a-t0401a-v001a_timeout_t3.o(i.TIMEOUT_T3_USEC_Init) for TIMEOUT_T3_USEC_Init
    ttrd2-05a-t0401a-v001a_adc_task.o(i.ADC1_Init) refers to ttrd2-05a-t0401a-v001a_adc_task.o(i.ADC1_Read_Channel) for ADC1_Read_Channel
    ttrd2-05a-t0401a-v001a_adc_task.o(i.ADC1_Init) refers to ttrd2-19a-t0401a-v001b_processor.o(i.PROCESSOR_Perform_Safe_Shutdown) for PROCESSOR_Perform_Safe_Shutdown
    ttrd2-05a-t0401a-v001a_adc_task.o(i.ADC1_Init) refers to ttrd2-05a-t0401a-v001a_adc_task.o(.data) for ADC_ref_v_g
    ttrd2-05a-t0401a-v001a_adc_task.o(i.ADC1_Read_Channel) refers to stm32f4xx_adc.o(i.ADC_RegularChannelConfig) for ADC_RegularChannelConfig
    ttrd2-05a-t0401a-v001a_adc_task.o(i.ADC1_Read_Channel) refers to stm32f4xx_adc.o(i.ADC_SoftwareStartConv) for ADC_SoftwareStartConv
    ttrd2-05a-t0401a-v001a_adc_task.o(i.ADC1_Read_Channel) refers to ttrd2-05a-t0401a-v001a_timeout_t3.o(i.TIMEOUT_T3_USEC_Start) for TIMEOUT_T3_USEC_Start
    ttrd2-05a-t0401a-v001a_adc_task.o(i.ADC1_Read_Channel) refers to stm32f4xx_adc.o(i.ADC_GetFlagStatus) for ADC_GetFlagStatus
    ttrd2-05a-t0401a-v001a_adc_task.o(i.ADC1_Read_Channel) refers to ttrd2-05a-t0401a-v001a_timeout_t3.o(i.TIMEOUT_T3_USEC_Get_Timer_State) for TIMEOUT_T3_USEC_Get_Timer_State
    ttrd2-05a-t0401a-v001a_adc_task.o(i.ADC1_Read_Channel) refers to ttrd2-19a-t0401a-v001b_processor.o(i.PROCESSOR_Perform_Safe_Shutdown) for PROCESSOR_Perform_Safe_Shutdown
    ttrd2-05a-t0401a-v001a_adc_task.o(i.ADC1_Read_Channel) refers to stm32f4xx_adc.o(i.ADC_GetConversionValue) for ADC_GetConversionValue
    ttrd2-05a-t0401a-v001a_adc_task.o(i.ADC1_Update) refers to stm32f4xx_adc.o(i.ADC_CommonStructInit) for ADC_CommonStructInit
    ttrd2-05a-t0401a-v001a_adc_task.o(i.ADC1_Update) refers to stm32f4xx_adc.o(i.ADC_CommonInit) for ADC_CommonInit
    ttrd2-05a-t0401a-v001a_adc_task.o(i.ADC1_Update) refers to stm32f4xx_adc.o(i.ADC_TempSensorVrefintCmd) for ADC_TempSensorVrefintCmd
[...]
    RCC_ClearFlag                            0x08004675   Thumb Code    14  stm32f4xx_rcc.o(i.RCC_ClearFlag)
    RCC_GetClocksFreq                        0x08004689   Thumb Code   214  stm32f4xx_rcc.o(i.RCC_GetClocksFreq)
    RCC_GetFlagStatus                        0x08004771   Thumb Code   134  stm32f4xx_rcc.o(i.RCC_GetFlagStatus)
    REG_CONFIG_CHECKS_ADC1_Check             0x08004825   Thumb Code    98  ttrd2-05a-t0401a-v001a_reg_conf_chk_adc1.o(i.REG_CONFIG_CHECKS_ADC1_Check)
    REG_CONFIG_CHECKS_ADC1_Store             0x080048a1   Thumb Code    42  ttrd2-05a-t0401a-v001a_reg_conf_chk_adc1.o(i.REG_CONFIG_CHECKS_ADC1_Store)
    REG_CONFIG_CHECKS_GPIO_Check             0x080048e5   Thumb Code   542  ttrd2-05a-t0401a-v001a_reg_conf_chk_gpio.o(i.REG_CONFIG_CHECKS_GPIO_Check)
    REG_CONFIG_CHECKS_GPIO_Store             0x08004b85   Thumb Code   276  ttrd2-05a-t0401a-v001a_reg_conf_chk_gpio.o(i.REG_CONFIG_CHECKS_GPIO_Store)
    REG_CONFIG_CHECKS_UART_Check             0x08004d19   Thumb Code   272  ttrd2-05a-t0401a-v001a_reg_conf_chk_uart.o(i.REG_CONFIG_CHECKS_UART_Check)
    REG_CONFIG_CHECKS_UART_Store             0x08004e65   Thumb Code   142  ttrd2-05a-t0401a-v001a_reg_conf_chk_uart.o(i.REG_CONFIG_CHECKS_UART_Store)
    REG_CONFIG_TIMER_Check                   0x08004f31   Thumb Code   512  ttrd2-05a-t0401a-v001a_reg_conf_chk_timer.o(i.REG_CONFIG_TIMER_Check)
    REG_CONFIG_TIMER_Store                   0x080051d1   Thumb Code   328  ttrd2-05a-t0401a-v001a_reg_conf_chk_timer.o(i.REG_CONFIG_TIMER_Store)
    REPORT_PFC_Init                          0x080053b9   Thumb Code    62  ttrd2-04a-t0401a-v001a_pfc_reporting.o(i.REPORT_PFC_Init)
    REPORT_PFC_Update                        0x080053fd   Thumb Code   126  ttrd2-04a-t0401a-v001a_pfc_reporting.o(i.REPORT_PFC_Update)
    RTC_EnterInitMode                        0x080054c9   Thumb Code    76  stm32f4xx_rtc.o(i.RTC_EnterInitMode)
    RTC_ExitInitMode                         0x08005519   Thumb Code    14  stm32f4xx_rtc.o(i.RTC_ExitInitMode)
    RTC_GetDate                              0x0800552d   Thumb Code    86  stm32f4xx_rtc.o(i.RTC_GetDate)
    RTC_GetTime                              0x080055b5   Thumb Code    90  stm32f4xx_rtc.o(i.RTC_GetTime)
    RTC_SetDate                              0x08005641   Thumb Code   386  stm32f4xx_rtc.o(i.RTC_SetDate)
    RTC_SetTime                              0x080057f5   Thumb Code   418  stm32f4xx_rtc.o(i.RTC_SetTime)
    RTC_WaitForSynchro                       0x080059c9   Thumb Code    92  stm32f4xx_rtc.o(i.RTC_WaitForSynchro)
    RTT_05a_Scheduler_Osc_Test_Update        0x08005a29   Thumb Code    40  ttrd2-19a-t0401a-v001b_run_time_tests.o(i.RTT_05a_Scheduler_Osc_Test_Update)
    RTT_05b_Scheduler_Osc_Test_Update        0x08005a59   Thumb Code    30  ttrd2-19a-t0401a-v001b_run_time_tests.o(i.RTT_05b_Scheduler_Osc_Test_Update)
    RTT_06a_MoniTTor_Overrun_Test_Update     0x08005a81   Thumb Code    62  ttrd2-19a-t0401a-v001b_run_time_tests.o(i.RTT_06a_MoniTTor_Overrun_Test_Update)
    RTT_06b_MoniTTor_Underrun_Test_Update    0x08005acd   Thumb Code    60  ttrd2-19a-t0401a-v001b_run_time_tests.o(i.RTT_06b_MoniTTor_Underrun_Test_Update)
    RTT_07_PredicTTor_Test_Update            0x08005b11   Thumb Code    26  ttrd2-19a-t0401a-v001b_run_time_tests.o(i.RTT_07_PredicTTor_Test_Update)
    RTT_Startup_04_WDT_Check                 0x08005b35   Thumb Code   102  ttrd2-19a-t0401a-v001b_run_time_tests.o(i.RTT_Startup_04_WDT_Check)
    SCHEDULE_SERVICES_Update                 0x08005bb1   Thumb Code     4  schedule_services_task.o(i.SCHEDULE_SERVICES_Update)
    SCH_Add_Task                             0x08005bb9   Thumb Code   246  ttrd2-19a-t0401a-v001c_scheduler.o(i.SCH_Add_Task)
    SCH_Dispatch_Tasks                       0x08005cb9   Thumb Code   390  ttrd2-19a-t0401a-v001c_scheduler.o(i.SCH_Dispatch_Tasks)
    SCH_Init_Microseconds                    0x08005e55   Thumb Code   218  ttrd2-19a-t0401a-v001c_scheduler.o(i.SCH_Init_Microseconds)
    SCH_Set_Interrupt_Priority_Levels        0x08005f41   Thumb Code    78  ttrd2-19a-t0401a-v001c_scheduler.o(i.SCH_Set_Interrupt_Priority_Levels)
    SCH_Start                                0x08005f99   Thumb Code    34  ttrd2-19a-t0401a-v001c_scheduler.o(i.SCH_Start)
    SDIO_ClearITPendingBit                   0x08005fbd   Thumb Code    30  stm32f4xx_sdio.o(i.SDIO_ClearITPendingBit)
    SDIO_GetITStatus                         0x0800600d   Thumb Code   164  stm32f4xx_sdio.o(i.SDIO_GetITStatus)
    SDIO_IRQHandler                          0x080060dd   Thumb Code     8  fatfs_sd_sdio.o(i.SDIO_IRQHandler)
    SD_ProcessDMAIRQ                         0x080060e5   Thumb Code    32  fatfs_sd_sdio.o(i.SD_ProcessDMAIRQ)
    SD_ProcessIRQSrc                         0x0800610d   Thumb Code   166  fatfs_sd_sdio.o(i.SD_ProcessIRQSrc)
    SWITCH_BUTTON1_Get_State                 0x080061c1   Thumb Code    28  ttrd2-05a-t0401a-v001a_switch_task.o(i.SWITCH_BUTTON1_Get_State)
    SWITCH_BUTTON1_Init                      0x080061e5   Thumb Code    54  ttrd2-05a-t0401a-v001a_switch_task.o(i.SWITCH_BUTTON1_Init)
    SysTick_Handler                          0x08006319   Thumb Code    36  ttrd2-18a-t0401a-v001a_monittor_i.o(i.SysTick_Handler)
    SystemInit                               0x0800633d   Thumb Code    88  system_stm32f4xx.o(i.SystemInit)
    TIM2_IRQHandler                          0x080063a5   Thumb Code    70  ttrd2-19a-t0401a-v001c_scheduler.o(i.TIM2_IRQHandler)
    TIMEOUT_T3_USEC_Get_Timer_State          0x080063f5   Thumb Code    30  ttrd2-05a-t0401a-v001a_timeout_t3.o(i.TIMEOUT_T3_USEC_Get_Timer_State)
    TIMEOUT_T3_USEC_Init                     0x0800641d   Thumb Code    48  ttrd2-05a-t0401a-v001a_timeout_t3.o(i.TIMEOUT_T3_USEC_Init)
    TIMEOUT_T3_USEC_Start                    0x08006451   Thumb Code    26  ttrd2-05a-t0401a-v001a_timeout_t3.o(i.TIMEOUT_T3_USEC_Start)
    TIM_ClearITPendingBit                    0x08006471   Thumb Code   108  stm32f4xx_tim.o(i.TIM_ClearITPendingBit)
    TIM_Cmd                                  0x08006539   Thumb Code   144  stm32f4xx_tim.o(i.TIM_Cmd)
    TIM_GetCounter                           0x08006625   Thumb Code   104  stm32f4xx_tim.o(i.TIM_GetCounter)
    TIM_ITConfig                             0x080066e9   Thumb Code   160  stm32f4xx_tim.o(i.TIM_ITConfig)
    TIM_SetCounter                           0x080067e5   Thumb Code   106  stm32f4xx_tim.o(i.TIM_SetCounter)
    TIM_TimeBaseInit                         0x080068ad   Thumb Code   278  stm32f4xx_tim.o(i.TIM_TimeBaseInit)
    TIM_TimeBaseStructInit                   0x08006a21   Thumb Code    18  stm32f4xx_tim.o(i.TIM_TimeBaseStructInit)
    UART2_BUF_O_Check_Data_Integrity         0x08006a35   Thumb Code   104  ttrd2-05a-t0401a-v001a_uart2_buff_o_task.o(i.UART2_BUF_O_Check_Data_Integrity)
    UART2_BUF_O_Init                         0x08006ac1   Thumb Code   166  ttrd2-05a-t0401a-v001a_uart2_buff_o_task.o(i.UART2_BUF_O_Init)
    UART2_BUF_O_Send_All_Data                0x08006b85   Thumb Code    78  ttrd2-05a-t0401a-v001a_uart2_buff_o_task.o(i.UART2_BUF_O_Send_All_Data)
    UART2_BUF_O_Send_Char                    0x08006be9   Thumb Code    48  ttrd2-05a-t0401a-v001a_uart2_buff_o_task.o(i.UART2_BUF_O_Send_Char)
    UART2_BUF_O_Update                       0x08006c25   Thumb Code    78  ttrd2-05a-t0401a-v001a_uart2_buff_o_task.o(i.UART2_BUF_O_Update)
    UART2_BUF_O_Write_Char_To_Buffer         0x08006c8d   Thumb Code    52  ttrd2-05a-t0401a-v001a_uart2_buff_o_task.o(i.UART2_BUF_O_Write_Char_To_Buffer)
    UART2_BUF_O_Write_Number03_To_Buffer     0x08006cd1   Thumb Code    86  ttrd2-05a-t0401a-v001a_uart2_buff_o_task.o(i.UART2_BUF_O_Write_Number03_To_Buffer)
    UART2_BUF_O_Write_Number04_To_Buffer     0x08006d27   Thumb Code   110  ttrd2-05a-t0401a-v001a_uart2_buff_o_task.o(i.UART2_BUF_O_Write_Number04_To_Buffer)
    UART2_BUF_O_Write_Number10_To_Buffer     0x08006d95   Thumb Code   224  ttrd2-05a-t0401a-v001a_uart2_buff_o_task.o(i.UART2_BUF_O_Write_Number10_To_Buffer)
    UART2_BUF_O_Write_String_To_Buffer       0x08006e89   Thumb Code    24  ttrd2-05a-t0401a-v001a_uart2_buff_o_task.o(i.UART2_BUF_O_Write_String_To_Buffer)
    UART_Init                                0x08006ea1   Thumb Code    64  uart_task.o(i.UART_Init)
    UART_Update                              0x08006ee1   Thumb Code    26  uart_task.o(i.UART_Update)
    USART_ClearFlag                          0x08006f01   Thumb Code   140  stm32f4xx_usart.o(i.USART_ClearFlag)
    USART_Cmd                                0x08006fd5   Thumb Code   108  stm32f4xx_usart.o(i.USART_Cmd)
    USART_DMACmd                             0x08007089   Thumb Code   126  stm32f4xx_usart.o(i.USART_DMACmd)
    USART_GetFlagStatus                      0x08007151   Thumb Code   182  stm32f4xx_usart.o(i.USART_GetFlagStatus)
    USART_Init                               0x08007251   Thumb Code   480  stm32f4xx_usart.o(i.USART_Init)
    USART_SendData                           0x0800747d   Thumb Code    92  stm32f4xx_usart.o(i.USART_SendData)
    WATCHDOG_Get_State                       0x08007521   Thumb Code    22  ttrd2-05a-t0401a-v001a_iwdt_task.o(i.WATCHDOG_Get_State)
    WATCHDOG_Init                            0x08007545   Thumb Code    52  ttrd2-05a-t0401a-v001a_iwdt_task.o(i.WATCHDOG_Init)
    WATCHDOG_Update                          0x08007585   Thumb Code    18  ttrd2-05a-t0401a-v001a_iwdt_task.o(i.WATCHDOG_Update)
    assert_failed                            0x080075a1   Thumb Code    48  ttrd2-19a-t0401a-v001a_assert_failed.o(i.assert_failed)
    bkup_sram_INIT                           0x080075f1   Thumb Code   542  obc.o(i.bkup_sram_INIT)
    checkSum                                 0x0800798d   Thumb Code   114  service_utilities.o(i.checkSum)
    check_existing                           0x08007a7d   Thumb Code   100  scheduling_service.o(i.check_existing)
    clear_ext_wod                            0x08007c15   Thumb Code    12  housekeeping.o(i.clear_ext_wod)
    clust2sect                               0x08007c55   Thumb Code    26  ff.o(i.clust2sect)
    cnv16_8                                  0x08007c6f   Thumb Code    20  service_utilities.o(i.cnv16_8)
    cnv32_8                                  0x08007c83   Thumb Code    30  service_utilities.o(i.cnv32_8)
    cnv8_16                                  0x08007ca1   Thumb Code    22  service_utilities.o(i.cnv8_16)
    cnv8_16LE                                0x08007cb7   Thumb Code    22  service_utilities.o(i.cnv8_16LE)
    cnv8_32                                  0x08007ccd   Thumb Code    32  service_utilities.o(i.cnv8_32)
    cnvD_8                                   0x08007ced   Thumb Code    56  service_utilities.o(i.cnvD_8)
    cnvF_8                                   0x08007d25   Thumb Code    32  service_utilities.o(i.cnvF_8)
    cnv_UTC_QB50                             0x08007d45   Thumb Code    80  time_management_service.o(i.cnv_UTC_QB50)
    copy_inner_tc                            0x08007da1   Thumb Code   732  scheduling_service.o(i.copy_inner_tc)
    crt_pkt                                  0x08008449   Thumb Code   210  service_utilities.o(i.crt_pkt)
    disk_initialize                          0x08008975   Thumb Code    40  diskio.o(i.disk_initialize)
    disk_ioctl                               0x080089a1   Thumb Code    36  diskio.o(i.disk_ioctl)
    disk_read                                0x080089c9   Thumb Code    42  diskio.o(i.disk_read)
    disk_status                              0x080089f9   Thumb Code    24  diskio.o(i.disk_status)
    disk_write                               0x08008a15   Thumb Code    42  diskio.o(i.disk_write)
    ecss_stats_hk                            0x08008a45   Thumb Code   132  ecss_stats.o(i.ecss_stats_hk)
    enable_disable_schedule_apid_release     0x08008acd   Thumb Code   112  scheduling_service.o(i.enable_disable_schedule_apid_release)
    event_app                                0x08008bb1   Thumb Code    82  event_reporting_service.o(i.event_app)
    export_pkt                               0x08008c5d   Thumb Code   146  upsat.o(i.export_pkt)
    f_close                                  0x08008d1d   Thumb Code    42  ff.o(i.f_close)
    f_closedir                               0x08008d47   Thumb Code    36  ff.o(i.f_closedir)
    f_open                                   0x08008d6b   Thumb Code   414  ff.o(i.f_open)
    f_opendir                                0x08008f09   Thumb Code   140  ff.o(i.f_opendir)
    f_read                                   0x08008f95   Thumb Code   416  ff.o(i.f_read)
    f_readdir                                0x08009135   Thumb Code    88  ff.o(i.f_readdir)
    f_stat                                   0x0800918d   Thumb Code    60  ff.o(i.f_stat)
    f_sync                                   0x080091c9   Thumb Code   176  ff.o(i.f_sync)
    f_unlink                                 0x08009279   Thumb Code   178  ff.o(i.f_unlink)
    f_write                                  0x0800932b   Thumb Code   472  ff.o(i.f_write)
    find_schedule_pos                        0x08009505   Thumb Code    50  scheduling_service.o(i.find_schedule_pos)
    free_pkt                                 0x08009969   Thumb Code   116  pkt_pool.o(i.free_pkt)
    getCurrentTick                           0x08009a19   Thumb Code     6  obc_hsi.o(i.getCurrentTick)
    get_boot_counter                         0x08009a25   Thumb Code    10  obc.o(i.get_boot_counter)
    get_fat                                  0x08009a35   Thumb Code   242  ff.o(i.get_fat)
    get_fattime                              0x08009b27   Thumb Code    58  fatfs.o(i.get_fattime)
    get_filePos                              0x08009b61   Thumb Code   172  mass_storage_service.o(i.get_filePos)
    get_fs_stat                              0x08009ccd   Thumb Code   600  mass_storage_service.o(i.get_fs_stat)
    get_new_fileId                           0x0800a00d   Thumb Code   194  mass_storage_service.o(i.get_new_fileId)
    get_pkt                                  0x0800a109   Thumb Code   120  pkt_pool.o(i.get_pkt)
    get_reset_source                         0x0800a18d   Thumb Code     8  obc.o(i.get_reset_source)
    get_time_QB50                            0x0800a199   Thumb Code    42  time_management_service.o(i.get_time_QB50)
    get_time_UTC                             0x0800a1c3   Thumb Code    28  time_management_service.o(i.get_time_UTC)
    hk_INIT                                  0x0800a1e1   Thumb Code     8  housekeeping.o(i.hk_INIT)
    hk_app                                   0x0800a1f1   Thumb Code   186  housekeeping_service.o(i.hk_app)
    hk_crt_empty_pkt_TM                      0x0800a319   Thumb Code    66  housekeeping_service.o(i.hk_crt_empty_pkt_TM)
    hk_crt_pkt_TC                            0x0800a39d   Thumb Code    80  housekeeping_service.o(i.hk_crt_pkt_TC)
    hk_crt_pkt_TM                            0x0800a435   Thumb Code    42  housekeeping_service.o(i.hk_crt_pkt_TM)
    hk_parameters_report                     0x0800a461   Thumb Code   326  housekeeping.o(i.hk_parameters_report)
    hk_report_parameters                     0x0800a675   Thumb Code  3298  housekeeping.o(i.hk_report_parameters)
    import_pkt                               0x0800b395   Thumb Code   198  upsat.o(i.import_pkt)
    is_free_pkt                              0x0800b561   Thumb Code    94  pkt_pool.o(i.is_free_pkt)
    main                                     0x0800b5e9   Thumb Code    16  main.o(i.main)
    mass_storage_app                         0x0800b5f9   Thumb Code   376  mass_storage_service.o(i.mass_storage_app)
    mass_storage_crtPkt                      0x0800b805   Thumb Code    82  mass_storage_service.o(i.mass_storage_crtPkt)
    mass_storage_delete_api                  0x0800b899   Thumb Code   240  mass_storage_service.o(i.mass_storage_delete_api)
    mass_storage_downlinkFile                0x0800b9e5   Thumb Code   366  mass_storage_service.o(i.mass_storage_downlinkFile)
    mass_storage_downlink_api                0x0800bc01   Thumb Code   578  mass_storage_service.o(i.mass_storage_downlink_api)
    mass_storage_hard_delete                 0x0800beed   Thumb Code   374  mass_storage_service.o(i.mass_storage_hard_delete)
    mass_storage_list                        0x0800c115   Thumb Code   606  mass_storage_service.o(i.mass_storage_list)
    mass_storage_list_api                    0x0800c42d   Thumb Code   266  mass_storage_service.o(i.mass_storage_list_api)
    mass_storage_report_api                  0x0800c5cd   Thumb Code   154  mass_storage_service.o(i.mass_storage_report_api)
    mass_storage_schedule_load_api           0x0800c6d9   Thumb Code   220  mass_storage_service.o(i.mass_storage_schedule_load_api)
    mass_storage_storeFile                   0x0800c831   Thumb Code   328  mass_storage_service.o(i.mass_storage_storeFile)
    mass_storage_updatePkt                   0x0800ca25   Thumb Code    10  mass_storage_service.o(i.mass_storage_updatePkt)
    ms_debugging                             0x0800cab9   Thumb Code    14  mass_storage_service.o(i.ms_debugging)
    operations_scheduling_reset_schedule_api 0x0800cacd   Thumb Code    64  scheduling_service.o(i.operations_scheduling_reset_schedule_api)
    pack_pkt                                 0x0800cb15   Thumb Code   444  service_utilities.o(i.pack_pkt)
    parse_sch_packet                         0x0800cd99   Thumb Code   480  scheduling_service.o(i.parse_sch_packet)
    pkt_pool_INIT                            0x0800d089   Thumb Code    94  pkt_pool.o(i.pkt_pool_INIT)
    put_fat                                  0x0800d0f5   Thumb Code   322  ff.o(i.put_fat)
    queuePeak                                0x0800d239   Thumb Code   120  queue.o(i.queuePeak)
    queuePop                                 0x0800d2bd   Thumb Code   192  queue.o(i.queuePop)
    queuePush                                0x0800d389   Thumb Code   228  queue.o(i.queuePush)
    queue_IDLE                               0x0800d479   Thumb Code   108  queue.o(i.queue_IDLE)
    recieve_packet                           0x0800d4e5   Thumb Code    56  uart_hal.o(i.recieve_packet)
    return_time_QB50                         0x0800d589   Thumb Code    42  time_management_service.o(i.return_time_QB50)
    route_pkt                                0x0800d5b5   Thumb Code   368  obc.o(i.route_pkt)
    scheduling_app                           0x0800d7c5   Thumb Code   442  scheduling_service.o(i.scheduling_app)
    scheduling_remove_schedule_api           0x0800da45   Thumb Code    96  scheduling_service.o(i.scheduling_remove_schedule_api)
    scheduling_service_crt_pkt_TM            0x0800daad   Thumb Code    74  scheduling_service.o(i.scheduling_service_crt_pkt_TM)
    scheduling_service_load_schedules        0x0800db45   Thumb Code   724  scheduling_service.o(i.scheduling_service_load_schedules)
    scheduling_service_report_detailed       0x0800de21   Thumb Code   442  scheduling_service.o(i.scheduling_service_report_detailed)
    scheduling_service_report_summary        0x0800e031   Thumb Code   252  scheduling_service.o(i.scheduling_service_report_summary)
    scheduling_service_save_schedules        0x0800e16d   Thumb Code   964  scheduling_service.o(i.scheduling_service_save_schedules)
    set_reset_source                         0x0800e539   Thumb Code     6  obc.o(i.set_reset_source)
    set_time_UTC                             0x0800e545   Thumb Code    40  time_management_service.o(i.set_time_UTC)
    sram_hard_delete                         0x0800e56d   Thumb Code    28  obc.o(i.sram_hard_delete)
    stats_dropped_hldlc                      0x0800e599   Thumb Code    16  ecss_stats.o(i.stats_dropped_hldlc)
    stats_dropped_upack                      0x0800e5ad   Thumb Code    16  ecss_stats.o(i.stats_dropped_upack)
    stats_inbound                            0x0800e5c1   Thumb Code   136  ecss_stats.o(i.stats_inbound)
    stats_outbound                           0x0800e6c9   Thumb Code   138  ecss_stats.o(i.stats_outbound)
    test_app                                 0x0800e8f1   Thumb Code   154  test_service.o(i.test_app)
    test_crt_pkt                             0x0800e9f1   Thumb Code    82  test_service.o(i.test_crt_pkt)
    time_management_app                      0x0800ea7d   Thumb Code  1758  time_management_service.o(i.time_management_app)
    time_management_crt_pkt_TM               0x0800f171   Thumb Code    72  time_management_service.o(i.time_management_crt_pkt_TM)
    time_management_report_time_in_qb50      0x0800f209   Thumb Code    90  time_management_service.o(i.time_management_report_time_in_qb50)
    time_management_report_time_in_utc       0x0800f2a5   Thumb Code   120  time_management_service.o(i.time_management_report_time_in_utc)
    time_shift_all_tcs                       0x0800f35d   Thumb Code   184  scheduling_service.o(i.time_shift_all_tcs)
    time_shift_sel_schedule                  0x0800f41d   Thumb Code   280  scheduling_service.o(i.time_shift_sel_schedule)
    tst_debugging                            0x0800f581   Thumb Code    60  services.o(i.tst_debugging)
    unpack_pkt                               0x0800f5e5   Thumb Code   776  service_utilities.o(i.unpack_pkt)
    updateCurrentTick                        0x0800fac5   Thumb Code    28  obc_hsi.o(i.updateCurrentTick)
    update_boot_counter                      0x0800fae5   Thumb Code    16  obc.o(i.update_boot_counter)
    update_comms_boot_counter                0x0800faf9   Thumb Code    34  obc.o(i.update_comms_boot_counter)
    update_eps_boot_counter                  0x0800fb21   Thumb Code    34  obc.o(i.update_eps_boot_counter)
    verification_app                         0x0800fb81   Thumb Code   240  verification_service.o(i.verification_app)
    verification_crt_pkt                     0x0800fd0d   Thumb Code   232  verification_service.o(i.verification_crt_pkt)
    wod_log_load                             0x0800fe69   Thumb Code    54  obc.o(i.wod_log_load)
    _get_lc_ctype                            0x0800fea5   Thumb Code    44  lc_ctype_c.o(locale$$code)
    __aeabi_d2f                              0x0800fed1   Thumb Code     0  d2f.o(x$fpl$d2f)
    _d2f                                     0x0800fed1   Thumb Code    98  d2f.o(x$fpl$d2f)
    __fpl_dnaninf                            0x0800ff33   Thumb Code   156  dnaninf.o(x$fpl$dnaninf)
    _fp_init                                 0x0800ffcf   Thumb Code    10  fpinit.o(x$fpl$fpinit)
    __fplib_config_fpu_vfp                   0x0800ffd7   Thumb Code     0  fpinit.o(x$fpl$fpinit)
    __fplib_config_pureend_doubles           0x0800ffd7   Thumb Code     0  fpinit.o(x$fpl$fpinit)
    __fpl_fretinf                            0x0800ffd9   Thumb Code    10  fretinf.o(x$fpl$fretinf)
    __I$use$fp                               0x0800ffe2   Number         0  usenofp.o(x$fpl$usenofp)
    services_verification_TC_TM              0x0800ffe2   Data        1040  services.o(.constdata)
    UTC_QB50_H                               0x080108b8   Data         100  time_management_service.o(.constdata)
    Region$$Table$$Base                      0x08010fe0   Number         0  anon$$obj.o(Region$$Table)
    Region$$Table$$Limit                     0x08011000   Number         0  anon$$obj.o(Region$$Table)
    __ctype                                  0x0801100d   Data           0  lc_ctype_c.o(locale$$data)
    Watchdog_running_g                       0x20000024   Data           4  ttrd2-05a-t0401a-v001a_iwdt_task.o(.data)
    Watchdog_running_ig                      0x20000028   Data           4  ttrd2-05a-t0401a-v001a_iwdt_task.o(.data)
    EPS_U1_SET_Counter                       0x200000a2   Data           1  eps_comm_task.o(.data)
    EPS_U1_DMA_flag                          0x200000a3   Data           1  eps_comm_task.o(.data)
    COMMS_U4_SET_Counter                     0x200000ba   Data           1  comms_comm_task.o(.data)
    COMMS_U4_DMA_flag                        0x200000bb   Data           1  comms_comm_task.o(.data)
    SystemCoreClock                          0x20000218   Data           4  system_stm32f4xx.o(.data)
    AHBPrescTable                            0x2000021c   Data          16  system_stm32f4xx.o(.data)
    TICK_LIST_NORMAL                         0x20000281   Data         246  ttrd2-19a-t0401a-v001b_predicttor_i.o(.data)
    ADCS_EX_WOD_FLAG                         0x200003ad   Data           1  housekeeping.o(.data)
    EPS_EX_WOD_FLAG                          0x200003ae   Data           1  housekeeping.o(.data)
    COMMS_EX_WOD_FLAG                        0x200003af   Data           1  housekeeping.o(.data)
    COMMS_WOD_FLAG                           0x200003b0   Data           1  housekeeping.o(.data)
    EPS_WOD_FLAG                             0x200003b1   Data           1  housekeeping.o(.data)
    ADCS_WOD_FLAG                            0x200003b2   Data           1  housekeeping.o(.data)
    sat_status                               0x200003b3   Data           7  housekeeping.o(.data)
    cnt                                      0x20000600   Data           2  obc.o(.data)
    assertion_last_file                      0x20000617   Data           1  services.o(.data)
    assertion_last_line                      0x20000618   Data           2  services.o(.data)
    StopCondition                            0x2000062c   Data           4  fatfs_sd_sdio.o(.data)
    TransferError                            0x20000630   Data           1  fatfs_sd_sdio.o(.data)
    TransferEnd                              0x20000634   Data           4  fatfs_sd_sdio.o(.data)
    DMAEndOfTransfer                         0x20000638   Data           4  fatfs_sd_sdio.o(.data)
    EPS_U1_FLAGS                             0x20000a28   Data          44  eps_comm_task.o(.bss)
    COMMS_U4_FLAGS                           0x20001418   Data          44  comms_comm_task.o(.bss)
    obc_data                                 0x20002344   Data       55480  obc.o(.bss)
    buf                                      0x2000fbfc   Data        1024  obc.o(.bss)
    sche_tc_buffer                           0x20012fa8   Data         225  scheduling_service.o(.bss)
    sc_s_state                               0x20013089   Data          10  scheduling_service.o(.bss)
    sch_mem_pool                             0x20013094   Data        3812  scheduling_service.o(.bss)
    disk                                     0x20013f84   Data          12  ff_gen_drv.o(.bss)
    __libspace_start                         0x20013f90   Data          96  libspace.o(.bss)
    __temporary_stack_top$libspace           0x20013ff0   Data           0  libspace.o(.bss)



==============================================================================

Memory Map of the image

  Image Entry point : 0x08000189

  Load Region LR_IROM1 (Base: 0x08000000, Size: 0x00011750, Max: 0x00100000, ABSOLUTE, COMPRESSED[0x000111c4])

    Execution Region ER_IROM1 (Exec base: 0x08000000, Load base: 0x08000000, Size: 0x00011110, Max: 0x00100000, ABSOLUTE)

    Exec Addr    Load Addr    Size         Type   Attr      Idx    E Section Name        Object

    0x08000000   0x08000000   0x00000188   Data   RO         6792    RESET               startup_stm32f407xx.o
    0x08000188   0x08000188   0x00000008   Code   RO        10362  * !!!main             c_w.l(__main.o)
    0x08000190   0x08000190   0x00000034   Code   RO        10636    !!!scatter          c_w.l(__scatter.o)
    0x080001c4   0x080001c4   0x0000005a   Code   RO        10634    !!dczerorl2         c_w.l(__dczerorl2.o)
    0x0800021e   0x0800021e   0x00000002   PAD
    0x08000220   0x08000220   0x0000001c   Code   RO        10638    !!handler_zi        c_w.l(__scatter_zi.o)
    0x0800023c   0x0800023c   0x00000000   Code   RO        10347    .ARM.Collect$$_printf_percent$$00000000  c_w.l(_printf_percent.o)
    0x0800023c   0x0800023c   0x00000006   Code   RO        10346    .ARM.Collect$$_printf_percent$$00000009  c_w.l(_printf_d.o)
    0x08000242   0x08000242   0x00000006   Code   RO        10345    .ARM.Collect$$_printf_percent$$00000014  c_w.l(_printf_s.o)
    0x08000248   0x08000248   0x00000004   Code   RO        10427    .ARM.Collect$$_printf_percent$$00000017  c_w.l(_printf_percent_end.o)
    0x0800024c   0x0800024c   0x00000002   Code   RO        10571    .ARM.Collect$$libinit$$00000000  c_w.l(libinit.o)
    0x0800024e   0x0800024e   0x00000004   Code   RO        10436    .ARM.Collect$$libinit$$00000001  c_w.l(libinit2.o)
    0x08000252   0x08000252   0x00000000   Code   RO        10439    .ARM.Collect$$libinit$$00000004  c_w.l(libinit2.o)
    0x08000252   0x08000252   0x00000000   Code   RO        10442    .ARM.Collect$$libinit$$0000000A  c_w.l(libinit2.o)
    0x08000252   0x08000252   0x00000000   Code   RO        10444    .ARM.Collect$$libinit$$0000000C  c_w.l(libinit2.o)
    0x08000252   0x08000252   0x00000000   Code   RO        10446    .ARM.Collect$$libinit$$0000000E  c_w.l(libinit2.o)
    0x08000252   0x08000252   0x00000006   Code   RO        10447    .ARM.Collect$$libinit$$0000000F  c_w.l(libinit2.o)
    0x08000258   0x08000258   0x00000000   Code   RO        10449    .ARM.Collect$$libinit$$00000011  c_w.l(libinit2.o)
    0x08000258   0x08000258   0x0000000c   Code   RO        10450    .ARM.Collect$$libinit$$00000012  c_w.l(libinit2.o)
    0x08000264   0x08000264   0x00000000   Code   RO        10451    .ARM.Collect$$libinit$$00000013  c_w.l(libinit2.o)
    0x08000264   0x08000264   0x00000000   Code   RO        10453    .ARM.Collect$$libinit$$00000015  c_w.l(libinit2.o)
    0x08000264   0x08000264   0x00000000   Code   RO        10455    .ARM.Collect$$libinit$$00000017  c_w.l(libinit2.o)
    0x08000264   0x08000264   0x00000000   Code   RO        10457    .ARM.Collect$$libinit$$00000019  c_w.l(libinit2.o)
    0x08000264   0x08000264   0x00000000   Code   RO        10459    .ARM.Collect$$libinit$$0000001B  c_w.l(libinit2.o)
    0x08000264   0x08000264   0x00000000   Code   RO        10461    .ARM.Collect$$libinit$$0000001D  c_w.l(libinit2.o)
    0x08000264   0x08000264   0x00000000   Code   RO        10463    .ARM.Collect$$libinit$$0000001F  c_w.l(libinit2.o)
    0x08000264   0x08000264   0x00000000   Code   RO        10465    .ARM.Collect$$libinit$$00000021  c_w.l(libinit2.o)
    0x08000264   0x08000264   0x00000000   Code   RO        10467    .ARM.Collect$$libinit$$00000023  c_w.l(libinit2.o)
    0x08000264   0x08000264   0x00000000   Code   RO        10469    .ARM.Collect$$libinit$$00000025  c_w.l(libinit2.o)
    0x08000264   0x08000264   0x00000000   Code   RO        10473    .ARM.Collect$$libinit$$0000002C  c_w.l(libinit2.o)
    0x08000264   0x08000264   0x00000000   Code   RO        10475    .ARM.Collect$$libinit$$0000002E  c_w.l(libinit2.o)
    0x08000264   0x08000264   0x00000000   Code   RO        10477    .ARM.Collect$$libinit$$00000030  c_w.l(libinit2.o)
    0x08000264   0x08000264   0x00000000   Code   RO        10479    .ARM.Collect$$libinit$$00000032  c_w.l(libinit2.o)
    0x08000264   0x08000264   0x00000002   Code   RO        10480    .ARM.Collect$$libinit$$00000033  c_w.l(libinit2.o)
    0x08000266   0x08000266   0x00000002   Code   RO        10631    .ARM.Collect$$libshutdown$$00000000  c_w.l(libshutdown.o)
    0x08000268   0x08000268   0x00000000   Code   RO        10587    .ARM.Collect$$libshutdown$$00000002  c_w.l(libshutdown2.o)
    0x08000268   0x08000268   0x00000000   Code   RO        10589    .ARM.Collect$$libshutdown$$00000004  c_w.l(libshutdown2.o)
    0x08000268   0x08000268   0x00000000   Code   RO        10591    .ARM.Collect$$libshutdown$$00000006  c_w.l(libshutdown2.o)
    0x08000268   0x08000268   0x00000000   Code   RO        10594    .ARM.Collect$$libshutdown$$00000009  c_w.l(libshutdown2.o)
    0x08000268   0x08000268   0x00000000   Code   RO        10597    .ARM.Collect$$libshutdown$$0000000C  c_w.l(libshutdown2.o)
    0x08000268   0x08000268   0x00000000   Code   RO        10599    .ARM.Collect$$libshutdown$$0000000E  c_w.l(libshutdown2.o)
    0x08000268   0x08000268   0x00000000   Code   RO        10602    .ARM.Collect$$libshutdown$$00000011  c_w.l(libshutdown2.o)
    0x08000268   0x08000268   0x00000002   Code   RO        10603    .ARM.Collect$$libshutdown$$00000012  c_w.l(libshutdown2.o)
    0x0800026a   0x0800026a   0x00000000   Code   RO        10380    .ARM.Collect$$rtentry$$00000000  c_w.l(__rtentry.o)
    0x0800026a   0x0800026a   0x00000000   Code   RO        10494    .ARM.Collect$$rtentry$$00000002  c_w.l(__rtentry2.o)
    0x0800026a   0x0800026a   0x00000006   Code   RO        10506    .ARM.Collect$$rtentry$$00000004  c_w.l(__rtentry4.o)
    0x08000270   0x08000270   0x00000000   Code   RO        10496    .ARM.Collect$$rtentry$$00000009  c_w.l(__rtentry2.o)
    0x08000270   0x08000270   0x00000004   Code   RO        10497    .ARM.Collect$$rtentry$$0000000A  c_w.l(__rtentry2.o)
    0x08000274   0x08000274   0x00000000   Code   RO        10499    .ARM.Collect$$rtentry$$0000000C  c_w.l(__rtentry2.o)
    0x08000274   0x08000274   0x00000008   Code   RO        10500    .ARM.Collect$$rtentry$$0000000D  c_w.l(__rtentry2.o)
    0x0800027c   0x0800027c   0x00000002   Code   RO        10574    .ARM.Collect$$rtexit$$00000000  c_w.l(rtexit.o)
    0x0800027e   0x0800027e   0x00000000   Code   RO        10607    .ARM.Collect$$rtexit$$00000002  c_w.l(rtexit2.o)
    0x0800027e   0x0800027e   0x00000004   Code   RO        10608    .ARM.Collect$$rtexit$$00000003  c_w.l(rtexit2.o)
    0x08000282   0x08000282   0x00000006   Code   RO        10609    .ARM.Collect$$rtexit$$00000004  c_w.l(rtexit2.o)
    0x08000288   0x08000288   0x00000040   Code   RO         6793    .text               startup_stm32f407xx.o
    0x080002c8   0x080002c8   0x00000028   Code   RO        10315    .text               c_w.l(noretval__2sprintf.o)
    0x080002f0   0x080002f0   0x00000034   Code   RO        10317    .text               c_w.l(noretval__2snprintf.o)
    0x08000324   0x08000324   0x00000068   Code   RO        10319    .text               c_w.l(__printf.o)
    0x0800038c   0x0800038c   0x00000052   Code   RO        10321    .text               c_w.l(_printf_str.o)
    0x080003de   0x080003de   0x00000002   PAD
    0x080003e0   0x080003e0   0x00000078   Code   RO        10323    .text               c_w.l(_printf_dec.o)
    0x08000458   0x08000458   0x00000070   Code   RO        10348    .text               c_w.l(strtol.o)
    0x080004c8   0x080004c8   0x0000008a   Code   RO        10354    .text               c_w.l(rt_memcpy_v6.o)
    0x08000552   0x08000552   0x0000004e   Code   RO        10356    .text               c_w.l(rt_memclr_w.o)
    0x080005a0   0x080005a0   0x00000056   Code   RO        10358    .text               c_w.l(strncpy.o)
    0x080005f6   0x080005f6   0x00000006   Code   RO        10360    .text               c_w.l(heapauxi.o)
    0x080005fc   0x080005fc   0x00000010   Code   RO        10381    .text               c_w.l(rt_ctype_table.o)
    0x0800060c   0x0800060c   0x00000008   Code   RO        10395    .text               c_w.l(rt_errno_addr_intlibspace.o)
    0x08000614   0x08000614   0x000000b2   Code   RO        10417    .text               c_w.l(_printf_intcommon.o)
    0x080006c6   0x080006c6   0x00000002   PAD
    0x080006c8   0x080006c8   0x00000030   Code   RO        10419    .text               c_w.l(_printf_char_common.o)
    0x080006f8   0x080006f8   0x0000000a   Code   RO        10421    .text               c_w.l(_sputc.o)
    0x08000702   0x08000702   0x00000010   Code   RO        10423    .text               c_w.l(_snputc.o)
    0x08000712   0x08000712   0x0000002c   Code   RO        10425    .text               c_w.l(_printf_char.o)
    0x0800073e   0x0800073e   0x0000009e   Code   RO        10428    .text               c_w.l(_strtoul.o)
    0x080007dc   0x080007dc   0x00000064   Code   RO        10430    .text               c_w.l(rt_memcpy_w.o)
    0x08000840   0x08000840   0x00000044   Code   RO        10432    .text               c_w.l(rt_memclr.o)
    0x08000884   0x08000884   0x00000008   Code   RO        10490    .text               c_w.l(libspace.o)
    0x0800088c   0x0800088c   0x00000008   Code   RO        10513    .text               c_w.l(rt_locale_intlibspace.o)
    0x08000894   0x08000894   0x0000001c   Code   RO        10525    .text               c_w.l(_chval.o)
    0x080008b0   0x080008b0   0x00000002   Code   RO        10541    .text               c_w.l(use_no_semi.o)
    0x080008b2   0x080008b2   0x00000000   Code   RO        10543    .text               c_w.l(indicate_semi.o)
    0x080008b2   0x080008b2   0x0000004a   Code   RO        10544    .text               c_w.l(sys_stackheap_outer.o)
    0x080008fc   0x080008fc   0x00000012   Code   RO        10550    .text               c_w.l(exit.o)
    0x0800090e   0x0800090e   0x00000002   PAD
    0x08000910   0x08000910   0x00000080   Code   RO        10560    .text               c_w.l(strcmpv7m.o)
    0x08000990   0x08000990   0x0000000c   Code   RO        10572    .text               c_w.l(sys_exit.o)
    0x0800099c   0x0800099c   0x00000054   Code   RO          363    i.ADC1_Get_Temperature_Celsius  ttrd2-05a-t0401a-v001a_adc_task.o
    0x080009f0   0x080009f0   0x000000b8   Code   RO          364    i.ADC1_Init         ttrd2-05a-t0401a-v001a_adc_task.o
    0x08000aa8   0x08000aa8   0x00000054   Code   RO          365    i.ADC1_Read_Channel  ttrd2-05a-t0401a-v001a_adc_task.o
    0x08000afc   0x08000afc   0x000000d4   Code   RO          366    i.ADC1_Update       ttrd2-05a-t0401a-v001a_adc_task.o
    0x08000bd0   0x08000bd0   0x00000040   Code   RO         1174    i.ADC1_vbat_Init    adc1_task.o
    0x08000c10   0x08000c10   0x00000028   Code   RO         1175    i.ADC1_vbat_Update  adc1_task.o
    0x08000c38   0x08000c38   0x00000030   Code   RO         1070    i.ADCS_exHealth_Rep_task_Update  adcs_exhealth_rep_task.o
    0x08000c68   0x08000c68   0x00000080   Code   RO         1561    i.ADC_Cmd           stm32f4xx_adc.o
    0x08000ce8   0x08000ce8   0x0000018c   Code   RO         1562    i.ADC_CommonInit    stm32f4xx_adc.o
    0x08000e74   0x08000e74   0x0000000c   Code   RO         1563    i.ADC_CommonStructInit  stm32f4xx_adc.o
    0x08000e80   0x08000e80   0x0000005c   Code   RO         1573    i.ADC_GetConversionValue  stm32f4xx_adc.o
    0x08000edc   0x08000edc   0x00000090   Code   RO         1574    i.ADC_GetFlagStatus  stm32f4xx_adc.o
    0x08000f6c   0x08000f6c   0x000001d0   Code   RO         1581    i.ADC_Init          stm32f4xx_adc.o
    0x0800113c   0x0800113c   0x000001cc   Code   RO         1586    i.ADC_RegularChannelConfig  stm32f4xx_adc.o
    0x08001308   0x08001308   0x00000060   Code   RO         1588    i.ADC_SoftwareStartConv  stm32f4xx_adc.o
    0x08001368   0x08001368   0x00000014   Code   RO         1590    i.ADC_StructInit    stm32f4xx_adc.o
    0x0800137c   0x0800137c   0x00000068   Code   RO         1591    i.ADC_TempSensorVrefintCmd  stm32f4xx_adc.o
    0x080013e4   0x080013e4   0x00000068   Code   RO         1592    i.ADC_VBATCmd       stm32f4xx_adc.o
    0x0800144c   0x0800144c   0x0000001c   Code   RO         7675    i.COMMS_EXT_WOD_Rep_SCH  housekeeping.o
    0x08001468   0x08001468   0x00000034   Code   RO         1140    i.COMMS_EXT_WOD_Rep_task_Update  comms_ext_wod_rep_task.o
    0x0800149c   0x0800149c   0x00000030   Code   RO          965    i.COMMS_Health_Rep_task_Update  comms_health_rep_task.o
    0x080014cc   0x080014cc   0x00000054   Code   RO         1314    i.COMMS_U4_BUF_O_Check_Data_Integrity  comms_comm_task.o
    0x08001520   0x08001520   0x00000140   Code   RO         1315    i.COMMS_U4_BUF_O_Init  comms_comm_task.o
    0x08001660   0x08001660   0x00000094   Code   RO         1316    i.COMMS_U4_BUF_O_Send_All_Data  comms_comm_task.o
    0x080016f4   0x080016f4   0x00000018   Code   RO         1317    i.COMMS_U4_BUF_O_Update  comms_comm_task.o
    0x0800170c   0x0800170c   0x0000006c   Code   RO         1321    i.COMMS_U4_DMA_CHECK  comms_comm_task.o
    0x08001778   0x08001778   0x00000224   Code   RO         1322    i.COMMS_U4_PROCESS_DATA  comms_comm_task.o
    0x0800199c   0x0800199c   0x0000017c   Code   RO         1323    i.COMMS_U4_UART_recv  comms_comm_task.o
    0x08001b18   0x08001b18   0x00000018   Code   RO         1325    i.COMMS_U4_init     comms_comm_task.o
    0x08001b30   0x08001b30   0x00000020   Code   RO         1326    i.COMMS_U4_update   comms_comm_task.o
    0x08001b50   0x08001b50   0x00000030   Code   RO         1000    i.COMMS_WOD_Rep_task_Update  comms_wod_rep_task.o
    0x08001b80   0x08001b80   0x00000034   Code   RO         1105    i.COMMS_exHealth_Rep_task_Update  comms_exhealth_rep_task.o
    0x08001bb4   0x08001bb4   0x00000018   Code   RO         7678    i.COMMS_exHealth_Req_SCH  housekeeping.o
    0x08001bcc   0x08001bcc   0x00000008   Code   RO         9811    i.DMA2_Stream3_IRQHandler  fatfs_sd_sdio.o
    0x08001bd4   0x08001bd4   0x00000110   Code   RO         2580    i.DMA_ClearFlag     stm32f4xx_dma.o
    0x08001ce4   0x08001ce4   0x000000e8   Code   RO         2582    i.DMA_Cmd           stm32f4xx_dma.o
    0x08001dcc   0x08001dcc   0x0000020c   Code   RO         2583    i.DMA_DeInit        stm32f4xx_dma.o
    0x08001fd8   0x08001fd8   0x000000d0   Code   RO         2587    i.DMA_GetCmdStatus  stm32f4xx_dma.o
    0x080020a8   0x080020a8   0x000000c4   Code   RO         2588    i.DMA_GetCurrDataCounter  stm32f4xx_dma.o
    0x0800216c   0x0800216c   0x000002c8   Code   RO         2594    i.DMA_Init          stm32f4xx_dma.o
    0x08002434   0x08002434   0x000000c4   Code   RO         2597    i.DMA_SetCurrDataCounter  stm32f4xx_dma.o
    0x080024f8   0x080024f8   0x00000022   Code   RO         2598    i.DMA_StructInit    stm32f4xx_dma.o
    0x0800251a   0x0800251a   0x00000008   Code   RO          922    i.EPS_Health_Rep_task_Init  eps_health_rep_task.o
    0x08002522   0x08002522   0x00000002   PAD
    0x08002524   0x08002524   0x00000030   Code   RO          923    i.EPS_Health_Rep_task_Update  eps_health_rep_task.o
    0x08002554   0x08002554   0x00000054   Code   RO         1210    i.EPS_U1_BUF_O_Check_Data_Integrity  eps_comm_task.o
    0x080025a8   0x080025a8   0x00000148   Code   RO         1211    i.EPS_U1_BUF_O_Init  eps_comm_task.o
    0x080026f0   0x080026f0   0x00000090   Code   RO         1212    i.EPS_U1_BUF_O_Send_All_Data  eps_comm_task.o
    0x08002780   0x08002780   0x00000018   Code   RO         1213    i.EPS_U1_BUF_O_Update  eps_comm_task.o
    0x08002798   0x08002798   0x0000006c   Code   RO         1215    i.EPS_U1_DMA_CHECK  eps_comm_task.o
    0x08002804   0x08002804   0x00000258   Code   RO         1217    i.EPS_U1_PROCESS_DATA  eps_comm_task.o
    0x08002a5c   0x08002a5c   0x00000170   Code   RO         1218    i.EPS_U1_UART_recv  eps_comm_task.o
    0x08002bcc   0x08002bcc   0x00000018   Code   RO         1220    i.EPS_U1_init       eps_comm_task.o
    0x08002be4   0x08002be4   0x00000020   Code   RO         1221    i.EPS_U1_update     eps_comm_task.o
    0x08002c04   0x08002c04   0x00000030   Code   RO         1035    i.EPS_exHealth_Rep_task_Update  eps_exhealth_rep_task.o
    0x08002c34   0x08002c34   0x000001b4   Code   RO         3247    i.GPIO_Init         stm32f4xx_gpio.o
    0x08002de8   0x08002de8   0x000001b4   Code   RO         3248    i.GPIO_PinAFConfig  stm32f4xx_gpio.o
    0x08002f9c   0x08002f9c   0x000000bc   Code   RO         3254    i.GPIO_ResetBits    stm32f4xx_gpio.o
    0x08003058   0x08003058   0x000000bc   Code   RO         3255    i.GPIO_SetBits      stm32f4xx_gpio.o
    0x08003114   0x08003114   0x00000008   Code   RO         8221    i.HAL_obc_BKPSRAM_BASE  obc_hsi.o
    0x0800311c   0x0800311c   0x00000018   Code   RO         8224    i.HAL_obc_enableBkUpAccess  obc_hsi.o
    0x08003134   0x08003134   0x00000066   Code   RO         8225    i.HAL_reset_source  obc_hsi.o
    0x0800319a   0x0800319a   0x0000002c   Code   RO         8226    i.HAL_sys_getDate   obc_hsi.o
    0x080031c6   0x080031c6   0x00000024   Code   RO         8227    i.HAL_sys_getTime   obc_hsi.o
    0x080031ea   0x080031ea   0x00000024   Code   RO         8228    i.HAL_sys_setDate   obc_hsi.o
    0x0800320e   0x0800320e   0x0000001e   Code   RO         8229    i.HAL_sys_setTime   obc_hsi.o
    0x0800322c   0x0800322c   0x000000c4   Code   RO         8816    i.HAL_uart_tx       uart_hal.o
    0x080032f0   0x080032f0   0x00000038   Code   RO          525    i.HEARTBEAT_SW_Init  ttrd2-05a-t0401a-v001a_heartbeat_sw_task.o
    0x08003328   0x08003328   0x00000070   Code   RO          526    i.HEARTBEAT_SW_Update  ttrd2-05a-t0401a-v001a_heartbeat_sw_task.o
    0x08003398   0x08003398   0x00000190   Code   RO         7653    i.HLDLC_deframe     hldlc.o
    0x08003528   0x08003528   0x00000184   Code   RO         7654    i.HLDLC_frame       hldlc.o
    0x080036ac   0x080036ac   0x0000001c   Code   RO          841    i.IDLE_Update       idle_task.o
    0x080036c8   0x080036c8   0x00000012   Code   RO         7298    i.MONITTORi_Disable  ttrd2-18a-t0401a-v001a_monittor_i.o
    0x080036da   0x080036da   0x00000002   Code   RO         7299    i.MONITTORi_Init    ttrd2-18a-t0401a-v001a_monittor_i.o
    0x080036dc   0x080036dc   0x00000108   Code   RO         7300    i.MONITTORi_Start   ttrd2-18a-t0401a-v001a_monittor_i.o
    0x080037e4   0x080037e4   0x00000094   Code   RO         7301    i.MONITTORi_Stop    ttrd2-18a-t0401a-v001a_monittor_i.o
    0x08003878   0x08003878   0x00000038   Code   RO         8817    i.MYDMA_Enable      uart_hal.o
    0x080038b0   0x080038b0   0x00000084   Code   RO         8818    i.MYDMA_Init        uart_hal.o
    0x08003934   0x08003934   0x000000d0   Code   RO         1419    i.NVIC_Init         misc.o
    0x08003a04   0x08003a04   0x00000060   Code   RO         1420    i.NVIC_PriorityGroupConfig  misc.o
    0x08003a64   0x08003a64   0x000001c4   Code   RO         7466    i.PREDICTTORi_Check_Task_Sequence  ttrd2-19a-t0401a-v001b_predicttor_i.o
    0x08003c28   0x08003c28   0x0000001c   Code   RO         7467    i.PREDICTTORi_Init  ttrd2-19a-t0401a-v001b_predicttor_i.o
    0x08003c44   0x08003c44   0x0000002c   Code   RO         7097    i.PROCESSOR_Change_MoSt  ttrd2-19a-t0401a-v001b_processor.o
    0x08003c70   0x08003c70   0x000004fc   Code   RO         7098    i.PROCESSOR_Configure_Reqd_MoSt  ttrd2-19a-t0401a-v001b_processor.o
    0x0800416c   0x0800416c   0x00000024   Code   RO         7099    i.PROCESSOR_Get_MoSt  ttrd2-19a-t0401a-v001b_processor.o
    0x08004190   0x08004190   0x00000068   Code   RO         7100    i.PROCESSOR_Identify_Reqd_MoSt  ttrd2-19a-t0401a-v001b_processor.o
    0x080041f8   0x080041f8   0x0000000c   Code   RO         7101    i.PROCESSOR_Init    ttrd2-19a-t0401a-v001b_processor.o
    0x08004204   0x08004204   0x0000006c   Code   RO         7102    i.PROCESSOR_Perform_Safe_Shutdown  ttrd2-19a-t0401a-v001b_processor.o
    0x08004270   0x08004270   0x00000020   Code   RO         7103    i.PROCESSOR_Retrieve_PFC  ttrd2-19a-t0401a-v001b_processor.o
    0x08004290   0x08004290   0x00000020   Code   RO         7104    i.PROCESSOR_Retrieve_Reqd_MoSt  ttrd2-19a-t0401a-v001b_processor.o
    0x080042b0   0x080042b0   0x00000014   Code   RO         7105    i.PROCESSOR_Set_MoSt  ttrd2-19a-t0401a-v001b_processor.o
    0x080042c4   0x080042c4   0x00000034   Code   RO         7106    i.PROCESSOR_Store_PFC  ttrd2-19a-t0401a-v001b_processor.o
    0x080042f8   0x080042f8   0x00000038   Code   RO         7107    i.PROCESSOR_Store_Reqd_MoSt  ttrd2-19a-t0401a-v001b_processor.o
    0x08004330   0x08004330   0x00000020   Code   RO          733    i.PROCESSOR_TASK_Init  ttrd2-19a-t0401a-v001b_processor_task.o
    0x08004350   0x08004350   0x00000020   Code   RO          734    i.PROCESSOR_TASK_Retrieve_State  ttrd2-19a-t0401a-v001b_processor_task.o
    0x08004370   0x08004370   0x00000034   Code   RO          735    i.PROCESSOR_TASK_Store_State  ttrd2-19a-t0401a-v001b_processor_task.o
    0x080043a4   0x080043a4   0x000000dc   Code   RO          736    i.PROCESSOR_TASK_Update  ttrd2-19a-t0401a-v001b_processor_task.o
    0x08004480   0x08004480   0x00000048   Code   RO         4038    i.PWR_BackupAccessCmd  stm32f4xx_pwr.o
    0x080044c8   0x080044c8   0x00000048   Code   RO         4039    i.PWR_BackupRegulatorCmd  stm32f4xx_pwr.o
    0x08004510   0x08004510   0x00000078   Code   RO         4173    i.RCC_AHB1PeriphClockCmd  stm32f4xx_rcc.o
    0x08004588   0x08004588   0x00000074   Code   RO         4182    i.RCC_APB1PeriphClockCmd  stm32f4xx_rcc.o
    0x080045fc   0x080045fc   0x00000078   Code   RO         4185    i.RCC_APB2PeriphClockCmd  stm32f4xx_rcc.o
    0x08004674   0x08004674   0x00000014   Code   RO         4190    i.RCC_ClearFlag     stm32f4xx_rcc.o
    0x08004688   0x08004688   0x000000e8   Code   RO         4194    i.RCC_GetClocksFreq  stm32f4xx_rcc.o
    0x08004770   0x08004770   0x000000b4   Code   RO         4195    i.RCC_GetFlagStatus  stm32f4xx_rcc.o
    0x08004824   0x08004824   0x0000007c   Code   RO         6509    i.REG_CONFIG_CHECKS_ADC1_Check  ttrd2-05a-t0401a-v001a_reg_conf_chk_adc1.o
    0x080048a0   0x080048a0   0x00000044   Code   RO         6510    i.REG_CONFIG_CHECKS_ADC1_Store  ttrd2-05a-t0401a-v001a_reg_conf_chk_adc1.o
    0x080048e4   0x080048e4   0x000002a0   Code   RO         6656    i.REG_CONFIG_CHECKS_GPIO_Check  ttrd2-05a-t0401a-v001a_reg_conf_chk_gpio.o
    0x08004b84   0x08004b84   0x00000194   Code   RO         6657    i.REG_CONFIG_CHECKS_GPIO_Store  ttrd2-05a-t0401a-v001a_reg_conf_chk_gpio.o
    0x08004d18   0x08004d18   0x0000014c   Code   RO         6720    i.REG_CONFIG_CHECKS_UART_Check  ttrd2-05a-t0401a-v001a_reg_conf_chk_uart.o
    0x08004e64   0x08004e64   0x000000cc   Code   RO         6721    i.REG_CONFIG_CHECKS_UART_Store  ttrd2-05a-t0401a-v001a_reg_conf_chk_uart.o
    0x08004f30   0x08004f30   0x000002a0   Code   RO         6688    i.REG_CONFIG_TIMER_Check  ttrd2-05a-t0401a-v001a_reg_conf_chk_timer.o
    0x080051d0   0x080051d0   0x000001e8   Code   RO         6689    i.REG_CONFIG_TIMER_Store  ttrd2-05a-t0401a-v001a_reg_conf_chk_timer.o
    0x080053b8   0x080053b8   0x00000044   Code   RO         6944    i.REPORT_PFC_Init   ttrd2-04a-t0401a-v001a_pfc_reporting.o
    0x080053fc   0x080053fc   0x00000098   Code   RO         6945    i.REPORT_PFC_Update  ttrd2-04a-t0401a-v001a_pfc_reporting.o
    0x08005494   0x08005494   0x00000016   Code   RO         4580    i.RTC_Bcd2ToByte    stm32f4xx_rtc.o
    0x080054aa   0x080054aa   0x0000001c   Code   RO         4582    i.RTC_ByteToBcd2    stm32f4xx_rtc.o
    0x080054c6   0x080054c6   0x00000002   PAD
    0x080054c8   0x080054c8   0x00000050   Code   RO         4592    i.RTC_EnterInitMode  stm32f4xx_rtc.o
    0x08005518   0x08005518   0x00000014   Code   RO         4593    i.RTC_ExitInitMode  stm32f4xx_rtc.o
    0x0800552c   0x0800552c   0x00000088   Code   RO         4596    i.RTC_GetDate       stm32f4xx_rtc.o
    0x080055b4   0x080055b4   0x0000008c   Code   RO         4601    i.RTC_GetTime       stm32f4xx_rtc.o
    0x08005640   0x08005640   0x000001b4   Code   RO         4612    i.RTC_SetDate       stm32f4xx_rtc.o
    0x080057f4   0x080057f4   0x000001d4   Code   RO         4613    i.RTC_SetTime       stm32f4xx_rtc.o
    0x080059c8   0x080059c8   0x00000060   Code   RO         4629    i.RTC_WaitForSynchro  stm32f4xx_rtc.o
    0x08005a28   0x08005a28   0x00000030   Code   RO         7239    i.RTT_05a_Scheduler_Osc_Test_Update  ttrd2-19a-t0401a-v001b_run_time_tests.o
    0x08005a58   0x08005a58   0x00000028   Code   RO         7240    i.RTT_05b_Scheduler_Osc_Test_Update  ttrd2-19a-t0401a-v001b_run_time_tests.o
    0x08005a80   0x08005a80   0x0000004c   Code   RO         7241    i.RTT_06a_MoniTTor_Overrun_Test_Update  ttrd2-19a-t0401a-v001b_run_time_tests.o
    0x08005acc   0x08005acc   0x00000044   Code   RO         7242    i.RTT_06b_MoniTTor_Underrun_Test_Update  ttrd2-19a-t0401a-v001b_run_time_tests.o
    0x08005b10   0x08005b10   0x00000024   Code   RO         7243    i.RTT_07_PredicTTor_Test_Update  ttrd2-19a-t0401a-v001b_run_time_tests.o
    0x08005b34   0x08005b34   0x0000007c   Code   RO         7244    i.RTT_Startup_04_WDT_Check  ttrd2-19a-t0401a-v001b_run_time_tests.o
    0x08005bb0   0x08005bb0   0x00000008   Code   RO          884    i.SCHEDULE_SERVICES_Update  schedule_services_task.o
    0x08005bb8   0x08005bb8   0x00000100   Code   RO         7506    i.SCH_Add_Task      ttrd2-19a-t0401a-v001c_scheduler.o
    0x08005cb8   0x08005cb8   0x0000019c   Code   RO         7507    i.SCH_Dispatch_Tasks  ttrd2-19a-t0401a-v001c_scheduler.o
    0x08005e54   0x08005e54   0x000000ec   Code   RO         7508    i.SCH_Init_Microseconds  ttrd2-19a-t0401a-v001c_scheduler.o
    0x08005f40   0x08005f40   0x00000058   Code   RO         7509    i.SCH_Set_Interrupt_Priority_Levels  ttrd2-19a-t0401a-v001c_scheduler.o
    0x08005f98   0x08005f98   0x00000022   Code   RO         7510    i.SCH_Start         ttrd2-19a-t0401a-v001c_scheduler.o
    0x08005fba   0x08005fba   0x00000002   PAD
    0x08005fbc   0x08005fbc   0x00000050   Code   RO         5108    i.SDIO_ClearITPendingBit  stm32f4xx_sdio.o
    0x0800600c   0x0800600c   0x000000d0   Code   RO         5120    i.SDIO_GetITStatus  stm32f4xx_sdio.o
    0x080060dc   0x080060dc   0x00000008   Code   RO         9815    i.SDIO_IRQHandler   fatfs_sd_sdio.o
    0x080060e4   0x080060e4   0x00000028   Code   RO         9834    i.SD_ProcessDMAIRQ  fatfs_sd_sdio.o
    0x0800610c   0x0800610c   0x000000b4   Code   RO         9835    i.SD_ProcessIRQSrc  fatfs_sd_sdio.o
    0x080061c0   0x080061c0   0x00000024   Code   RO          605    i.SWITCH_BUTTON1_Get_State  ttrd2-05a-t0401a-v001a_switch_task.o
    0x080061e4   0x080061e4   0x00000048   Code   RO          606    i.SWITCH_BUTTON1_Init  ttrd2-05a-t0401a-v001a_switch_task.o
    0x0800622c   0x0800622c   0x000000ec   Code   RO         6752    i.SetSysClock       system_stm32f4xx.o
    0x08006318   0x08006318   0x00000024   Code   RO         7302    i.SysTick_Handler   ttrd2-18a-t0401a-v001a_monittor_i.o
    0x0800633c   0x0800633c   0x00000068   Code   RO         6754    i.SystemInit        system_stm32f4xx.o
    0x080063a4   0x080063a4   0x00000050   Code   RO         7511    i.TIM2_IRQHandler   ttrd2-19a-t0401a-v001c_scheduler.o
    0x080063f4   0x080063f4   0x00000028   Code   RO          210    i.TIMEOUT_T3_USEC_Get_Timer_State  ttrd2-05a-t0401a-v001a_timeout_t3.o
    0x0800641c   0x0800641c   0x00000034   Code   RO          211    i.TIMEOUT_T3_USEC_Init  ttrd2-05a-t0401a-v001a_timeout_t3.o
    0x08006450   0x08006450   0x00000020   Code   RO          212    i.TIMEOUT_T3_USEC_Start  ttrd2-05a-t0401a-v001a_timeout_t3.o
    0x08006470   0x08006470   0x000000c8   Code   RO         5564    i.TIM_ClearITPendingBit  stm32f4xx_tim.o
    0x08006538   0x08006538   0x000000ec   Code   RO         5569    i.TIM_Cmd           stm32f4xx_tim.o
    0x08006624   0x08006624   0x000000c4   Code   RO         5588    i.TIM_GetCounter    stm32f4xx_tim.o
    0x080066e8   0x080066e8   0x000000fc   Code   RO         5594    i.TIM_ITConfig      stm32f4xx_tim.o
    0x080067e4   0x080067e4   0x000000c8   Code   RO         5635    i.TIM_SetCounter    stm32f4xx_tim.o
    0x080068ac   0x080068ac   0x00000174   Code   RO         5641    i.TIM_TimeBaseInit  stm32f4xx_tim.o
    0x08006a20   0x08006a20   0x00000012   Code   RO         5642    i.TIM_TimeBaseStructInit  stm32f4xx_tim.o
    0x08006a32   0x08006a32   0x00000002   PAD
    0x08006a34   0x08006a34   0x0000008c   Code   RO          643    i.UART2_BUF_O_Check_Data_Integrity  ttrd2-05a-t0401a-v001a_uart2_buff_o_task.o
    0x08006ac0   0x08006ac0   0x000000c4   Code   RO          644    i.UART2_BUF_O_Init  ttrd2-05a-t0401a-v001a_uart2_buff_o_task.o
    0x08006b84   0x08006b84   0x00000064   Code   RO          645    i.UART2_BUF_O_Send_All_Data  ttrd2-05a-t0401a-v001a_uart2_buff_o_task.o
    0x08006be8   0x08006be8   0x0000003c   Code   RO          646    i.UART2_BUF_O_Send_Char  ttrd2-05a-t0401a-v001a_uart2_buff_o_task.o
    0x08006c24   0x08006c24   0x00000068   Code   RO          647    i.UART2_BUF_O_Update  ttrd2-05a-t0401a-v001a_uart2_buff_o_task.o
    0x08006c8c   0x08006c8c   0x00000044   Code   RO          648    i.UART2_BUF_O_Write_Char_To_Buffer  ttrd2-05a-t0401a-v001a_uart2_buff_o_task.o
    0x08006cd0   0x08006cd0   0x00000056   Code   RO          650    i.UART2_BUF_O_Write_Number03_To_Buffer  ttrd2-05a-t0401a-v001a_uart2_buff_o_task.o
    0x08006d26   0x08006d26   0x0000006e   Code   RO          651    i.UART2_BUF_O_Write_Number04_To_Buffer  ttrd2-05a-t0401a-v001a_uart2_buff_o_task.o
    0x08006d94   0x08006d94   0x000000f4   Code   RO          652    i.UART2_BUF_O_Write_Number10_To_Buffer  ttrd2-05a-t0401a-v001a_uart2_buff_o_task.o
    0x08006e88   0x08006e88   0x00000018   Code   RO          653    i.UART2_BUF_O_Write_String_To_Buffer  ttrd2-05a-t0401a-v001a_uart2_buff_o_task.o
    0x08006ea0   0x08006ea0   0x00000040   Code   RO          780    i.UART_Init         uart_task.o
    0x08006ee0   0x08006ee0   0x00000020   Code   RO          781    i.UART_Update       uart_task.o
    0x08006f00   0x08006f00   0x000000d4   Code   RO         6119    i.USART_ClearFlag   stm32f4xx_usart.o
    0x08006fd4   0x08006fd4   0x000000b4   Code   RO         6123    i.USART_Cmd         stm32f4xx_usart.o
    0x08007088   0x08007088   0x000000c8   Code   RO         6124    i.USART_DMACmd      stm32f4xx_usart.o
    0x08007150   0x08007150   0x00000100   Code   RO         6126    i.USART_GetFlagStatus  stm32f4xx_usart.o
    0x08007250   0x08007250   0x0000022c   Code   RO         6130    i.USART_Init        stm32f4xx_usart.o
    0x0800747c   0x0800747c   0x000000a4   Code   RO         6140    i.USART_SendData    stm32f4xx_usart.o
    0x08007520   0x08007520   0x00000024   Code   RO          563    i.WATCHDOG_Get_State  ttrd2-05a-t0401a-v001a_iwdt_task.o
    0x08007544   0x08007544   0x00000040   Code   RO          564    i.WATCHDOG_Init     ttrd2-05a-t0401a-v001a_iwdt_task.o
    0x08007584   0x08007584   0x0000001c   Code   RO          565    i.WATCHDOG_Update   ttrd2-05a-t0401a-v001a_iwdt_task.o
    0x080075a0   0x080075a0   0x00000050   Code   RO         6800    i.assert_failed     ttrd2-19a-t0401a-v001a_assert_failed.o
    0x080075f0   0x080075f0   0x0000039c   Code   RO         8106    i.bkup_sram_INIT    obc.o
    0x0800798c   0x0800798c   0x000000f0   Code   RO         8556    i.checkSum          service_utilities.o
    0x08007a7c   0x08007a7c   0x00000068   Code   RO         8392    i.check_existing    scheduling_service.o
    0x08007ae4   0x08007ae4   0x00000090   Code   RO         9204    i.check_fs          ff.o
    0x08007b74   0x08007b74   0x00000014   Code   RO         9205    i.chk_chr           ff.o
    0x08007b88   0x08007b88   0x0000008c   Code   RO         9206    i.chk_lock          ff.o
    0x08007c14   0x08007c14   0x00000010   Code   RO         7681    i.clear_ext_wod     housekeeping.o
    0x08007c24   0x08007c24   0x00000030   Code   RO         9207    i.clear_lock        ff.o
    0x08007c54   0x08007c54   0x0000001a   Code   RO         9208    i.clust2sect        ff.o
    0x08007c6e   0x08007c6e   0x00000014   Code   RO         8557    i.cnv16_8           service_utilities.o
    0x08007c82   0x08007c82   0x0000001e   Code   RO         8558    i.cnv32_8           service_utilities.o
    0x08007ca0   0x08007ca0   0x00000016   Code   RO         8559    i.cnv8_16           service_utilities.o
    0x08007cb6   0x08007cb6   0x00000016   Code   RO         8560    i.cnv8_16LE         service_utilities.o
    0x08007ccc   0x08007ccc   0x00000020   Code   RO         8561    i.cnv8_32           service_utilities.o
    0x08007cec   0x08007cec   0x00000038   Code   RO         8564    i.cnvD_8            service_utilities.o
    0x08007d24   0x08007d24   0x00000020   Code   RO         8565    i.cnvF_8            service_utilities.o
    0x08007d44   0x08007d44   0x0000005c   Code   RO         8718    i.cnv_UTC_QB50      time_management_service.o
    0x08007da0   0x08007da0   0x000004b0   Code   RO         8393    i.copy_inner_tc     scheduling_service.o
    0x08008250   0x08008250   0x000000d6   Code   RO         9209    i.create_chain      ff.o
    0x08008326   0x08008326   0x00000002   PAD
    0x08008328   0x08008328   0x00000120   Code   RO         9210    i.create_name       ff.o
    0x08008448   0x08008448   0x00000198   Code   RO         8566    i.crt_pkt           service_utilities.o
    0x080085e0   0x080085e0   0x0000004c   Code   RO         9211    i.dec_lock          ff.o
    0x0800862c   0x0800862c   0x0000005c   Code   RO         9212    i.dir_alloc         ff.o
    0x08008688   0x08008688   0x0000005c   Code   RO         9213    i.dir_find          ff.o
    0x080086e4   0x080086e4   0x0000010e   Code   RO         9214    i.dir_next          ff.o
    0x080087f2   0x080087f2   0x00000072   Code   RO         9215    i.dir_read          ff.o
    0x08008864   0x08008864   0x0000003a   Code   RO         9216    i.dir_register      ff.o
    0x0800889e   0x0800889e   0x00000036   Code   RO         9217    i.dir_remove        ff.o
    0x080088d4   0x080088d4   0x0000009e   Code   RO         9218    i.dir_sdi           ff.o
    0x08008972   0x08008972   0x00000002   PAD
    0x08008974   0x08008974   0x0000002c   Code   RO         8984    i.disk_initialize   diskio.o
    0x080089a0   0x080089a0   0x00000028   Code   RO         8985    i.disk_ioctl        diskio.o
    0x080089c8   0x080089c8   0x00000030   Code   RO         8986    i.disk_read         diskio.o
    0x080089f8   0x080089f8   0x0000001c   Code   RO         8987    i.disk_status       diskio.o
    0x08008a14   0x08008a14   0x00000030   Code   RO         8988    i.disk_write        diskio.o
    0x08008a44   0x08008a44   0x00000088   Code   RO         7570    i.ecss_stats_hk     ecss_stats.o
    0x08008acc   0x08008acc   0x000000bc   Code   RO         8395    i.enable_disable_schedule_apid_release  scheduling_service.o
    0x08008b88   0x08008b88   0x00000028   Code   RO         9219    i.enq_lock          ff.o
    0x08008bb0   0x08008bb0   0x000000ac   Code   RO         7611    i.event_app         event_reporting_service.o
    0x08008c5c   0x08008c5c   0x000000c0   Code   RO         8889    i.export_pkt        upsat.o
    0x08008d1c   0x08008d1c   0x0000002a   Code   RO         9221    i.f_close           ff.o
    0x08008d46   0x08008d46   0x00000024   Code   RO         9222    i.f_closedir        ff.o
    0x08008d6a   0x08008d6a   0x0000019e   Code   RO         9229    i.f_open            ff.o
    0x08008f08   0x08008f08   0x0000008c   Code   RO         9230    i.f_opendir         ff.o
    0x08008f94   0x08008f94   0x000001a0   Code   RO         9234    i.f_read            ff.o
    0x08009134   0x08009134   0x00000058   Code   RO         9235    i.f_readdir         ff.o
    0x0800918c   0x0800918c   0x0000003c   Code   RO         9237    i.f_stat            ff.o
    0x080091c8   0x080091c8   0x000000b0   Code   RO         9238    i.f_sync            ff.o
    0x08009278   0x08009278   0x000000b2   Code   RO         9240    i.f_unlink          ff.o
    0x0800932a   0x0800932a   0x000001d8   Code   RO         9242    i.f_write           ff.o
    0x08009502   0x08009502   0x00000002   PAD
    0x08009504   0x08009504   0x00000038   Code   RO         8396    i.find_schedule_pos  scheduling_service.o
    0x0800953c   0x0800953c   0x0000039c   Code   RO         9243    i.find_volume       ff.o
    0x080098d8   0x080098d8   0x00000090   Code   RO         9244    i.follow_path       ff.o
    0x08009968   0x08009968   0x000000b0   Code   RO         8304    i.free_pkt          pkt_pool.o
    0x08009a18   0x08009a18   0x0000000c   Code   RO         8230    i.getCurrentTick    obc_hsi.o
    0x08009a24   0x08009a24   0x00000010   Code   RO         8110    i.get_boot_counter  obc.o
    0x08009a34   0x08009a34   0x000000f2   Code   RO         9245    i.get_fat           ff.o
    0x08009b26   0x08009b26   0x0000003a   Code   RO         9770    i.get_fattime       fatfs.o
    0x08009b60   0x08009b60   0x000000fc   Code   RO         7934    i.get_filePos       mass_storage_service.o
    0x08009c5c   0x08009c5c   0x0000006e   Code   RO         9246    i.get_fileinfo      ff.o
    0x08009cca   0x08009cca   0x00000002   PAD
    0x08009ccc   0x08009ccc   0x000002f8   Code   RO         7935    i.get_fs_stat       mass_storage_service.o
    0x08009fc4   0x08009fc4   0x00000048   Code   RO         9247    i.get_ldnumber      ff.o
    0x0800a00c   0x0800a00c   0x000000fc   Code   RO         7936    i.get_new_fileId    mass_storage_service.o
    0x0800a108   0x0800a108   0x00000084   Code   RO         8305    i.get_pkt           pkt_pool.o
    0x0800a18c   0x0800a18c   0x0000000c   Code   RO         8111    i.get_reset_source  obc.o
    0x0800a198   0x0800a198   0x0000002a   Code   RO         8720    i.get_time_QB50     time_management_service.o
    0x0800a1c2   0x0800a1c2   0x0000001c   Code   RO         8721    i.get_time_UTC      time_management_service.o
    0x0800a1de   0x0800a1de   0x00000002   PAD
    0x0800a1e0   0x0800a1e0   0x00000010   Code   RO         7683    i.hk_INIT           housekeeping.o
    0x0800a1f0   0x0800a1f0   0x00000128   Code   RO         7900    i.hk_app            housekeeping_service.o
    0x0800a318   0x0800a318   0x00000084   Code   RO         7901    i.hk_crt_empty_pkt_TM  housekeeping_service.o
    0x0800a39c   0x0800a39c   0x00000098   Code   RO         7902    i.hk_crt_pkt_TC     housekeeping_service.o
    0x0800a434   0x0800a434   0x0000002a   Code   RO         7903    i.hk_crt_pkt_TM     housekeeping_service.o
    0x0800a45e   0x0800a45e   0x00000002   PAD
    0x0800a460   0x0800a460   0x00000214   Code   RO         7684    i.hk_parameters_report  housekeeping.o
    0x0800a674   0x0800a674   0x00000d20   Code   RO         7685    i.hk_report_parameters  housekeeping.o
    0x0800b394   0x0800b394   0x000000f4   Code   RO         8891    i.import_pkt        upsat.o
    0x0800b488   0x0800b488   0x000000d8   Code   RO         9248    i.inc_lock          ff.o
    0x0800b560   0x0800b560   0x00000068   Code   RO         8306    i.is_free_pkt       pkt_pool.o
    0x0800b5c8   0x0800b5c8   0x00000020   Code   RO         9249    i.ld_clust          ff.o
    0x0800b5e8   0x0800b5e8   0x00000010   Code   RO            4    i.main              main.o
    0x0800b5f8   0x0800b5f8   0x0000020c   Code   RO         7937    i.mass_storage_app  mass_storage_service.o
    0x0800b804   0x0800b804   0x00000094   Code   RO         7938    i.mass_storage_crtPkt  mass_storage_service.o
    0x0800b898   0x0800b898   0x0000014c   Code   RO         7939    i.mass_storage_delete_api  mass_storage_service.o
    0x0800b9e4   0x0800b9e4   0x0000021c   Code   RO         7941    i.mass_storage_downlinkFile  mass_storage_service.o
    0x0800bc00   0x0800bc00   0x000002ec   Code   RO         7942    i.mass_storage_downlink_api  mass_storage_service.o
    0x0800beec   0x0800beec   0x00000228   Code   RO         7944    i.mass_storage_hard_delete  mass_storage_service.o
    0x0800c114   0x0800c114   0x00000318   Code   RO         7946    i.mass_storage_list  mass_storage_service.o
    0x0800c42c   0x0800c42c   0x000001a0   Code   RO         7947    i.mass_storage_list_api  mass_storage_service.o
    0x0800c5cc   0x0800c5cc   0x0000010c   Code   RO         7948    i.mass_storage_report_api  mass_storage_service.o
    0x0800c6d8   0x0800c6d8   0x00000158   Code   RO         7949    i.mass_storage_schedule_load_api  mass_storage_service.o
    0x0800c830   0x0800c830   0x000001f4   Code   RO         7950    i.mass_storage_storeFile  mass_storage_service.o
    0x0800ca24   0x0800ca24   0x0000000a   Code   RO         7951    i.mass_storage_updatePkt  mass_storage_service.o
    0x0800ca2e   0x0800ca2e   0x00000026   Code   RO         9250    i.mem_cmp           ff.o
    0x0800ca54   0x0800ca54   0x0000001a   Code   RO         9251    i.mem_cpy           ff.o
    0x0800ca6e   0x0800ca6e   0x00000014   Code   RO         9252    i.mem_set           ff.o
    0x0800ca82   0x0800ca82   0x00000034   Code   RO         9253    i.move_window       ff.o
    0x0800cab6   0x0800cab6   0x00000002   PAD
    0x0800cab8   0x0800cab8   0x00000014   Code   RO         7952    i.ms_debugging      mass_storage_service.o
    0x0800cacc   0x0800cacc   0x00000048   Code   RO         8397    i.operations_scheduling_reset_schedule_api  scheduling_service.o
    0x0800cb14   0x0800cb14   0x00000284   Code   RO         8569    i.pack_pkt          service_utilities.o
    0x0800cd98   0x0800cd98   0x000002f0   Code   RO         8398    i.parse_sch_packet  scheduling_service.o
    0x0800d088   0x0800d088   0x0000006c   Code   RO         8308    i.pkt_pool_INIT     pkt_pool.o
    0x0800d0f4   0x0800d0f4   0x00000142   Code   RO         9254    i.put_fat           ff.o
    0x0800d236   0x0800d236   0x00000002   PAD
    0x0800d238   0x0800d238   0x00000084   Code   RO         8354    i.queuePeak         queue.o
    0x0800d2bc   0x0800d2bc   0x000000cc   Code   RO         8355    i.queuePop          queue.o
    0x0800d388   0x0800d388   0x000000f0   Code   RO         8356    i.queuePush         queue.o
    0x0800d478   0x0800d478   0x0000006c   Code   RO         8358    i.queue_IDLE        queue.o
    0x0800d4e4   0x0800d4e4   0x00000038   Code   RO         8821    i.recieve_packet    uart_hal.o
    0x0800d51c   0x0800d51c   0x0000006c   Code   RO         9256    i.remove_chain      ff.o
    0x0800d588   0x0800d588   0x0000002a   Code   RO         8722    i.return_time_QB50  time_management_service.o
    0x0800d5b2   0x0800d5b2   0x00000002   PAD
    0x0800d5b4   0x0800d5b4   0x00000210   Code   RO         8113    i.route_pkt         obc.o
    0x0800d7c4   0x0800d7c4   0x00000280   Code   RO         8403    i.scheduling_app    scheduling_service.o
    0x0800da44   0x0800da44   0x00000068   Code   RO         8405    i.scheduling_remove_schedule_api  scheduling_service.o
    0x0800daac   0x0800daac   0x00000098   Code   RO         8407    i.scheduling_service_crt_pkt_TM  scheduling_service.o
    0x0800db44   0x0800db44   0x000002dc   Code   RO         8409    i.scheduling_service_load_schedules  scheduling_service.o
    0x0800de20   0x0800de20   0x00000210   Code   RO         8410    i.scheduling_service_report_detailed  scheduling_service.o
    0x0800e030   0x0800e030   0x0000013c   Code   RO         8411    i.scheduling_service_report_summary  scheduling_service.o
    0x0800e16c   0x0800e16c   0x000003cc   Code   RO         8412    i.scheduling_service_save_schedules  scheduling_service.o
    0x0800e538   0x0800e538   0x0000000c   Code   RO         8114    i.set_reset_source  obc.o
    0x0800e544   0x0800e544   0x00000028   Code   RO         8724    i.set_time_UTC      time_management_service.o
    0x0800e56c   0x0800e56c   0x0000001c   Code   RO         8115    i.sram_hard_delete  obc.o
    0x0800e588   0x0800e588   0x00000010   Code   RO         9257    i.st_clust          ff.o
    0x0800e598   0x0800e598   0x00000014   Code   RO         7571    i.stats_dropped_hldlc  ecss_stats.o
    0x0800e5ac   0x0800e5ac   0x00000014   Code   RO         7572    i.stats_dropped_upack  ecss_stats.o
    0x0800e5c0   0x0800e5c0   0x00000108   Code   RO         7573    i.stats_inbound     ecss_stats.o
    0x0800e6c8   0x0800e6c8   0x0000010c   Code   RO         7574    i.stats_outbound    ecss_stats.o
    0x0800e7d4   0x0800e7d4   0x000000c8   Code   RO         9258    i.sync_fs           ff.o
    0x0800e89c   0x0800e89c   0x00000052   Code   RO         9259    i.sync_window       ff.o
    0x0800e8ee   0x0800e8ee   0x00000002   PAD
    0x0800e8f0   0x0800e8f0   0x00000100   Code   RO         8696    i.test_app          test_service.o
    0x0800e9f0   0x0800e9f0   0x0000008c   Code   RO         8697    i.test_crt_pkt      test_service.o
    0x0800ea7c   0x0800ea7c   0x000006f4   Code   RO         8725    i.time_management_app  time_management_service.o
    0x0800f170   0x0800f170   0x00000098   Code   RO         8727    i.time_management_crt_pkt_TM  time_management_service.o
    0x0800f208   0x0800f208   0x0000009c   Code   RO         8729    i.time_management_report_time_in_qb50  time_management_service.o
    0x0800f2a4   0x0800f2a4   0x000000b8   Code   RO         8730    i.time_management_report_time_in_utc  time_management_service.o
    0x0800f35c   0x0800f35c   0x000000c0   Code   RO         8414    i.time_shift_all_tcs  scheduling_service.o
    0x0800f41c   0x0800f41c   0x00000164   Code   RO         8415    i.time_shift_sel_schedule  scheduling_service.o
    0x0800f580   0x0800f580   0x00000064   Code   RO         8664    i.tst_debugging     services.o
    0x0800f5e4   0x0800f5e4   0x000004e0   Code   RO         8571    i.unpack_pkt        service_utilities.o
    0x0800fac4   0x0800fac4   0x00000020   Code   RO         8231    i.updateCurrentTick  obc_hsi.o
    0x0800fae4   0x0800fae4   0x00000014   Code   RO         8116    i.update_boot_counter  obc.o
    0x0800faf8   0x0800faf8   0x00000028   Code   RO         8117    i.update_comms_boot_counter  obc.o
    0x0800fb20   0x0800fb20   0x00000028   Code   RO         8118    i.update_eps_boot_counter  obc.o
    0x0800fb48   0x0800fb48   0x00000036   Code   RO         9260    i.validate          ff.o
    0x0800fb7e   0x0800fb7e   0x00000002   PAD
    0x0800fb80   0x0800fb80   0x0000018c   Code   RO         8934    i.verification_app  verification_service.o
    0x0800fd0c   0x0800fd0c   0x0000015c   Code   RO         8935    i.verification_crt_pkt  verification_service.o
    0x0800fe68   0x0800fe68   0x0000003c   Code   RO         8119    i.wod_log_load      obc.o
    0x0800fea4   0x0800fea4   0x0000002c   Code   RO        10528    locale$$code        c_w.l(lc_ctype_c.o)
    0x0800fed0   0x0800fed0   0x00000062   Code   RO        10364    x$fpl$d2f           fz_wm.l(d2f.o)
    0x0800ff32   0x0800ff32   0x0000009c   Code   RO        10481    x$fpl$dnaninf       fz_wm.l(dnaninf.o)
    0x0800ffce   0x0800ffce   0x0000000a   Code   RO        10539    x$fpl$fpinit        fz_wm.l(fpinit.o)
    0x0800ffd8   0x0800ffd8   0x0000000a   Code   RO        10485    x$fpl$fretinf       fz_wm.l(fretinf.o)
    0x0800ffe2   0x0800ffe2   0x00000000   Code   RO        10487    x$fpl$usenofp       fz_wm.l(usenofp.o)
    0x0800ffe2   0x0800ffe2   0x00000410   Data   RO         8665    .constdata          services.o
    0x080103f2   0x080103f2   0x00000002   PAD
    0x080103f4   0x080103f4   0x00000528   Data   RO         8732    .constdata          time_management_service.o
    0x0801091c   0x0801091c   0x000000ac   Data   RO         9262    .constdata          ff.o
    0x080109c8   0x080109c8   0x0000005b   Data   RO         7904    .conststring        housekeeping_service.o
    0x08010a23   0x08010a23   0x00000001   PAD
    0x08010a24   0x08010a24   0x000002dd   Data   RO         7954    .conststring        mass_storage_service.o
    0x08010d01   0x08010d01   0x00000003   PAD
    0x08010d04   0x08010d04   0x00000092   Data   RO         8418    .conststring        scheduling_service.o
    0x08010d96   0x08010d96   0x00000002   PAD
    0x08010d98   0x08010d98   0x000000ab   Data   RO         8572    .conststring        service_utilities.o
    0x08010e43   0x08010e43   0x00000001   PAD
    0x08010e44   0x08010e44   0x00000050   Data   RO         8698    .conststring        test_service.o
    0x08010e94   0x08010e94   0x000000ea   Data   RO         8733    .conststring        time_management_service.o
    0x08010f7e   0x08010f7e   0x00000002   PAD
    0x08010f80   0x08010f80   0x0000005d   Data   RO         8936    .conststring        verification_service.o
    0x08010fdd   0x08010fdd   0x00000003   PAD
    0x08010fe0   0x08010fe0   0x00000020   Data   RO        10632    Region$$Table       anon$$obj.o
    0x08011000   0x08011000   0x00000110   Data   RO        10527    locale$$data        c_w.l(lc_ctype_c.o)


    Execution Region RW_IRAM1 (Exec base: 0x20000000, Load base: 0x08011110, Size: 0x000145f0, Max: 0x00020000, ABSOLUTE, COMPRESSED[0x000000b4])

    Exec Addr    Load Addr    Size         Type   Attr      Idx    E Section Name        Object

    0x20000000   COMPRESSED   0x00000014   Data   RW          367    .data               ttrd2-05a-t0401a-v001a_adc_task.o
    0x20000014   COMPRESSED   0x0000000c   Data   RW          527    .data               ttrd2-05a-t0401a-v001a_heartbeat_sw_task.o
    0x20000020   COMPRESSED   0x0000000c   Data   RW          566    .data               ttrd2-05a-t0401a-v001a_iwdt_task.o
    0x2000002c   COMPRESSED   0x00000014   Data   RW          608    .data               ttrd2-05a-t0401a-v001a_switch_task.o
    0x20000040   COMPRESSED   0x0000001c   Data   RW          655    .data               ttrd2-05a-t0401a-v001a_uart2_buff_o_task.o
    0x2000005c   COMPRESSED   0x0000000c   Data   RW          737    .data               ttrd2-19a-t0401a-v001b_processor_task.o
    0x20000068   COMPRESSED   0x00000008   Data   RW          924    .data               eps_health_rep_task.o
    0x20000070   COMPRESSED   0x00000008   Data   RW          966    .data               comms_health_rep_task.o
    0x20000078   COMPRESSED   0x00000008   Data   RW         1001    .data               comms_wod_rep_task.o
    0x20000080   COMPRESSED   0x00000008   Data   RW         1036    .data               eps_exhealth_rep_task.o
    0x20000088   COMPRESSED   0x00000008   Data   RW         1071    .data               adcs_exhealth_rep_task.o
    0x20000090   COMPRESSED   0x00000008   Data   RW         1106    .data               comms_exhealth_rep_task.o
    0x20000098   COMPRESSED   0x00000008   Data   RW         1141    .data               comms_ext_wod_rep_task.o
    0x200000a0   COMPRESSED   0x00000018   Data   RW         1223    .data               eps_comm_task.o
    0x200000b8   COMPRESSED   0x00000018   Data   RW         1328    .data               comms_comm_task.o
    0x200000d0   COMPRESSED   0x00000010   Data   RW         4226    .data               stm32f4xx_rcc.o
    0x200000e0   COMPRESSED   0x00000014   Data   RW         6511    .data               ttrd2-05a-t0401a-v001a_reg_conf_chk_adc1.o
    0x200000f4   COMPRESSED   0x00000068   Data   RW         6658    .data               ttrd2-05a-t0401a-v001a_reg_conf_chk_gpio.o
    0x2000015c   COMPRESSED   0x00000088   Data   RW         6690    .data               ttrd2-05a-t0401a-v001a_reg_conf_chk_timer.o
    0x200001e4   COMPRESSED   0x00000034   Data   RW         6722    .data               ttrd2-05a-t0401a-v001a_reg_conf_chk_uart.o
    0x20000218   COMPRESSED   0x00000014   Data   RW         6755    .data               system_stm32f4xx.o
    0x2000022c   COMPRESSED   0x0000000c   Data   RW         6946    .data               ttrd2-04a-t0401a-v001a_pfc_reporting.o
    0x20000238   COMPRESSED   0x00000008   Data   RW         7108    .data               ttrd2-19a-t0401a-v001b_processor.o
    0x20000240   COMPRESSED   0x0000002c   Data   RW         7245    .data               ttrd2-19a-t0401a-v001b_run_time_tests.o
    0x2000026c   COMPRESSED   0x00000014   Data   RW         7303    .data               ttrd2-18a-t0401a-v001a_monittor_i.o
    0x20000280   COMPRESSED   0x00000120   Data   RW         7468    .data               ttrd2-19a-t0401a-v001b_predicttor_i.o
    0x200003a0   COMPRESSED   0x0000000c   Data   RW         7513    .data               ttrd2-19a-t0401a-v001c_scheduler.o
    0x200003ac   COMPRESSED   0x0000000e   Data   RW         7687    .data               housekeeping.o
    0x200003ba   COMPRESSED   0x00000002   PAD
    0x200003bc   COMPRESSED   0x00000238   Data   RW         7955    .data               mass_storage_service.o
    0x200005f4   COMPRESSED   0x0000000e   Data   RW         8122    .data               obc.o
    0x20000602   COMPRESSED   0x00000002   PAD
    0x20000604   COMPRESSED   0x0000000a   Data   RW         8232    .data               obc_hsi.o
    0x2000060e   COMPRESSED   0x00000008   Data   RW         8573    .data               service_utilities.o
    0x20000616   COMPRESSED   0x00000004   Data   RW         8666    .data               services.o
    0x2000061a   COMPRESSED   0x00000002   PAD
    0x2000061c   COMPRESSED   0x00000006   Data   RW         9263    .data               ff.o
    0x20000622   COMPRESSED   0x00000002   PAD
    0x20000624   COMPRESSED   0x00000019   Data   RW         9860    .data               fatfs_sd_sdio.o
    0x2000063d   COMPRESSED   0x00000003   PAD
    0x20000640        -       0x000003e8   Zero   RW          654    .bss                ttrd2-05a-t0401a-v001a_uart2_buff_o_task.o
    0x20000a28        -       0x000009f0   Zero   RW         1222    .bss                eps_comm_task.o
    0x20001418        -       0x000009f0   Zero   RW         1327    .bss                comms_comm_task.o
    0x20001e08        -       0x00000258   Zero   RW         7512    .bss                ttrd2-19a-t0401a-v001c_scheduler.o
    0x20002060        -       0x00000104   Zero   RW         7575    .bss                ecss_stats.o
    0x20002164        -       0x000001e0   Zero   RW         7686    .bss                housekeeping.o
    0x20002344        -       0x0000dcb8   Zero   RW         8120    .bss                obc.o
    0x2000fffc        -       0x00002eb0   Zero   RW         8309    .bss                pkt_pool.o
    0x20012eac        -       0x000000fc   Zero   RW         8359    .bss                queue.o
    0x20012fa8        -       0x00000fd0   Zero   RW         8417    .bss                scheduling_service.o
    0x20013f78        -       0x0000000c   Zero   RW         9261    .bss                ff.o
    0x20013f84        -       0x0000000c   Zero   RW        10150    .bss                ff_gen_drv.o
    0x20013f90        -       0x00000060   Zero   RW        10491    .bss                c_w.l(libspace.o)
    0x20013ff0        -       0x00000200   Zero   RW         6791    HEAP                startup_stm32f407xx.o
    0x200141f0        -       0x00000400   Zero   RW         6790    STACK               startup_stm32f407xx.o


==============================================================================

Image component sizes


      Code (inc. data)   RO Data    RW Data    ZI Data      Debug   Object Name

       104         14          0          0          0       1184   adc1_task.o
        48         12          0          8          0        912   adcs_exhealth_rep_task.o
      1668        408          0         24       2544       9075   comms_comm_task.o
        52         12          0          8          0        925   comms_exhealth_rep_task.o
        52         10          0          8          0        920   comms_ext_wod_rep_task.o
        48         10          0          8          0        911   comms_health_rep_task.o
        48         10          0          8          0        892   comms_wod_rep_task.o
       208         24          0          0          0       6705   diskio.o
       708        270          0          0        260       4633   ecss_stats.o
      1712        446          0         24       2544       8961   eps_comm_task.o
        48         10          0          8          0        907   eps_exhealth_rep_task.o
        56         10          0          8          0       1476   eps_health_rep_task.o
       172         90          0          0          0       1276   event_reporting_service.o
        58          0          0          0          0        566   fatfs.o
       236         22          0         25          0      12932   fatfs_sd_sdio.o
      6514         72        172          6         12      39742   ff.o
         0          0          0          0         12        251   ff_gen_drv.o
       788        242          0          0          0       2314   hldlc.o
      3976        448          0         14        480      12667   housekeeping.o
       622        248         91          0          0       3791   housekeeping_service.o
        28          4          0          0          0        562   idle_task.o
        16          0          0          0          0      15249   main.o
      6458       1878        733        568          0      23587   mass_storage_service.o
       304         86          0          0          0     331215   misc.o
      1680        580          0         14      56504       8764   obc.o
       324         14          0         10          0       6610   obc_hsi.o
       520         96          0          0      11952       3975   pkt_pool.o
       684         36          0          0        252       3636   queue.o
         8          4          0          0          0        579   schedule_services_task.o
      6364       1392        146          0       4048      16953   scheduling_service.o
      2754        996        171          8          0       9763   service_utilities.o
       100         40       1040          4          0       1726   services.o
        64         26        392          0       1536        900   startup_stm32f407xx.o
      2020        474          0          0          0       9259   stm32f4xx_adc.o
      2374        370          0          0          0       7460   stm32f4xx_dma.o
      1248        336          0          0          0       3703   stm32f4xx_gpio.o
       144         90          0          0          0       1267   stm32f4xx_pwr.o
       788        216          0         16          0       6511   stm32f4xx_rcc.o
      1426        214          0          0          0       7480   stm32f4xx_rtc.o
       288         94          0          0          0       1412   stm32f4xx_sdio.o
      1474        556          0          0          0       5767   stm32f4xx_tim.o
      1568        440          0          0          0       5509   stm32f4xx_usart.o
       340         32          0         20          0       2065   system_stm32f4xx.o
       396        160         80          0          0       1982   test_service.o
      2516        640       1554          0          0       8151   time_management_service.o
       220         32          0         12          0     238470   ttrd2-04a-t0401a-v001a_pfc_reporting.o
       564         68          0         20          0     272045   ttrd2-05a-t0401a-v001a_adc_task.o
       168         28          0         12          0       1662   ttrd2-05a-t0401a-v001a_heartbeat_sw_task.o
       128         36          0         12          0       2688   ttrd2-05a-t0401a-v001a_iwdt_task.o
       192         52          0         20          0     230658   ttrd2-05a-t0401a-v001a_reg_conf_chk_adc1.o
      1076        258          0        104          0       2710   ttrd2-05a-t0401a-v001a_reg_conf_chk_gpio.o
      1160        320          0        136          0       3390   ttrd2-05a-t0401a-v001a_reg_conf_chk_timer.o
       536        122          0         52          0       2810   ttrd2-05a-t0401a-v001a_reg_conf_chk_uart.o
       108         26          0         20          0       2269   ttrd2-05a-t0401a-v001a_switch_task.o
       124         20          0          0          0      22281   ttrd2-05a-t0401a-v001a_timeout_t3.o
      1132        162          0         28       1000       8396   ttrd2-05a-t0401a-v001a_uart2_buff_o_task.o
       468         60          0         20          0     282017   ttrd2-18a-t0401a-v001a_monittor_i.o
        80         32          0          0          0       1176   ttrd2-19a-t0401a-v001a_assert_failed.o
       480         74          0        288          0       3056   ttrd2-19a-t0401a-v001b_predicttor_i.o
      1772        522          0          8          0      35669   ttrd2-19a-t0401a-v001b_processor.o
       336         48          0         12          0       3494   ttrd2-19a-t0401a-v001b_processor_task.o
       392         72          0         44          0       5150   ttrd2-19a-t0401a-v001b_run_time_tests.o
      1106         70          0         12        600      32177   ttrd2-19a-t0401a-v001c_scheduler.o
       440         72          0          0          0       3773   uart_hal.o
        96          6          0          0          0       1178   uart_task.o
       436         92          0          0          0       2406   upsat.o
       744        272         93          0          0       2386   verification_service.o

    ----------------------------------------------------------------------
     62792      13576       4518       1600      81744    1754986   Object Totals
         0          0         32          0          0          0   (incl. Generated)
        30          0         14         11          0          0   (incl. Padding)

    ----------------------------------------------------------------------

      Code (inc. data)   RO Data    RW Data    ZI Data      Debug   Library Member Name

        90          0          0          0          0          0   __dczerorl2.o
         8          0          0          0          0         68   __main.o
       104          0          0          0          0         84   __printf.o
         0          0          0          0          0          0   __rtentry.o
        12          0          0          0          0          0   __rtentry2.o
         6          0          0          0          0          0   __rtentry4.o
        52          8          0          0          0          0   __scatter.o
        28          0          0          0          0          0   __scatter_zi.o
        28          0          0          0          0         68   _chval.o
        44          0          0          0          0        108   _printf_char.o
        48          6          0          0          0         96   _printf_char_common.o
         6          0          0          0          0          0   _printf_d.o
       120         16          0          0          0         92   _printf_dec.o
       178          0          0          0          0         88   _printf_intcommon.o
         0          0          0          0          0          0   _printf_percent.o
         4          0          0          0          0          0   _printf_percent_end.o
         6          0          0          0          0          0   _printf_s.o
        82          0          0          0          0         80   _printf_str.o
        16          0          0          0          0         68   _snputc.o
        10          0          0          0          0         68   _sputc.o
       158          0          0          0          0         92   _strtoul.o
        18          0          0          0          0         80   exit.o
         6          0          0          0          0        152   heapauxi.o
         0          0          0          0          0          0   indicate_semi.o
        44         10        272          0          0         76   lc_ctype_c.o
         2          0          0          0          0          0   libinit.o
        24          0          0          0          0          0   libinit2.o
         2          0          0          0          0          0   libshutdown.o
         2          0          0          0          0          0   libshutdown2.o
         8          4          0          0         96         68   libspace.o
        52          4          0          0          0         84   noretval__2snprintf.o
        40          6          0          0          0         84   noretval__2sprintf.o
        16          4          0          0          0         76   rt_ctype_table.o
         8          4          0          0          0         68   rt_errno_addr_intlibspace.o
         8          4          0          0          0         68   rt_locale_intlibspace.o
        68          0          0          0          0         68   rt_memclr.o
        78          0          0          0          0         80   rt_memclr_w.o
       138          0          0          0          0         68   rt_memcpy_v6.o
       100          0          0          0          0         80   rt_memcpy_w.o
         2          0          0          0          0          0   rtexit.o
        10          0          0          0          0          0   rtexit2.o
       128          0          0          0          0         68   strcmpv7m.o
        86          0          0          0          0         76   strncpy.o
       112          0          0          0          0         88   strtol.o
        12          4          0          0          0         68   sys_exit.o
        74          0          0          0          0         80   sys_stackheap_outer.o
         2          0          0          0          0         68   use_no_semi.o
        98          4          0          0          0        140   d2f.o
       156          4          0          0          0        140   dnaninf.o
        10          0          0          0          0        116   fpinit.o
        10          0          0          0          0        116   fretinf.o
         0          0          0          0          0          0   usenofp.o

    ----------------------------------------------------------------------
      2322         78        272          0         96       2924   Library Totals
         8          0          0          0          0          0   (incl. Padding)

    ----------------------------------------------------------------------

      Code (inc. data)   RO Data    RW Data    ZI Data      Debug   Library Name

      2040         70        272          0         96       2412   c_w.l
       274          8          0          0          0        512   fz_wm.l

    ----------------------------------------------------------------------
      2322         78        272          0         96       2924   Library Totals

    ----------------------------------------------------------------------

==============================================================================


      Code (inc. data)   RO Data    RW Data    ZI Data      Debug   

     65114      13654       4790       1600      81840    1724858   Grand Totals
     65114      13654       4790        180      81840    1724858   ELF Image Totals (compressed)
     65114      13654       4790        180          0          0   ROM Totals

==============================================================================

    Total RO  Size (Code + RO Data)                69904 (  68.27kB)
    Total RW  Size (RW Data + ZI Data)             83440 (  81.48kB)
    Total ROM Size (Code + RO Data + RW Data)      70084 (  68.44kB)

==============================================================================

