<html>
<body>
<pre>
<h1>µVision Build Log</h1>
<h2>Tool Versions:</h2>
IDE-Version: µVision V5.35.0.0
Copyright (C) 2021 ARM Ltd and ARM Germany GmbH. All rights reserved.
License Information: Abdelaziz Maher, none, LIC=----
 
Tool Versions:
Toolchain:       MDK-Lite  Version: 5.35.0.2
Toolchain Path:  C:\Keil_v5\ARM\ARMCC\Bin
C Compiler:      Armcc.exe V5.06 update 7 (build 960)
Assembler:       Armasm.exe V5.06 update 7 (build 960)
Linker/Locator:  ArmLink.exe V5.06 update 7 (build 960)
Library Manager: ArmAr.exe V5.06 update 7 (build 960)
Hex Converter:   FromElf.exe V5.06 update 7 (build 960)
CPU DLL:         SARMCM3.DLL V5.35.0.2
Dialog DLL:      DCM.DLL V1.17.3.0
Target DLL:      STLink\ST-LINKIII-KEIL_SWO.dll V3.0.9.0
Dialog DLL:      TCM.DLL V1.53.0.0
 
<h2>Project:</h2>
C:\Users\Abdel\OneDrive\Documents\KeilWorkspace\New folder\ttrd2-19a-t0401a-v001c - rtc-sch-se\project\ttrd_eres02.uvprojx
Project File Date:  01/10/2022

<h2>Output:</h2>
*** Using Compiler 'V5.06 update 7 (build 960)', folder: 'C:\Keil_v5\ARM\ARMCC\Bin'
Build target 'STM32F407VGTx'
compiling HELLOWORLD_TRANSMIT_task.c...
..\source\tasks\HELLOWORLD_TRANSMIT_task.c(66): warning:  #1295-D: Deprecated declaration print_time_date - give arg types
  void print_time_date();
..\source\tasks\HELLOWORLD_TRANSMIT_task.c(67): warning:  #1295-D: Deprecated declaration return_time_QB50 - give arg types
  uint32_t return_time_QB50();
..\source\tasks\HELLOWORLD_TRANSMIT_task.c(64): warning:  #177-D: function "GPIO_Config"  was declared but never referenced
  static void GPIO_Config(void);
..\source\tasks\HELLOWORLD_TRANSMIT_task.c(65): warning:  #177-D: function "USART_Config"  was declared but never referenced
  static void USART_Config(void);
..\source\tasks\HELLOWORLD_TRANSMIT_task.c: 4 warnings, 0 errors
linking...
Program Size: Code=20172 RO-data=1764 RW-data=1064 ZI-data=2968  
".\Objects\TTRD-ERES2.axf" - 0 Error(s), 4 Warning(s).

<h2>Software Packages used:</h2>

Package Vendor: Keil
                http://www.keil.com/pack/Keil.STM32F4xx_DFP.2.15.0.pack
                Keil.STM32F4xx_DFP.2.15.0
                STMicroelectronics STM32F4 Series Device Support, Drivers and Examples

<h2>Collection of Component include folders:</h2>
  C:\Keil_v5\ARM\PACK\Keil\STM32F4xx_DFP\2.15.0\Drivers\CMSIS\Device\ST\STM32F4xx\Include

<h2>Collection of Component Files used:</h2>
Build Time Elapsed:  00:00:02
</pre>
</body>
</html>
